02-26 16:50:44.444  1488  1488 W Keyboard: Keyboard.getKeyboardViewHelper():597 null helper is returned: keyboardDef=kze{processedConditions={}, globalConditions={global_theme_key=theme_!gsf_!pgsans_!pgsf_!use_system_font_BORDER=true_FLAVOR_DPI=XXHDPI_KEYBOARD_WIDTH_CATEGORY=NORMAL_LIGHT_THEME=true_PHYSICAL_DIAGONAL=6.1297245_SCREEN_SHORTEST_WIDTH=411_SCREEN_SHORTEST_WIDTH_NO_SCALE=411_bottom4dp_enable_google_fonts_icons=true_enable_popup_on_keypress=true_keyboard_redesign_google_sans=true_noshadow_overlay_builtin_dynamic_color_light_base.binarypb:gm3-light-fffaf8ff-ff495d92-82b625f90d810779661adb8ce93b5ac5_silkpopup_unify_function_key_color=true, global_locale=en_US, global_density_dpi=420, global_orientation=1}, className=.latin.keyboard.AccessoryKeyboard, resourceIds=[#0x7f170044], initialStates=0, keyboardViewDefs=[kzt{direction=null, id=#0x7f0b0166, isScalable=false, layoutId=#0x7f0e002d, type=FLOATING_CANDIDATES, touchable=true, defaultShow=false}], persistentStates=0, persistentStatesPrefKey=null, popupBubbleLayoutId=#0x7f0e05ce, recentKeyLayoutId=0, recentKeyPopupLayoutId=0, recentKeyType=null, rememberRecentKey=NONE, sessionStates=0}, type=BODY, helpersCreated=[null, null, kkl@c252ca5, null], context.getResources().getConfiguration(): {1.0 310mcc260mnc [en_US] ldltr sw411dp w411dp h914dp 420dpi nrml long port finger qwerty/v/v dpad/v winConfig={ mBounds=Rect(0, 0 - 1080, 2400) mAppBounds=Rect(0, 0 - 1080, 2400) mMaxBounds=Rect(0, 0 - 1080, 2400) mDisplayRotation=ROTATION_0 mWindowingMode=fullscreen mActivityType=undefined mAlwaysOnTop=undefined mRotation=ROTATION_0} s.9 fontWeightAdjustment=0}
02-26 16:50:44.446  1488  1488 I AndroidIME: InputBundleManager.startInput():361 startInput() with kzp[keyboardType=accessory, payload=null]
02-26 16:50:44.447  1488  1488 I GlobeKeyExtension: GlobeKeyExtension.onActivate():70 
02-26 16:50:44.449  1488  1488 I CrowdsourceExtension: CrowdsourceExtension.checkIfDefaultBrowserIsAllowed():109 Failed to get default browser. The default browser may be deactivated.
02-26 16:50:44.449  1488  1488 I NewLanguagePromptExtension: NewLanguagePromptExtension.onActivate():186 Not activated NewLanguagePromptExtension: not a normal text input box.
02-26 16:50:44.449  1488  1488 I HardKeyTracker: HardKeyTracker.unregisterKeySequence():182 Unregister key sequence lsr{labelResId=2132020165, callback=cbb@1830c75, lastModifier=2, keyCodes=[56], actions=[0]}
02-26 16:50:44.449  1488  1488 I HardKeyTracker: HardKeyTracker.unregisterKeySequence():182 Unregister key sequence lsr{labelResId=2132020165, callback=cbb@af2e298, lastModifier=0, keyCodes=[317], actions=[0]}
02-26 16:50:44.449  1488  1488 I HardKeyTracker: HardKeyTracker.registerKeySequence():138 Register key sequence lsr{labelResId=2132020165, callback=cbb@87bb819, lastModifier=2, keyCodes=[56], actions=[0]}
02-26 16:50:44.449  1488  1488 I HardKeyTracker: HardKeyTracker.registerKeySequence():138 Register key sequence lsr{labelResId=2132020165, callback=cbb@5e4ad8c, lastModifier=0, keyCodes=[317], actions=[0]}
02-26 16:50:44.449  1488  1488 I VoiceInputManagerWrapper: VoiceInputManagerWrapper.cancelShutdown():100 cancelShutdown()
02-26 16:50:44.450  1488  1488 I VoiceInputManagerWrapper: VoiceInputManagerWrapper.syncLanguagePacks():112 syncLanguagePacks()
02-26 16:50:44.450  1488  1488 I VoiceInputManager: VoiceInputManager.onKeyboardActivated():1023 onKeyboardActivated() [UD]
02-26 16:50:44.450  1488  4162 I SpeechFactory: SpeechRecognitionFactory.maybeScheduleAutoPackDownloadForFallback():161 maybeScheduleAutoPackDownloadForFallback()
02-26 16:50:44.450  1488  4162 I FallbackOnDeviceRecognitionProvider: FallbackOnDeviceRecognitionProvider.maybeScheduleAutoPackDownload():198 maybeScheduleAutoPackDownload() for language tag en-US
02-26 16:50:44.461   551  4063 W AudioFlinger: createTrack_l(): mismatch between requested flags (00000004) and output flags (00000002)
02-26 16:50:44.464   551  4063 I AF::PthrPatchRecord: creating track with enforcement level 0
02-26 16:50:44.466   551  4063 W AF::TrackHandle: OpPlayAudio: not muting track:56 usage:13 for service UID 1000
02-26 16:50:44.473  1488  1488 I AccessoryInputModeManager: AccessoryInputModeManager.onModeStarted():322 Accessory input mode started: PK
02-26 16:50:44.473  1488  1488 W ExtensionWrapper: ExtensionWrapper.setAllowUpdateNavigationBarStyle():810 class iio is not activate
02-26 16:50:44.473  1488  1488 I WidgetViewShowingController: WidgetViewShowingController.showWidgetKeyboardInternal():524 Show companion widget
02-26 16:50:44.477   734  2318 W AS.PlaybackActivityMon: No piid assigned for invalid/internal port id 16
02-26 16:50:44.483  1488  1488 W ExtensionWrapper: ExtensionWrapper.setAllowUpdateNavigationBarStyle():810 class iio is not activate
02-26 16:50:44.483  1488  1488 I WidgetViewShowingPositionHandler: WidgetViewShowingPositionHandler.updateAvailableArea():194 update available area Rect(21, 84 - 1059, 2333)
02-26 16:50:44.484  1488  1488 I KeyboardHeightUtil: KeyboardHeightUtil.calculateMaxKeyboardBodyHeight():46 leave 281 height for app when ime window height:2274, header height:116 and isFullscreenMode:false, so the max keyboard body height is:1877
02-26 16:50:44.484  1488  1488 I KeyboardHeightUtil: KeyboardHeightUtil.calculateMaxKeyboardBodyHeight():46 leave 281 height for app when ime window height:2274, header height:116 and isFullscreenMode:false, so the max keyboard body height is:1877
02-26 16:50:44.484  1488  1488 W ExtensionWrapper: ExtensionWrapper.setExtensionViewVisibility():801 interface koa is not activate
02-26 16:50:44.485  1488  1488 I Module  : DeviceLockedStatusModuleProvider$Module.updateDeviceLockedStatus():100 repeatCheckTimes = 1, locked = false
02-26 16:50:44.485  1488  1488 I HardKeyTracker: HardKeyTracker.unregisterKeySequence():182 Unregister key sequence lsr{labelResId=2132020169, callback=cbb@66d809e, lastModifier=2, keyCodes=[48], actions=[0]}
02-26 16:50:44.485  1488  1488 I HardKeyTracker: HardKeyTracker.registerKeySequence():138 Register key sequence lsr{labelResId=2132020169, callback=cbb@bb491bc, lastModifier=2, keyCodes=[48], actions=[0]}
02-26 16:50:44.485  1488  1488 I CurrentMicStatusHolder: CurrentMicStatusHolder.onStartInputView():81 Current Mic status = {MicIconHidden-PasswordOrNumberOrDateInputType,}
02-26 16:50:44.486  1488  1488 I StylusModule: StylusModule.onUpdateToolType():801 Update tool type = 0
02-26 16:50:44.486   734  1284 D CoreBackPreview: Window{6fb9663 u0 com.example.proyectofinal/com.example.proyectofinal.LoginActivity}: Setting back callback OnBackInvokedCallbackInfo{mCallback=android.window.IOnBackInvokedCallback$Stub$Proxy@70d3211, mPriority=0, mIsAnimationCallback=true, mOverrideBehavior=0}
02-26 16:50:44.487  1488  1488 I WindowMetricsNotification: WindowMetricsNotification.notifyWithWindow():166 
02-26 16:50:44.487  1488  1488 I WindowMetricsNotification: WindowMetricsNotification.notify():159 mub[bounds=Rect(0, 63 - 1080, 2400), insets=Rect(0, 0 - 0, 63), densityDpi=420, smallestScreenWidthDp=411, displayWidth=1080, displayHeight=2400, xdpi=420.0, ydpi=420.0, isTrustable=true, displayId=0]; DisplayMetrics{density=2.625, width=1080, height=2400, scaledDensity=2.625, xdpi=420.0, ydpi=420.0}
02-26 16:50:44.489  1488  1488 I GoogleInputMethodService: GoogleInputMethodService$1.onKeyboardViewShown():312 onKeyboardViewShown: keyboardType=accessory, keyboardViewType=HEADER keyboardView=null
02-26 16:50:44.489  1488  1488 I GoogleInputMethodService: GoogleInputMethodService$1.onKeyboardViewShown():312 onKeyboardViewShown: keyboardType=accessory, keyboardViewType=BODY keyboardView=null
02-26 16:50:44.637  1336  1363 I IPCThreadState: oneway function results for code 1 on binder at 0x7c271768f520 will be dropped but finished with status UNKNOWN_TRANSACTION and reply parcel size 80
02-26 16:50:44.942  1488  1488 I StylusModule: StylusModule.onUpdateToolType():801 Update tool type = 0
02-26 16:50:45.060  1488  1488 I StylusModule: StylusModule.onUpdateToolType():801 Update tool type = 0
02-26 16:50:45.119  1488  1488 I StylusModule: StylusModule.onUpdateToolType():801 Update tool type = 0
02-26 16:50:45.184  1488  1488 I StylusModule: StylusModule.onUpdateToolType():801 Update tool type = 0
02-26 16:50:45.259  1488  1488 I StylusModule: StylusModule.onUpdateToolType():801 Update tool type = 0
02-26 16:50:45.340  1488  1488 I StylusModule: StylusModule.onUpdateToolType():801 Update tool type = 0
02-26 16:50:46.458   734  1849 W AS.PlaybackActivityMon: No piid assigned for invalid/internal port id 16
02-26 16:50:46.473   551   655 D AudioFlinger: mixer(0x7158aea4e770) throttle end: throttle time(36)
02-26 16:50:47.068   734  1737 V GrammaticalInflectionUtils: AttributionSource: android.content.AttributionSource@92f8b73e does not have READ_SYSTEM_GRAMMATICAL_GENDER permission.
02-26 16:50:47.068   734  1737 W OptProp : Cannot read opt property android.window.PROPERTY_COMPAT_ALLOW_USER_ASPECT_RATIO_OVERRIDE
02-26 16:50:47.068   734  1737 W OptProp : Cannot read opt property android.window.PROPERTY_COMPAT_ALLOW_USER_ASPECT_RATIO_FULLSCREEN_OVERRIDE
02-26 16:50:47.068   734  1737 W OptProp : Cannot read opt property android.window.PROPERTY_COMPAT_ALLOW_RESIZEABLE_ACTIVITY_OVERRIDES
02-26 16:50:47.068   734  1737 W OptProp : Cannot read opt property android.window.PROPERTY_COMPAT_ALLOW_MIN_ASPECT_RATIO_OVERRIDE
02-26 16:50:47.069   734  1737 D CompatChangeReporter: Compat change id reported: 358129114; UID 10218; state: ENABLED
02-26 16:50:47.070   734  1737 W OptProp : Cannot read opt property android.window.PROPERTY_COMPAT_ALLOW_ORIENTATION_OVERRIDE
02-26 16:50:47.073   734  1737 I ActivityTaskManager: START u0 {xflg=0x4 cmp=com.example.proyectofinal/.MainActivity (has extras)} with LAUNCH_MULTIPLE from uid 10218 (sr=249019925) (BAL_ALLOW_VISIBLE_WINDOW) result code=0
02-26 16:50:47.073  1014  1116 V WindowManagerShell: Transition requested (#49): android.os.BinderProxy@3689d17 TransitionRequestInfo { type = OPEN, triggerTask = TaskInfo{userId=0 taskId=61 effectiveUid=10218 displayId=0 isRunning=true baseIntent=Intent { act=android.intent.action.MAIN cat=[android.intent.category.LAUNCHER] flg=0x10000000 cmp=com.example.proyectofinal/.LoginActivity } baseActivity=ComponentInfo{com.example.proyectofinal/com.example.proyectofinal.LoginActivity} topActivity=ComponentInfo{com.example.proyectofinal/com.example.proyectofinal.MainActivity} origActivity=null realActivity=ComponentInfo{com.example.proyectofinal/com.example.proyectofinal.LoginActivity} numActivities=2 lastActiveTime=1181189 supportsMultiWindow=true resizeMode=1 isResizeable=true minWidth=-1 minHeight=-1 defaultMinSize=220 token=WCT{android.window.IWindowContainerToken$Stub$Proxy@a321504} topActivityType=1 pictureInPictureParams=null shouldDockBigOverlays=false launchIntoPipHostTaskId=-1 lastParentTaskIdBeforePip=-1 displayCutoutSafeInsets=Rect(0, 0 - 0, 0) topActivityInfo=ActivityInfo{ed25aed com.example.proyectofinal.MainActivity} launchCookies=[] positionInParent=Point(0, 0) parentTaskId=-1 isFocused=true isVisible=true isVisibleRequested=true isTopActivityNoDisplay=false isSleeping=false locusId=null displayAreaFeatureId=1 isTopActivityTransparent=false isActivityStackTransparent=false lastNonFullscreenBounds=Rect(284, 660 - 796, 1740) capturedLink=null capturedLinkTimestamp=0 requestedVisibleTypes=-9 topActivityRequestOpenInBrowserEducationTimestamp=0 appCompatTaskInfo=AppCompatTaskInfo { topActivityInSizeCompat=false eligibleForLetterboxEducation= false isLetterboxEducationEnabled= true isLetterboxDoubleTapEnabled= false eligibleForUserAspectRatioButton= false topActivityBoundsLetterboxed= false isFromLetterboxDoubleTap= false topActivityLetterboxVerticalPosition= -1 topActivityLetterboxHorizontalPosition= -1 topActivityLetterboxWidth=-1 topActivityLetterboxHeight=-1 topActivityAppBounds=Rect(0, 0 - 1080, 2400) isUserFullscreenOverrideEnabled=false isSystemFullscreenOverrideEnabled=false hasMinAspectRatioOverride=false topActivityLetterboxBounds=null cameraCompatTaskInfo=CameraCompatTaskInfo { freeformCameraCompatMode=inactive}} topActivityMainWindowFrame=null}, pipChange = null, remoteTransition = null, displayChange = null, flags = 0, debugId = 49 }
02-26 16:50:47.073   555   633 I BpBinder: onLastStrongRef automatically unlinking death recipients: 
02-26 16:50:47.075  1014  1116 D ShellSplitScreen: logExit: no-op, mLoggerSessionId is null
02-26 16:50:47.083   555   555 I BpBinder: onLastStrongRef automatically unlinking death recipients: 
02-26 16:50:47.083   734   965 D BackgroundInstallControlService: Package event received: 0
02-26 16:50:47.083   734  1284 W OptProp : Cannot read opt property android.window.PROPERTY_COMPAT_ENABLE_FAKE_FOCUS
02-26 16:50:47.089   734   965 D BackgroundInstallControlService: Package event received: 0
02-26 16:50:47.089   734   965 D BackgroundInstallControlService: Package event received: 0
02-26 16:50:47.096  5722  5722 V Configuration: Updating configuration, locales updated from [en_US] to [en]
02-26 16:50:47.097  5722  5722 I e.proyectofinal: AssetManager2(0x7c25d76415f8) locale list changing from [] to [en-US]
02-26 16:50:47.097  5722  5722 V Configuration: Updating configuration, locales updated from [] to [en]
02-26 16:50:47.140  5722  5722 W HWUI    : Image decoding logging dropped!
02-26 16:50:47.148  5722  5722 W HWUI    : Image decoding logging dropped!
02-26 16:50:47.152  5722  5722 W HWUI    : Image decoding logging dropped!
02-26 16:50:47.154  5722  5722 W HWUI    : Image decoding logging dropped!
02-26 16:50:47.168  1756  1756 D BoundBrokerSvc: onUnbind: Intent { act=com.google.android.gms.feedback.internal.IFeedbackService dat=chimera-action:/... xflg=0x4 cmp=com.google.android.gms/.chimera.GmsBoundBrokerService }
02-26 16:50:47.182  5722  5722 W HWUI    : Image decoding logging dropped!
02-26 16:50:47.189  5722  5722 W HWUI    : Image decoding logging dropped!
02-26 16:50:47.229   734  1284 D CoreBackPreview: Window{3949613 u0 com.example.proyectofinal/com.example.proyectofinal.MainActivity}: Setting back callback OnBackInvokedCallbackInfo{mCallback=android.window.IOnBackInvokedCallback$Stub$Proxy@c1b1249, mPriority=-1, mIsAnimationCallback=false, mOverrideBehavior=0}
02-26 16:50:47.248  1014  1116 D WindowManagerShell: onKeepClearAreasChanged: restricted={}, unrestricted={}
02-26 16:50:47.275  1014  1116 D WindowManagerShell: onKeepClearAreasChanged: restricted={}, unrestricted={Rect(0, 2337 - 1080, 2400)}
02-26 16:50:47.310  5722  5722 W HWUI    : Image decoding logging dropped!
02-26 16:50:47.317  5722  5722 W HWUI    : Image decoding logging dropped!
02-26 16:50:47.324  5722  5722 W HWUI    : Image decoding logging dropped!
02-26 16:50:47.330  5722  5722 W HWUI    : Image decoding logging dropped!
02-26 16:50:47.474   734   765 I ActivityTaskManager: Displayed com.example.proyectofinal/.MainActivity for user 0: +403ms
02-26 16:50:47.476  1014  1030 V WindowManagerShell: onTransitionReady(transaction=3152505996933)
02-26 16:50:47.477  1014  1116 V WindowManagerShell: onTransitionReady (#49) android.os.BinderProxy@3689d17: {id=49 t=OPEN f=0x0 trk=0 r=[0@Point(0, 0)] c=[
02-26 16:50:47.477  1014  1116 V WindowManagerShell:         {m=OPEN f=FILLS_TASK leash=Surface(name=ActivityRecord{153475447 u0 com.example.proyectofinal/.MainActivity)/@0x7931d22 sb=Rect(0, 0 - 0, 0) eb=Rect(0, 0 - 1080, 2400) epz=Point(1080, 2400) d=-1->0 r=-1->0:-1 bc=fffef7ff component=com.example.proyectofinal/.MainActivity opt={t=FROM_STYLE mUserId=0}},
02-26 16:50:47.477  1014  1116 V WindowManagerShell:         {m=CLOSE f=FILLS_TASK leash=Surface(name=ActivityRecord{249019925 u0 com.example.proyectofinal/.LoginActivity)/@0x6cff3b3 sb=Rect(0, 0 - 1080, 2400) eb=Rect(0, 0 - 1080, 2400) epz=Point(1080, 2400) d=0 bc=fffef7ff component=com.example.proyectofinal/.LoginActivity opt={t=FROM_STYLE mUserId=0}}
02-26 16:50:47.477  1014  1116 V WindowManagerShell:     ]}
02-26 16:50:47.477  1014  1116 V WindowManagerShell: Playing animation for (#49) android.os.BinderProxy@3689d17@0
02-26 16:50:47.477  1014  1116 V ShellRecents: RecentsTransitionHandler.startAnimation: no controller found
02-26 16:50:47.477  1014  1116 V WindowManagerShell: Transition doesn't have explicit remote, search filters for match for {id=49 t=OPEN f=0x0 trk=0 r=[0@Point(0, 0)] c=[{m=OPEN f=FILLS_TASK leash=Surface(name=ActivityRecord{153475447 u0 com.example.proyectofinal/.MainActivity)/@0x7931d22 sb=Rect(0, 0 - 0, 0) eb=Rect(0, 0 - 1080, 2400) epz=Point(1080, 2400) d=-1->0 r=-1->0:-1 bc=fffef7ff component=com.example.proyectofinal/.MainActivity opt={t=FROM_STYLE mUserId=0}},{m=CLOSE f=FILLS_TASK leash=Surface(name=ActivityRecord{249019925 u0 com.example.proyectofinal/.LoginActivity)/@0x6cff3b3 sb=Rect(0, 0 - 1080, 2400) eb=Rect(0, 0 - 1080, 2400) epz=Point(1080, 2400) d=0 bc=fffef7ff component=com.example.proyectofinal/.LoginActivity opt={t=FROM_STYLE mUserId=0}}]}
02-26 16:50:47.478  1014  1116 V WindowManagerShell:  Checking filter Pair{{types=[] flags=0x0] notFlags=0x0 checks=[{atype=undefined independent=true modes=[CLOSE,TO_BACK] flags=IN_TASK_WITH_EMBEDDED_ACTIVITY mustBeTask=false order=ANY topActivity=null launchCookie=null taskFragmentToken=android.os.BinderProxy@64589c8 windowingMode=undefined}]} RemoteTransition { remoteTransition = android.window.IRemoteTransition$Stub$Proxy@446ca61, appThread = android.app.IApplicationThread$Stub$Proxy@bd3e986, debugName = overlayBackTransition }}
02-26 16:50:47.478  1014  1116 V WindowManagerShell:  Checking filter Pair{{types=[] flags=0x0] notFlags=0x0 checks=[{atype=dream independent=true modes=[OPEN,TO_FRONT] flags=NONE mustBeTask=false order=ANY topActivity=null launchCookie=null windowingMode=undefined},{atype=home independent=true modes=[CLOSE,TO_BACK] flags=NONE mustBeTask=false order=ANY topActivity=null launchCookie=null windowingMode=undefined}]} RemoteTransition { remoteTransition = android.window.IRemoteTransition$Stub$Proxy@e057247, appThread = android.app.IApplicationThread$Stub$Proxy@b0d7a74, debugName = LauncherToDream }}
02-26 16:50:47.478  1014  1116 V WindowManagerShell:  Checking filter Pair{{types=[] flags=0x0] notFlags=0x100 checks=[{atype=home independent=true modes=[OPEN,TO_FRONT] flags=NONE mustBeTask=false order=TOP topActivity=ComponentInfo{com.google.android.apps.nexuslauncher/com.google.android.apps.nexuslauncher.NexusLauncherActivity} launchCookie=null windowingMode=undefined},{atype=standard independent=true modes=[CLOSE,TO_BACK] flags=NONE mustBeTask=false order=ANY topActivity=null launchCookie=null windowingMode=undefined},{NOT atype=undefined independent=true modes=[] flags=NONE mustBeTask=true order=ANY topActivity=null launchCookie=null customAnim=true windowingMode=undefined}]} RemoteTransition { remoteTransition = android.window.IRemoteTransition$Stub$Proxy@9c4ab9d, appThread = android.app.IApplicationThread$Stub$Proxy@d751812, debugName = QuickstepLaunchHome }}
02-26 16:50:47.478  1014  1116 V WindowManagerShell:  Delegate animation for (#49) to null
02-26 16:50:47.478  1014  1116 V WindowManagerShell: start default transition animation, info = {id=49 t=OPEN f=0x0 trk=0 r=[0@Point(0, 0)] c=[{m=OPEN f=FILLS_TASK leash=Surface(name=ActivityRecord{153475447 u0 com.example.proyectofinal/.MainActivity)/@0x7931d22 sb=Rect(0, 0 - 0, 0) eb=Rect(0, 0 - 1080, 2400) epz=Point(1080, 2400) d=-1->0 r=-1->0:-1 bc=fffef7ff component=com.example.proyectofinal/.MainActivity opt={t=FROM_STYLE mUserId=0}},{m=CLOSE f=FILLS_TASK leash=Surface(name=ActivityRecord{249019925 u0 com.example.proyectofinal/.LoginActivity)/@0x6cff3b3 sb=Rect(0, 0 - 1080, 2400) eb=Rect(0, 0 - 1080, 2400) epz=Point(1080, 2400) d=0 bc=fffef7ff component=com.example.proyectofinal/.LoginActivity opt={t=FROM_STYLE mUserId=0}}]}
02-26 16:50:47.480  1014  1116 V WindowManagerShell: loadAnimation: anim=android.view.animation.AnimationSet@e55009c animAttr=0x5 type=OPEN isEntrance=false
02-26 16:50:47.480  1014  1116 V WindowManagerShell: loadAnimation: anim=android.view.animation.AnimationSet@1bc262b animAttr=0x4 type=OPEN isEntrance=true
02-26 16:50:47.483   734   765 V WindowManager: Sent Transition (#49) createdAt=02-26 16:50:47.069 via request=TransitionRequestInfo { type = OPEN, triggerTask = TaskInfo{userId=0 taskId=61 effectiveUid=10218 displayId=0 isRunning=true baseIntent=Intent { act=android.intent.action.MAIN cat=[android.intent.category.LAUNCHER] flg=0x10000000 cmp=com.example.proyectofinal/.LoginActivity } baseActivity=ComponentInfo{com.example.proyectofinal/com.example.proyectofinal.LoginActivity} topActivity=ComponentInfo{com.example.proyectofinal/com.example.proyectofinal.MainActivity} origActivity=null realActivity=ComponentInfo{com.example.proyectofinal/com.example.proyectofinal.LoginActivity} numActivities=2 lastActiveTime=1181189 supportsMultiWindow=true resizeMode=1 isResizeable=true minWidth=-1 minHeight=-1 defaultMinSize=220 token=WCT{RemoteToken{365e08a Task{704852a #61 type=standard A=10218:com.example.proyectofinal}}} topActivityType=1 pictureInPictureParams=null shouldDockBigOverlays=false launchIntoPipHostTaskId=-1 lastParentTaskIdBeforePip=-1 displayCutoutSafeInsets=Rect(0, 0 - 0, 0) topActivityInfo=ActivityInfo{e3f6968 com.example.proyectofinal.MainActivity} launchCookies=[] positionInParent=Point(0, 0) parentTaskId=-1 isFocused=true isVisible=true isVisibleRequested=true isTopActivityNoDisplay=false isSleeping=false locusId=null displayAreaFeatureId=1 isTopActivityTransparent=false isActivityStackTransparent=false lastNonFullscreenBounds=Rect(284, 660 - 796, 1740) capturedLink=null capturedLinkTimestamp=0 requestedVisibleTypes=-9 topActivityRequestOpenInBrowserEducationTimestamp=0 appCompatTaskInfo=AppCompatTaskInfo { topActivityInSizeCompat=false eligibleForLetterboxEducation= false isLetterboxEducationEnabled= true isLetterboxDoubleTapEnabled= false eligibleForUserAspectRatioButton= false topActivityBoundsLetterboxed= false isFromLetterboxDoubleTap= false topActivityLetterboxVerticalPosition= -1 topActivityLetterboxHorizontalPosition= -1 topActivityLetterboxWidth=-1 topActivityLetterboxHeight=-1 topActivityAppBounds=Rect(0, 0 - 1080, 2400) isUserFullscreenOverrideEnabled=false isSystemFullscreenOverrideEnabled=false hasMinAspectRatioOverride=false topActivityLetterboxBounds=null cameraCompatTaskInfo=CameraCompatTaskInfo { freeformCameraCompatMode=inactive}} topActivityMainWindowFrame=null}, pipChange = null, remoteTransition = null, displayChange = null, flags = 0, debugId = 49 }
02-26 16:50:47.483   734   765 V WindowManager:     startWCT=WindowContainerTransaction { changes= {} hops= [] errorCallbackToken=null taskFragmentOrganizer=null }
02-26 16:50:47.483   734   765 V WindowManager:     info={id=49 t=OPEN f=0x0 trk=0 r=[0@Point(0, 0)] c=[
02-26 16:50:47.483   734   765 V WindowManager:         {m=OPEN f=FILLS_TASK leash=Surface(name=ActivityRecord{153475447 u0 com.example.proyectofinal/.MainActivity)/@0xdf98a05 sb=Rect(0, 0 - 0, 0) eb=Rect(0, 0 - 1080, 2400) epz=Point(1080, 2400) d=-1->0 r=-1->0:-1 bc=fffef7ff component=com.example.proyectofinal/.MainActivity opt={t=FROM_STYLE mUserId=0}},
02-26 16:50:47.483   734   765 V WindowManager:         {m=CLOSE f=FILLS_TASK leash=Surface(name=ActivityRecord{249019925 u0 com.example.proyectofinal/.LoginActivity)/@0x7604731 sb=Rect(0, 0 - 1080, 2400) eb=Rect(0, 0 - 1080, 2400) epz=Point(1080, 2400) d=0 bc=fffef7ff component=com.example.proyectofinal/.LoginActivity opt={t=FROM_STYLE mUserId=0}}
02-26 16:50:47.483   734   765 V WindowManager:     ]}
02-26 16:50:47.485  1014  1116 V WindowManagerShell:  animated by com.android.wm.shell.transition.DefaultTransitionHandler@349a431
02-26 16:50:47.495  5722  5722 I ImeTracker: com.example.proyectofinal:11afc559: onCancelled at PHASE_CLIENT_ON_CONTROLS_CHANGED
02-26 16:50:47.587   734   768 W IPCThreadState: Sending oneway calls to frozen process.
02-26 16:50:47.587   734   768 W IPCThreadState: Sending oneway calls to frozen process.
02-26 16:50:47.587   734   768 W IPCThreadState: Sending oneway calls to frozen process.
02-26 16:50:47.587   734   768 W IPCThreadState: Sending oneway calls to frozen process.
02-26 16:50:47.587   734   768 W IPCThreadState: Sending oneway calls to frozen process.
02-26 16:50:47.587   734   768 W IPCThreadState: Sending oneway calls to frozen process.
02-26 16:50:47.587   734   768 W IPCThreadState: Sending oneway calls to frozen process.
02-26 16:50:47.587   734   768 W IPCThreadState: Sending oneway calls to frozen process.
02-26 16:50:47.587   734   768 W IPCThreadState: Sending oneway calls to frozen process.
02-26 16:50:47.587   734   768 W IPCThreadState: Sending oneway calls to frozen process.
02-26 16:50:47.587   734   768 W IPCThreadState: Sending oneway calls to frozen process.
02-26 16:50:47.587   734   768 W IPCThreadState: Sending oneway calls to frozen process.
02-26 16:50:47.587   734   768 W IPCThreadState: Sending oneway calls to frozen process.
02-26 16:50:47.587   734   768 W IPCThreadState: Sending oneway calls to frozen process.
02-26 16:50:47.587   734   768 W IPCThreadState: Sending oneway calls to frozen process.
02-26 16:50:47.587   734   768 W IPCThreadState: Sending oneway calls to frozen process.
02-26 16:50:47.587   734   768 W IPCThreadState: Sending oneway calls to frozen process.
02-26 16:50:47.587   734   768 W IPCThreadState: Sending oneway calls to frozen process.
02-26 16:50:47.587   734   768 W IPCThreadState: Sending oneway calls to frozen process.
02-26 16:50:47.587   734   768 W IPCThreadState: Sending oneway calls to frozen process.
02-26 16:50:47.587   734   768 W IPCThreadState: Sending oneway calls to frozen process.
02-26 16:50:47.587   734   768 W IPCThreadState: Sending oneway calls to frozen process.
02-26 16:50:47.587   734   768 W IPCThreadState: Sending oneway calls to frozen process.
02-26 16:50:47.587   734   768 W IPCThreadState: Sending oneway calls to frozen process.
02-26 16:50:47.587   734   768 W IPCThreadState: Sending oneway calls to frozen process.
02-26 16:50:47.590  5722  5722 W WindowOnBackDispatcher: sendCancelIfRunning: isInProgress=false callback=android.view.ImeBackAnimationController@91db4fb
02-26 16:50:47.592   734  1849 D CoreBackPreview: Window{6fb9663 u0 com.example.proyectofinal/com.example.proyectofinal.LoginActivity}: Setting back callback OnBackInvokedCallbackInfo{mCallback=android.window.IOnBackInvokedCallback$Stub$Proxy@18dc181, mPriority=-1, mIsAnimationCallback=false, mOverrideBehavior=0}
02-26 16:50:47.592   734  1849 D CoreBackPreview: Window{3949613 u0 com.example.proyectofinal/com.example.proyectofinal.MainActivity}: Setting back callback OnBackInvokedCallbackInfo{mCallback=android.window.IOnBackInvokedCallback$Stub$Proxy@516e226, mPriority=0, mIsAnimationCallback=true, mOverrideBehavior=0}
02-26 16:50:47.594   734   870 I ImeTracker: com.example.proyectofinal:90c256fa: onRequestHide at ORIGIN_SERVER reason HIDE_UNSPECIFIED_WINDOW fromUser false
02-26 16:50:47.595  5722  5722 D InsetsController: hide(ime(), fromIme=false)
02-26 16:50:47.595  5722  5722 I ImeTracker: com.example.proyectofinal:90c256fa: onCancelled at PHASE_CLIENT_ALREADY_HIDDEN
02-26 16:50:47.597  1488  1488 I GoogleInputMethodService: GoogleInputMethodService.onFinishInputView():1524 
02-26 16:50:47.597  1488  1488 I GlobeKeyExtension: GlobeKeyExtension.onDeactivate():104 
02-26 16:50:47.597   734  1737 I ImeTracker: system_server:1b1c54b3: onRequestHide at ORIGIN_SERVER reason IME_REQUESTED_CHANGED_LISTENER fromUser false
02-26 16:50:47.598  1488  1488 I VoiceInputManagerWrapper: VoiceInputManagerWrapper.shutdown():122 shutdown()
02-26 16:50:47.599  1488  1488 W ExtensionWrapper: ExtensionWrapper.setAllowUpdateNavigationBarStyle():810 class iio is not activate
02-26 16:50:47.602  1488  1488 W ExtensionWrapper: ExtensionWrapper.setAllowUpdateNavigationBarStyle():810 class iio is not activate
02-26 16:50:47.603  1488  1488 W TooltipLifecycleManager: TooltipLifecycleManager.dismissTooltips():154 Tooltip with id spell_check_add_to_dictionary not found in tooltipManager.
02-26 16:50:47.604  1488  1488 I AndroidIME: AbstractIme.onDeactivate():203 PasswordIme.onDeactivate()
02-26 16:50:47.604  1014  1116 D WindowManagerShell: onKeepClearAreasChanged: restricted={}, unrestricted={}
02-26 16:50:47.606  1488  1488 I GoogleInputMethodService: GoogleInputMethodService.onFinishInput():2043 
02-26 16:50:47.618   734   769 I ImeTracker: system_server:12e8863e: onRequestShow at ORIGIN_SERVER reason CONTROLS_CHANGED fromUser false
02-26 16:50:47.619  5722  5722 W RemoteInputConnectionImpl: requestCursorUpdates on inactive InputConnection
02-26 16:50:47.621  1488  1488 I Module  : DeviceLockedStatusModuleProvider$Module.updateDeviceLockedStatus():100 repeatCheckTimes = 0, locked = false
02-26 16:50:47.622  1488  1488 I GoogleInputMethodService: GoogleInputMethodService.onStartInput():1293 onStartInput(EditorInfo{EditorInfo{packageName=com.example.proyectofinal, inputType=0, inputTypeString=NULL, enableLearning=false, autoCorrection=false, autoComplete=false, imeOptions=0, privateImeOptions=null, actionName=UNSPECIFIED, actionLabel=null, initialSelStart=-1, initialSelEnd=-1, initialCapsMode=0, label=null, fieldId=0, fieldName=null, extras=null, hintText=null, hintLocales=[]}}, false)
02-26 16:50:47.624  1488  1488 I Module  : DeviceLockedStatusModuleProvider$Module.updateDeviceLockedStatus():100 repeatCheckTimes = 1, locked = false
02-26 16:50:47.625  1488  1488 I HardKeyTracker: HardKeyTracker.registerKeySequence():138 Register key sequence lsr{labelResId=0, callback=fjq@1a817fd, lastModifier=0, keyCodes=[57, 57], actions=[1, 0]}
02-26 16:50:47.625  1488  1488 I HardKeyTracker: HardKeyTracker.registerKeySequence():138 Register key sequence lsr{labelResId=0, callback=fjq@b03e9c0, lastModifier=0, keyCodes=[58, 58], actions=[1, 0]}
02-26 16:50:47.626   734  1737 W PackageConfigPersister: App-specific configuration not found for packageName: com.example.proyectofinal and userId: 0
02-26 16:50:47.627  1488  1488 I GoogleInputMethodService: GoogleInputMethodService.onStartInputView():1392 onStartInputView(EditorInfo{EditorInfo{packageName=com.example.proyectofinal, inputType=0, inputTypeString=NULL, enableLearning=false, autoCorrection=false, autoComplete=false, imeOptions=0, privateImeOptions=null, actionName=UNSPECIFIED, actionLabel=null, initialSelStart=-1, initialSelEnd=-1, initialCapsMode=0, label=null, fieldId=0, fieldName=null, extras=null, hintText=null, hintLocales=[]}}, false)
02-26 16:50:47.627  1488  1488 I KeyboardHeightUtil: KeyboardHeightUtil.getOemKeyboardHeightRatio():161 systemKeyboardHeightRatio:1.000000.
02-26 16:50:47.635  5722  5722 W WindowOnBackDispatcher: sendCancelIfRunning: isInProgress=false callback=android.view.ImeBackAnimationController@7de7917
02-26 16:50:47.636   734  1284 D CoreBackPreview: Window{3949613 u0 com.example.proyectofinal/com.example.proyectofinal.MainActivity}: Setting back callback OnBackInvokedCallbackInfo{mCallback=android.window.IOnBackInvokedCallback$Stub$Proxy@be0635f, mPriority=-1, mIsAnimationCallback=false, mOverrideBehavior=0}
02-26 16:50:47.644  1488  1488 I InputContextChangeTracker: InputContextChangeTracker.fixLyingSelectionRangeFromSurroundingText():1665 fixLyingSelectionRangeFromSurroundingText(): [-1, -1]([-1, -1]) -> [0, 0]([0, 0])
02-26 16:50:47.644  5722  5722 I ImeTracker: system_server:12e8863e: onCancelled at PHASE_CLIENT_ON_CONTROLS_CHANGED
02-26 16:50:47.646  1488  1488 I AndroidIME: InputBundleManager.loadActiveInputBundleId():483 loadActiveInputBundleId: und-Latn-x-password, password
02-26 16:50:47.646  1488  1488 I AndroidIME: AbstractIme.onActivate():90 PasswordIme.onActivate() : EditorInfo = EditorInfo{packageName=com.example.proyectofinal, inputType=0, inputTypeString=NULL, enableLearning=false, autoCorrection=false, autoComplete=false, imeOptions=0, privateImeOptions=null, actionName=UNSPECIFIED, actionLabel=null, initialSelStart=-1, initialSelEnd=-1, initialCapsMode=0, label=null, fieldId=0, fieldName=null, extras=null, hintText=null, hintLocales=[]}, IncognitoMode = false, DeviceLocked = false
02-26 16:50:47.646  1488  1488 I KeyboardWrapper: KeyboardWrapper.activateKeyboard():562 activateKeyboard(): type=accessory, status=0, imeDef=kyj{stringId=password, language=und-Latn-x-password, languageTag=und-Latn-x-password, processedConditions={variant=qwerty, enable_access_points_in_password_number=false, enable_number_row=false, device=phone}, className=com.google.android.libraries.inputmethod.ime.password.PasswordIme, label=2132019061, keyEventInterpreter=null, inlineComposing=true, autoCapital=true, announceAutoSelectedCandidate=true, statusIcon=0, primeKeyboardType=SOFT, indicatorIcon=0, indicatorLabel=null, displayAppCompletions=false, extraValues=kyb{}, processors=lac@69abe17, unacceptableMetaKeys=4098, languageSpecificSettings=0, asciiCapable=false, alwaysShowSuggestions=false, useAsciiPasswordKeyboard=false, secondaryIme=null, keyboardGroupDef=kzl@2982204, phenotypeFlagId=0, localizationLanguageTag=null, supportsInlineSuggestion=false}
02-26 16:50:47.646  1488  1488 I KeyboardManager: KeyboardManager.requestKeyboard():248 Creating keyboard accessory, imeId=password, cacheKey=theme_!gsf_!pgsans_!pgsf_!use_system_font_BORDER=true_FLAVOR_DPI=XXHDPI_KEYBOARD_WIDTH_CATEGORY=NORMAL_LIGHT_THEME=true_PHYSICAL_DIAGONAL=6.1297245_SCREEN_SHORTEST_WIDTH=411_SCREEN_SHORTEST_WIDTH_NO_SCALE=411_bottom4dp_enable_google_fonts_icons=true_enable_popup_on_keypress=true_keyboard_redesign_google_sans=true_noshadow_overlay_builtin_dynamic_color_light_base.binarypb:gm3-light-fffaf8ff-ff495d92-82b625f90d810779661adb8ce93b5ac5_silkpopup_unify_function_key_color=true
02-26 16:50:47.647  1488  1488 I KeyboardWrapper: KeyboardWrapper.onKeyboardReady():212 onKeyboardReady(): type=accessory(accessory), kb=com.google.android.libraries.inputmethod.keyboard.impl.Keyboard@2af382f
02-26 16:50:47.647  1488  1488 I KeyboardWrapper: KeyboardWrapper.doActivateKeyboard():589 doActivateKeyboard(): accessory
02-26 16:50:47.647  1488  1488 W Keyboard: Keyboard.getKeyboardViewHelper():597 null helper is returned: keyboardDef=kze{processedConditions={}, globalConditions={}, className=com.google.android.libraries.inputmethod.keyboard.impl.Keyboard, resourceIds=[#0x7f170045], initialStates=0, keyboardViewDefs=[], persistentStates=0, persistentStatesPrefKey=null, popupBubbleLayoutId=0, recentKeyLayoutId=0, recentKeyPopupLayoutId=0, recentKeyType=null, rememberRecentKey=NONE, sessionStates=0}, type=HEADER, helpersCreated=[null, null, null, null], context.getResources().getConfiguration(): {1.0 310mcc260mnc [en_US] ldltr sw411dp w411dp h914dp 420dpi nrml long port finger qwerty/v/v dpad/v winConfig={ mBounds=Rect(0, 0 - 1080, 2400) mAppBounds=Rect(0, 0 - 1080, 2400) mMaxBounds=Rect(0, 0 - 1080, 2400) mDisplayRotation=ROTATION_0 mWindowingMode=fullscreen mActivityType=undefined mAlwaysOnTop=undefined mRotation=ROTATION_0} s.9 fontWeightAdjustment=0}
02-26 16:50:47.649  1488  1488 W Keyboard: Keyboard.getKeyboardViewHelper():597 null helper is returned: keyboardDef=kze{processedConditions={}, globalConditions={}, className=com.google.android.libraries.inputmethod.keyboard.impl.Keyboard, resourceIds=[#0x7f170045], initialStates=0, keyboardViewDefs=[], persistentStates=0, persistentStatesPrefKey=null, popupBubbleLayoutId=0, recentKeyLayoutId=0, recentKeyPopupLayoutId=0, recentKeyType=null, rememberRecentKey=NONE, sessionStates=0}, type=BODY, helpersCreated=[null, null, null, null], context.getResources().getConfiguration(): {1.0 310mcc260mnc [en_US] ldltr sw411dp w411dp h914dp 420dpi nrml long port finger qwerty/v/v dpad/v winConfig={ mBounds=Rect(0, 0 - 1080, 2400) mAppBounds=Rect(0, 0 - 1080, 2400) mMaxBounds=Rect(0, 0 - 1080, 2400) mDisplayRotation=ROTATION_0 mWindowingMode=fullscreen mActivityType=undefined mAlwaysOnTop=undefined mRotation=ROTATION_0} s.9 fontWeightAdjustment=0}
02-26 16:50:47.650  1488  1488 I GlobeKeyExtension: GlobeKeyExtension.getKeyboardInitialStates():131 
02-26 16:50:47.651  1488  1488 W Keyboard: Keyboard.getKeyboardViewHelper():597 null helper is returned: keyboardDef=kze{processedConditions={}, globalConditions={}, className=com.google.android.libraries.inputmethod.keyboard.impl.Keyboard, resourceIds=[#0x7f170045], initialStates=0, keyboardViewDefs=[], persistentStates=0, persistentStatesPrefKey=null, popupBubbleLayoutId=0, recentKeyLayoutId=0, recentKeyPopupLayoutId=0, recentKeyType=null, rememberRecentKey=NONE, sessionStates=0}, type=HEADER, helpersCreated=[null, null, null, null], context.getResources().getConfiguration(): {1.0 310mcc260mnc [en_US] ldltr sw411dp w411dp h914dp 420dpi nrml long port finger qwerty/v/v dpad/v winConfig={ mBounds=Rect(0, 0 - 1080, 2400) mAppBounds=Rect(0, 0 - 1080, 2400) mMaxBounds=Rect(0, 0 - 1080, 2400) mDisplayRotation=ROTATION_0 mWindowingMode=fullscreen mActivityType=undefined mAlwaysOnTop=undefined mRotation=ROTATION_0} s.9 fontWeightAdjustment=0}
02-26 16:50:47.651  1488  1488 W Keyboard: Keyboard.getKeyboardViewHelper():597 null helper is returned: keyboardDef=kze{processedConditions={}, globalConditions={}, className=com.google.android.libraries.inputmethod.keyboard.impl.Keyboard, resourceIds=[#0x7f170045], initialStates=0, keyboardViewDefs=[], persistentStates=0, persistentStatesPrefKey=null, popupBubbleLayoutId=0, recentKeyLayoutId=0, recentKeyPopupLayoutId=0, recentKeyType=null, rememberRecentKey=NONE, sessionStates=0}, type=BODY, helpersCreated=[null, null, null, null], context.getResources().getConfiguration(): {1.0 310mcc260mnc [en_US] ldltr sw411dp w411dp h914dp 420dpi nrml long port finger qwerty/v/v dpad/v winConfig={ mBounds=Rect(0, 0 - 1080, 2400) mAppBounds=Rect(0, 0 - 1080, 2400) mMaxBounds=Rect(0, 0 - 1080, 2400) mDisplayRotation=ROTATION_0 mWindowingMode=fullscreen mActivityType=undefined mAlwaysOnTop=undefined mRotation=ROTATION_0} s.9 fontWeightAdjustment=0}
02-26 16:50:47.651  1488  1488 W Keyboard: Keyboard.getKeyboardViewHelper():597 null helper is returned: keyboardDef=kze{processedConditions={}, globalConditions={}, className=com.google.android.libraries.inputmethod.keyboard.impl.Keyboard, resourceIds=[#0x7f170045], initialStates=0, keyboardViewDefs=[], persistentStates=0, persistentStatesPrefKey=null, popupBubbleLayoutId=0, recentKeyLayoutId=0, recentKeyPopupLayoutId=0, recentKeyType=null, rememberRecentKey=NONE, sessionStates=0}, type=FLOATING_CANDIDATES, helpersCreated=[null, null, null, null], context.getResources().getConfiguration(): {1.0 310mcc260mnc [en_US] ldltr sw411dp w411dp h914dp 420dpi nrml long port finger qwerty/v/v dpad/v winConfig={ mBounds=Rect(0, 0 - 1080, 2400) mAppBounds=Rect(0, 0 - 1080, 2400) mMaxBounds=Rect(0, 0 - 1080, 2400) mDisplayRotation=ROTATION_0 mWindowingMode=fullscreen mActivityType=undefined mAlwaysOnTop=undefined mRotation=ROTATION_0} s.9 fontWeightAdjustment=0}
02-26 16:50:47.651  1488  1488 W Keyboard: Keyboard.getKeyboardViewHelper():597 null helper is returned: keyboardDef=kze{processedConditions={}, globalConditions={}, className=com.google.android.libraries.inputmethod.keyboard.impl.Keyboard, resourceIds=[#0x7f170045], initialStates=0, keyboardViewDefs=[], persistentStates=0, persistentStatesPrefKey=null, popupBubbleLayoutId=0, recentKeyLayoutId=0, recentKeyPopupLayoutId=0, recentKeyType=null, rememberRecentKey=NONE, sessionStates=0}, type=WIDGET, helpersCreated=[null, null, null, null], context.getResources().getConfiguration(): {1.0 310mcc260mnc [en_US] ldltr sw411dp w411dp h914dp 420dpi nrml long port finger qwerty/v/v dpad/v winConfig={ mBounds=Rect(0, 0 - 1080, 2400) mAppBounds=Rect(0, 0 - 1080, 2400) mMaxBounds=Rect(0, 0 - 1080, 2400) mDisplayRotation=ROTATION_0 mWindowingMode=fullscreen mActivityType=undefined mAlwaysOnTop=undefined mRotation=ROTATION_0} s.9 fontWeightAdjustment=0}
02-26 16:50:47.651  1488  1488 I KeyboardManager: KeyboardManager.requestKeyboard():248 Creating keyboard accessory_candidates_consumer, imeId=password, cacheKey=theme_!gsf_!pgsans_!pgsf_!use_system_font_BORDER=true_FLAVOR_DPI=XXHDPI_KEYBOARD_WIDTH_CATEGORY=NORMAL_LIGHT_THEME=true_PHYSICAL_DIAGONAL=6.1297245_SCREEN_SHORTEST_WIDTH=411_SCREEN_SHORTEST_WIDTH_NO_SCALE=411_bottom4dp_enable_google_fonts_icons=true_enable_popup_on_keypress=true_keyboard_redesign_google_sans=true_noshadow_overlay_builtin_dynamic_color_light_base.binarypb:gm3-light-fffaf8ff-ff495d92-82b625f90d810779661adb8ce93b5ac5_silkpopup_unify_function_key_color=true
02-26 16:50:47.652  1488  1488 I GlobeKeyExtension: GlobeKeyExtension.getKeyboardInitialStates():131 
02-26 16:50:47.652  1488  1488 W Keyboard: Keyboard.getKeyboardViewHelper():597 null helper is returned: keyboardDef=kze{processedConditions={}, globalConditions={global_theme_key=theme_!gsf_!pgsans_!pgsf_!use_system_font_BORDER=true_FLAVOR_DPI=XXHDPI_KEYBOARD_WIDTH_CATEGORY=NORMAL_LIGHT_THEME=true_PHYSICAL_DIAGONAL=6.1297245_SCREEN_SHORTEST_WIDTH=411_SCREEN_SHORTEST_WIDTH_NO_SCALE=411_bottom4dp_enable_google_fonts_icons=true_enable_popup_on_keypress=true_keyboard_redesign_google_sans=true_noshadow_overlay_builtin_dynamic_color_light_base.binarypb:gm3-light-fffaf8ff-ff495d92-82b625f90d810779661adb8ce93b5ac5_silkpopup_unify_function_key_color=true, global_locale=en_US, global_density_dpi=420, global_orientation=1}, className=.latin.keyboard.AccessoryKeyboard, resourceIds=[#0x7f170044], initialStates=0, keyboardViewDefs=[kzt{direction=null, id=#0x7f0b0166, isScalable=false, layoutId=#0x7f0e002d, type=FLOATING_CANDIDATES, touchable=true, defaultShow=false}], persistentStates=0, persistentStatesPrefKey=null, popupBubbleLayoutId=#0x7f0e05ce, recentKeyLayoutId=0, recentKeyPopupLayoutId=0, recentKeyType=null, rememberRecentKey=NONE, sessionStates=0}, type=HEADER, helpersCreated=[null, null, kkl@c252ca5, null], context.getResources().getConfiguration(): {1.0 310mcc260mnc [en_US] ldltr sw411dp w411dp h914dp 420dpi nrml long port finger qwerty/v/v dpad/v winConfig={ mBounds=Rect(0, 0 - 1080, 2400) mAppBounds=Rect(0, 0 - 1080, 2400) mMaxBounds=Rect(0, 0 - 1080, 2400) mDisplayRotation=ROTATION_0 mWindowingMode=fullscreen mActivityType=undefined mAlwaysOnTop=undefined mRotation=ROTATION_0} s.9 fontWeightAdjustment=0}
02-26 16:50:47.652  1488  1488 W Keyboard: Keyboard.getKeyboardViewHelper():597 null helper is returned: keyboardDef=kze{processedConditions={}, globalConditions={global_theme_key=theme_!gsf_!pgsans_!pgsf_!use_system_font_BORDER=true_FLAVOR_DPI=XXHDPI_KEYBOARD_WIDTH_CATEGORY=NORMAL_LIGHT_THEME=true_PHYSICAL_DIAGONAL=6.1297245_SCREEN_SHORTEST_WIDTH=411_SCREEN_SHORTEST_WIDTH_NO_SCALE=411_bottom4dp_enable_google_fonts_icons=true_enable_popup_on_keypress=true_keyboard_redesign_google_sans=true_noshadow_overlay_builtin_dynamic_color_light_base.binarypb:gm3-light-fffaf8ff-ff495d92-82b625f90d810779661adb8ce93b5ac5_silkpopup_unify_function_key_color=true, global_locale=en_US, global_density_dpi=420, global_orientation=1}, className=.latin.keyboard.AccessoryKeyboard, resourceIds=[#0x7f170044], initialStates=0, keyboardViewDefs=[kzt{direction=null, id=#0x7f0b0166, isScalable=false, layoutId=#0x7f0e002d, type=FLOATING_CANDIDATES, touchable=true, defaultShow=false}], persistentStates=0, persistentStatesPrefKey=null, popupBubbleLayoutId=#0x7f0e05ce, recentKeyLayoutId=0, recentKeyPopupLayoutId=0, recentKeyType=null, rememberRecentKey=NONE, sessionStates=0}, type=BODY, helpersCreated=[null, null, kkl@c252ca5, null], context.getResources().getConfiguration(): {1.0 310mcc260mnc [en_US] ldltr sw411dp w411dp h914dp 420dpi nrml long port finger qwerty/v/v dpad/v winConfig={ mBounds=Rect(0, 0 - 1080, 2400) mAppBounds=Rect(0, 0 - 1080, 2400) mMaxBounds=Rect(0, 0 - 1080, 2400) mDisplayRotation=ROTATION_0 mWindowingMode=fullscreen mActivityType=undefined mAlwaysOnTop=undefined mRotation=ROTATION_0} s.9 fontWeightAdjustment=0}
02-26 16:50:47.653  1488  1488 I AndroidIME: InputBundleManager.startInput():361 startInput() with kzp[keyboardType=accessory, payload=null]
02-26 16:50:47.653  1488  1488 I GlobeKeyExtension: GlobeKeyExtension.onActivate():70 
02-26 16:50:47.656  1488  1488 I CrowdsourceExtension: CrowdsourceExtension.checkIfDefaultBrowserIsAllowed():109 Failed to get default browser. The default browser may be deactivated.
02-26 16:50:47.656  1488  1488 I NewLanguagePromptExtension: NewLanguagePromptExtension.onActivate():186 Not activated NewLanguagePromptExtension: not a normal text input box.
02-26 16:50:47.657  1488  1488 I VoiceInputManagerWrapper: VoiceInputManagerWrapper.cancelShutdown():100 cancelShutdown()
02-26 16:50:47.657  1488  1488 I VoiceInputManagerWrapper: VoiceInputManagerWrapper.syncLanguagePacks():112 syncLanguagePacks()
02-26 16:50:47.658  1488  1488 I VoiceInputManager: VoiceInputManager.onKeyboardActivated():1023 onKeyboardActivated() [UD]
02-26 16:50:47.659  1488  1488 I AccessoryInputModeManager: AccessoryInputModeManager.onModeStarted():322 Accessory input mode started: PK
02-26 16:50:47.662  1488  4162 I SpeechFactory: SpeechRecognitionFactory.maybeScheduleAutoPackDownloadForFallback():161 maybeScheduleAutoPackDownloadForFallback()
02-26 16:50:47.662  1488  4162 I FallbackOnDeviceRecognitionProvider: FallbackOnDeviceRecognitionProvider.maybeScheduleAutoPackDownload():198 maybeScheduleAutoPackDownload() for language tag en-US
02-26 16:50:47.662  1488  1488 I ProactiveUndoTriggerExtension: ProactiveUndoTriggerExtension.eventConsumer$lambda$0():125 kyp{intention=null, keyCode=-10159, ACTIVATE_SUPPLEMENTARY_KEYBOARD, data=accessory_candidates_consumer}
02-26 16:50:47.664  1488  1488 I KeyboardHeightUtil: KeyboardHeightUtil.calculateMaxKeyboardBodyHeight():46 leave 281 height for app when ime window height:2274, header height:116 and isFullscreenMode:false, so the max keyboard body height is:1877
02-26 16:50:47.664  1488  1488 I KeyboardHeightUtil: KeyboardHeightUtil.calculateMaxKeyboardBodyHeight():46 leave 281 height for app when ime window height:2274, header height:116 and isFullscreenMode:false, so the max keyboard body height is:1877
02-26 16:50:47.664  1488  1488 W ExtensionWrapper: ExtensionWrapper.setExtensionViewVisibility():801 interface koa is not activate
02-26 16:50:47.666  1488  1488 I Module  : DeviceLockedStatusModuleProvider$Module.updateDeviceLockedStatus():100 repeatCheckTimes = 1, locked = false
02-26 16:50:47.667  1488  1488 I HardKeyTracker: HardKeyTracker.unregisterKeySequence():182 Unregister key sequence lsr{labelResId=2132020169, callback=cbb@bb491bc, lastModifier=2, keyCodes=[48], actions=[0]}
02-26 16:50:47.667  1488  1488 I HardKeyTracker: HardKeyTracker.registerKeySequence():138 Register key sequence lsr{labelResId=2132020169, callback=cbb@62d5f33, lastModifier=2, keyCodes=[48], actions=[0]}
02-26 16:50:47.667  1488  1488 I HardKeyTracker: HardKeyTracker.unregisterKeySequence():182 Unregister key sequence lsr{labelResId=2132020170, callback=cbb@3598c9c, lastModifier=2, keyCodes=[32], actions=[0]}
02-26 16:50:47.667  1488  1488 I HardKeyTracker: HardKeyTracker.registerKeySequence():138 Register key sequence lsr{labelResId=2132020170, callback=cbb@9539e1c, lastModifier=2, keyCodes=[32], actions=[0]}
02-26 16:50:47.667  1488  1488 I HardKeyTracker: HardKeyTracker.unregisterKeySequence():182 Unregister key sequence lsr{labelResId=2132020170, callback=cbb@7a762ce, lastModifier=2, keyCodes=[32], actions=[0]}
02-26 16:50:47.667  1488  1488 I HardKeyTracker: HardKeyTracker.registerKeySequence():138 Register key sequence lsr{labelResId=2132020170, callback=cbb@eab23a1, lastModifier=2, keyCodes=[32], actions=[0]}
02-26 16:50:47.667  1488  1488 I VoiceImeExtension: VoiceImeExtension.shouldStartVoiceInputAutomaticallyInCurrentInputBox():469 No private IME option set to start voice input.
02-26 16:50:47.670  1488  1488 I GoogleInputMethodService: GoogleInputMethodService.onFinishInputView():1524 
02-26 16:50:47.673  1488  1488 I GlobeKeyExtension: GlobeKeyExtension.onDeactivate():104 
02-26 16:50:47.674   734  1843 D CoreBackPreview: Window{3949613 u0 com.example.proyectofinal/com.example.proyectofinal.MainActivity}: Setting back callback OnBackInvokedCallbackInfo{mCallback=android.window.IOnBackInvokedCallback$Stub$Proxy@74b71ac, mPriority=0, mIsAnimationCallback=true, mOverrideBehavior=0}
02-26 16:50:47.674  1488  1488 I VoiceInputManagerWrapper: VoiceInputManagerWrapper.shutdown():122 shutdown()
02-26 16:50:47.675  1488  1488 W TooltipLifecycleManager: TooltipLifecycleManager.dismissTooltips():154 Tooltip with id spell_check_add_to_dictionary not found in tooltipManager.
02-26 16:50:47.676  1488  1488 I AndroidIME: AbstractIme.onDeactivate():203 PasswordIme.onDeactivate()
02-26 16:50:47.678  1488  1488 I ImeTracker: system_server:1b1c54b3: onHidden
02-26 16:50:47.678  5722  5722 W WindowOnBackDispatcher: sendCancelIfRunning: isInProgress=false callback=android.view.ImeBackAnimationController@7de7917
02-26 16:50:47.678  1488  1488 I WindowMetricsNotification: WindowMetricsNotification.notifyWithWindow():166 
02-26 16:50:47.678  1488  1488 I WindowMetricsNotification: WindowMetricsNotification.notify():159 mub[bounds=Rect(0, 63 - 1080, 2400), insets=Rect(0, 0 - 0, 63), densityDpi=420, smallestScreenWidthDp=411, displayWidth=1080, displayHeight=2400, xdpi=420.0, ydpi=420.0, isTrustable=true, displayId=0]; DisplayMetrics{density=2.625, width=1080, height=2400, scaledDensity=2.625, xdpi=420.0, ydpi=420.0}
02-26 16:50:47.680   734  1737 D CoreBackPreview: Window{3949613 u0 com.example.proyectofinal/com.example.proyectofinal.MainActivity}: Setting back callback OnBackInvokedCallbackInfo{mCallback=android.window.IOnBackInvokedCallback$Stub$Proxy@ec9fe75, mPriority=-1, mIsAnimationCallback=false, mOverrideBehavior=0}
02-26 16:50:47.682  1488  1488 I GoogleInputMethodService: GoogleInputMethodService$1.onKeyboardViewShown():312 onKeyboardViewShown: keyboardType=accessory, keyboardViewType=HEADER keyboardView=null
