--------- beginning of main
02-26 16:50:32.145  5671  5671 W service : Thread Pool max thread count is 0. Cannot cache binder as linkToDeath cannot be implemented. serviceName: wallpaper_effects_generation
02-26 16:50:32.150  5671  5671 W service : Thread Pool max thread count is 0. Cannot cache binder as linkToDeath cannot be implemented. serviceName: wearable_sensing
02-26 16:50:32.152  5671  5671 W service : Thread Pool max thread count is 0. Cannot cache binder as linkToDeath cannot be implemented. serviceName: webviewupdate
02-26 16:50:32.155  5671  5671 W service : Thread Pool max thread count is 0. Cannot cache binder as linkToDeath cannot be implemented. serviceName: wifi
02-26 16:50:32.156  5671  5671 W service : Thread Pool max thread count is 0. Cannot cache binder as linkToDeath cannot be implemented. serviceName: wifinl80211
02-26 16:50:32.156  5671  5671 E IPCThreadState: Binder transaction failure. id: 367945, BR_*: 29201, error: -1 (Operation not permitted)
02-26 16:50:32.157  5671  5671 W service : Thread Pool max thread count is 0. Cannot cache binder as linkToDeath cannot be implemented. serviceName: wifip2p
02-26 16:50:32.158  5671  5671 W service : Thread Pool max thread count is 0. Cannot cache binder as linkToDeath cannot be implemented. serviceName: wifiscanner
02-26 16:50:32.161  5671  5671 W service : Thread Pool max thread count is 0. Cannot cache binder as linkToDeath cannot be implemented. serviceName: window
02-26 16:50:32.168  1756  5348 I Icing   : Usage reports ok 1, Failed Usage reports 0, indexed 0, rejected 0
--------- beginning of system
02-26 16:50:32.206   734  2318 W ActivityTaskManager: callingPackage for (uid=2000, pid=5718) has no WPC
02-26 16:50:32.213   734  2318 I system_server: AssetManager2(0x7c25d76b17b8) locale list changing from [] to [en-US]
02-26 16:50:32.214   734  2318 V GrammaticalInflectionUtils: AttributionSource: android.content.AttributionSource@92f8b73e does not have READ_SYSTEM_GRAMMATICAL_GENDER permission.
02-26 16:50:32.214   734  2318 W OptProp : Cannot read opt property android.window.PROPERTY_COMPAT_ALLOW_USER_ASPECT_RATIO_OVERRIDE
02-26 16:50:32.214   734  2318 W OptProp : Cannot read opt property android.window.PROPERTY_COMPAT_ALLOW_USER_ASPECT_RATIO_FULLSCREEN_OVERRIDE
02-26 16:50:32.214   734  2318 W OptProp : Cannot read opt property android.window.PROPERTY_COMPAT_ALLOW_RESIZEABLE_ACTIVITY_OVERRIDES
02-26 16:50:32.214   734  2318 W OptProp : Cannot read opt property android.window.PROPERTY_COMPAT_ALLOW_MIN_ASPECT_RATIO_OVERRIDE
02-26 16:50:32.218  1756  5348 I Icing   : Usage reports ok 0, Failed Usage reports 0, indexed 0, rejected 0
02-26 16:50:32.219   734  2318 W OptProp : Cannot read opt property android.window.PROPERTY_COMPAT_ALLOW_ORIENTATION_OVERRIDE
02-26 16:50:32.219   555  1245 I BpBinder: onLastStrongRef automatically unlinking death recipients: 
02-26 16:50:32.221   734  2318 I ActivityTaskManager: START u0 {act=android.intent.action.MAIN cat=[android.intent.category.LAUNCHER] flg=0x10000000 xflg=0x4 cmp=com.example.proyectofinal/.LoginActivity} with LAUNCH_MULTIPLE from uid 2000 (BAL_ALLOW_PERMISSION) result code=0
02-26 16:50:32.222  1160  1160 W SplitSelectStateCtor: Missing session instanceIds
02-26 16:50:32.222  1160  1160 D StatsLog: LAUNCHER_SPLIT_SELECTION_EXIT_INTERRUPTED
02-26 16:50:32.223   734   768 V GrammaticalInflectionUtils: AttributionSource: android.content.AttributionSource@92f8b73e does not have READ_SYSTEM_GRAMMATICAL_GENDER permission.
02-26 16:50:32.224  1014  1227 I ndroid.systemui: AssetManager2(0x7c25d7673f58) locale list changing from [] to [en-US]
02-26 16:50:32.224   734  1733 I AppsFilter: interaction: PackageSetting{d0060d3 com.android.microdroid.empty_payload/10210} -> PackageSetting{6bdc9f6 com.example.proyectofinal/10218} BLOCKED
02-26 16:50:32.225  1014  1116 V WindowManagerShell: Transition requested (#48): android.os.BinderProxy@8f7c79d TransitionRequestInfo { type = OPEN, triggerTask = TaskInfo{userId=0 taskId=61 effectiveUid=10218 displayId=0 isRunning=true baseIntent=Intent { act=android.intent.action.MAIN cat=[android.intent.category.LAUNCHER] flg=0x10000000 cmp=com.example.proyectofinal/.LoginActivity } baseActivity=ComponentInfo{com.example.proyectofinal/com.example.proyectofinal.LoginActivity} topActivity=ComponentInfo{com.example.proyectofinal/com.example.proyectofinal.LoginActivity} origActivity=null realActivity=ComponentInfo{com.example.proyectofinal/com.example.proyectofinal.LoginActivity} numActivities=1 lastActiveTime=1166338 supportsMultiWindow=true resizeMode=1 isResizeable=true minWidth=-1 minHeight=-1 defaultMinSize=220 token=WCT{android.window.IWindowContainerToken$Stub$Proxy@c00412} topActivityType=1 pictureInPictureParams=null shouldDockBigOverlays=false launchIntoPipHostTaskId=-1 lastParentTaskIdBeforePip=-1 displayCutoutSafeInsets=Rect(0, 0 - 0, 0) topActivityInfo=ActivityInfo{aeb67e3 com.example.proyectofinal.LoginActivity} launchCookies=[] positionInParent=Point(0, 0) parentTaskId=-1 isFocused=false isVisible=false isVisibleRequested=false isTopActivityNoDisplay=false isSleeping=false locusId=null displayAreaFeatureId=1 isTopActivityTransparent=false isActivityStackTransparent=false lastNonFullscreenBounds=Rect(284, 660 - 796, 1740) capturedLink=null capturedLinkTimestamp=0 requestedVisibleTypes=-9 topActivityRequestOpenInBrowserEducationTimestamp=0 appCompatTaskInfo=AppCompatTaskInfo { topActivityInSizeCompat=false eligibleForLetterboxEducation= false isLetterboxEducationEnabled= true isLetterboxDoubleTapEnabled= false eligibleForUserAspectRatioButton= false topActivityBoundsLetterboxed= false isFromLetterboxDoubleTap= false topActivityLetterboxVerticalPosition= -1 topActivityLetterboxHorizontalPosition= -1 topActivityLetterboxWidth=-1 topActivityLetterboxHeight=-1 topActivityAppBounds=Rect(0, 0 - 1080, 2400) isUserFullscreenOverrideEnabled=false isSystemFullscreenOverrideEnabled=false hasMinAspectRatioOverride=false topActivityLetterboxBounds=null cameraCompatTaskInfo=CameraCompatTaskInfo { freeformCameraCompatMode=inactive}} topActivityMainWindowFrame=null}, pipChange = null, remoteTransition = null, displayChange = null, flags = 0, debugId = 48 }
02-26 16:50:32.225   734  1733 I AppsFilter: interaction: PackageSetting{66a910e com.example.piointo/10217} -> PackageSetting{6bdc9f6 com.example.proyectofinal/10218} BLOCKED
02-26 16:50:32.225   734  1733 I AppsFilter: interaction: PackageSetting{266372f com.example.appfinal/10219} -> PackageSetting{6bdc9f6 com.example.proyectofinal/10218} BLOCKED
02-26 16:50:32.226  1014  1116 D ShellSplitScreen: logExit: no-op, mLoggerSessionId is null
02-26 16:50:32.229   734   965 D BackgroundInstallControlService: Package event received: 0
02-26 16:50:32.238   734  2318 D CompatChangeReporter: Compat change id reported: 377864165; UID 10218; state: ENABLED
02-26 16:50:32.259   734   871 I system_server: AssetManager2(0x7c25d76ad2f8) locale list changing from [] to [en-US]
02-26 16:50:32.262   481   481 D Zygote  : Forked child process 5722
02-26 16:50:32.266  1756  5348 I Icing   : Indexing com.google.android.gms-apps from com.google.android.gms
02-26 16:50:32.278  1014  1116 D WindowManagerShell: setLauncherKeepClearAreaHeight: visible=false, height=527
02-26 16:50:32.282   555   555 I BpBinder: onLastStrongRef automatically unlinking death recipients: 
02-26 16:50:32.284   734   775 I ActivityManager: Start proc 5722:com.example.proyectofinal/u0a218 for next-top-activity {com.example.proyectofinal/com.example.proyectofinal.LoginActivity}
02-26 16:50:32.284   734   775 W ActivityManager: Slow operation: 60ms so far, now at startProcess: starting to update pids map
02-26 16:50:32.291   734   775 I ActivityManager: ProcessObserver broadcast disabled
02-26 16:50:32.291   734   775 W ActivityManager: Slow operation: 67ms so far, now at startProcess: done updating pids map
02-26 16:50:32.304  5722  5722 I e.proyectofinal: Late-enabling -Xcheck:jni
02-26 16:50:32.425  1756  5348 I Icing   : Indexing done com.google.android.gms-apps
02-26 16:50:32.426  1756  5348 I Icing   : Indexing com.google.android.gms-apps from com.google.android.gms
02-26 16:50:32.439  1756  5348 I Icing   : Indexing done com.google.android.gms-apps
02-26 16:50:32.450  5722  5722 I e.proyectofinal: Using CollectorTypeCMC GC.
02-26 16:50:32.492  1014  1854 V WindowManagerShell: onTransitionReady(transaction=3152505996866)
02-26 16:50:32.494   734   765 V WindowManager: Sent Transition (#48) createdAt=02-26 16:50:32.215 via request=TransitionRequestInfo { type = OPEN, triggerTask = TaskInfo{userId=0 taskId=61 effectiveUid=10218 displayId=0 isRunning=true baseIntent=Intent { act=android.intent.action.MAIN cat=[android.intent.category.LAUNCHER] flg=0x10000000 cmp=com.example.proyectofinal/.LoginActivity } baseActivity=ComponentInfo{com.example.proyectofinal/com.example.proyectofinal.LoginActivity} topActivity=ComponentInfo{com.example.proyectofinal/com.example.proyectofinal.LoginActivity} origActivity=null realActivity=ComponentInfo{com.example.proyectofinal/com.example.proyectofinal.LoginActivity} numActivities=1 lastActiveTime=1166338 supportsMultiWindow=true resizeMode=1 isResizeable=true minWidth=-1 minHeight=-1 defaultMinSize=220 token=WCT{RemoteToken{365e08a Task{704852a #61 type=standard A=10218:com.example.proyectofinal}}} topActivityType=1 pictureInPictureParams=null shouldDockBigOverlays=false launchIntoPipHostTaskId=-1 lastParentTaskIdBeforePip=-1 displayCutoutSafeInsets=Rect(0, 0 - 0, 0) topActivityInfo=ActivityInfo{186d6fb com.example.proyectofinal.LoginActivity} launchCookies=[] positionInParent=Point(0, 0) parentTaskId=-1 isFocused=false isVisible=false isVisibleRequested=false isTopActivityNoDisplay=false isSleeping=false locusId=null displayAreaFeatureId=1 isTopActivityTransparent=false isActivityStackTransparent=false lastNonFullscreenBounds=Rect(284, 660 - 796, 1740) capturedLink=null capturedLinkTimestamp=0 requestedVisibleTypes=-9 topActivityRequestOpenInBrowserEducationTimestamp=0 appCompatTaskInfo=AppCompatTaskInfo { topActivityInSizeCompat=false eligibleForLetterboxEducation= false isLetterboxEducationEnabled= true isLetterboxDoubleTapEnabled= false eligibleForUserAspectRatioButton= false topActivityBoundsLetterboxed= false isFromLetterboxDoubleTap= false topActivityLetterboxVerticalPosition= -1 topActivityLetterboxHorizontalPosition= -1 topActivityLetterboxWidth=-1 topActivityLetterboxHeight=-1 topActivityAppBounds=Rect(0, 0 - 1080, 2400) isUserFullscreenOverrideEnabled=false isSystemFullscreenOverrideEnabled=false hasMinAspectRatioOverride=false topActivityLetterboxBounds=null cameraCompatTaskInfo=CameraCompatTaskInfo { freeformCameraCompatMode=inactive}} topActivityMainWindowFrame=null}, pipChange = null, remoteTransition = null, displayChange = null, flags = 0, debugId = 48 }
02-26 16:50:32.495   734   765 V WindowManager:     startWCT=WindowContainerTransaction { changes= {} hops= [] errorCallbackToken=null taskFragmentOrganizer=null }
02-26 16:50:32.495   734   765 V WindowManager:     info={id=48 t=OPEN f=0x0 trk=0 r=[0@Point(0, 0)] c=[
02-26 16:50:32.495   734   765 V WindowManager:         {WCT{RemoteToken{365e08a Task{704852a #61 type=standard A=10218:com.example.proyectofinal}}} m=OPEN f=NONE leash=Surface(name=Task=61)/@0xb75402c sb=Rect(0, 0 - 1080, 2400) eb=Rect(0, 0 - 1080, 2400) epz=Point(1080, 2400) d=0 taskParent=-1},
02-26 16:50:32.495   734   765 V WindowManager:         {WCT{RemoteToken{b17dcab Task{7e81240 #1 type=home}}} m=TO_BACK f=SHOW_WALLPAPER leash=Surface(name=Task=1)/@0x2b55a33 sb=Rect(0, 0 - 1080, 2400) eb=Rect(0, 0 - 1080, 2400) epz=Point(1080, 2400) d=0 taskParent=-1},
02-26 16:50:32.495   734   765 V WindowManager:         {m=TO_BACK f=IS_WALLPAPER leash=Surface(name=WallpaperWindowToken{52330e7 showWhenLocked=false})/@0xac87cb9 sb=Rect(0, 0 - 1080, 2400) eb=Rect(0, 0 - 1080, 2400) epz=Point(1080, 2400) d=0}
02-26 16:50:32.495   734   765 V WindowManager:     ]}
02-26 16:50:32.504  1014  1116 V WindowManagerShell: onTransitionReady (#48) android.os.BinderProxy@8f7c79d: {id=48 t=OPEN f=0x0 trk=0 r=[0@Point(0, 0)] c=[
02-26 16:50:32.504  1014  1116 V WindowManagerShell:         {m=OPEN f=NONE leash=Surface(name=Task=61)/@0x8cc1b1a sb=Rect(0, 0 - 1080, 2400) eb=Rect(0, 0 - 1080, 2400) epz=Point(1080, 2400) d=0 taskParent=-1},
02-26 16:50:32.504  1014  1116 V WindowManagerShell:         {m=TO_BACK f=SHOW_WALLPAPER leash=Surface(name=Task=1)/@0xf45a64b sb=Rect(0, 0 - 1080, 2400) eb=Rect(0, 0 - 1080, 2400) epz=Point(1080, 2400) d=0 taskParent=-1},
02-26 16:50:32.504  1014  1116 V WindowManagerShell:         {m=TO_BACK f=IS_WALLPAPER leash=Surface(name=WallpaperWindowToken{52330e7 showWhenLocked=false})/@0x254d828 sb=Rect(0, 0 - 1080, 2400) eb=Rect(0, 0 - 1080, 2400) epz=Point(1080, 2400) d=0}
02-26 16:50:32.504  1014  1116 V WindowManagerShell:     ]}
02-26 16:50:32.509  1014  1116 V WindowManagerShell: Playing animation for (#48) android.os.BinderProxy@8f7c79d@0
02-26 16:50:32.509  1014  1116 V ShellRecents: RecentsTransitionHandler.startAnimation: no controller found
02-26 16:50:32.509  1014  1116 V WindowManagerShell: Transition doesn't have explicit remote, search filters for match for {id=48 t=OPEN f=0x0 trk=0 r=[0@Point(0, 0)] c=[{m=OPEN f=NONE leash=Surface(name=Task=61)/@0x8cc1b1a sb=Rect(0, 0 - 1080, 2400) eb=Rect(0, 0 - 1080, 2400) epz=Point(1080, 2400) d=0 taskParent=-1},{m=TO_BACK f=SHOW_WALLPAPER leash=Surface(name=Task=1)/@0xf45a64b sb=Rect(0, 0 - 1080, 2400) eb=Rect(0, 0 - 1080, 2400) epz=Point(1080, 2400) d=0 taskParent=-1},{m=TO_BACK f=IS_WALLPAPER leash=Surface(name=WallpaperWindowToken{52330e7 showWhenLocked=false})/@0x254d828 sb=Rect(0, 0 - 1080, 2400) eb=Rect(0, 0 - 1080, 2400) epz=Point(1080, 2400) d=0}]}
02-26 16:50:32.509  1014  1116 V WindowManagerShell:  Checking filter Pair{{types=[] flags=0x0] notFlags=0x0 checks=[{atype=undefined independent=true modes=[CLOSE,TO_BACK] flags=IN_TASK_WITH_EMBEDDED_ACTIVITY mustBeTask=false order=ANY topActivity=null launchCookie=null taskFragmentToken=android.os.BinderProxy@64589c8 windowingMode=undefined}]} RemoteTransition { remoteTransition = android.window.IRemoteTransition$Stub$Proxy@446ca61, appThread = android.app.IApplicationThread$Stub$Proxy@bd3e986, debugName = overlayBackTransition }}
02-26 16:50:32.510  1014  1116 V WindowManagerShell:  Checking filter Pair{{types=[] flags=0x0] notFlags=0x0 checks=[{atype=dream independent=true modes=[OPEN,TO_FRONT] flags=NONE mustBeTask=false order=ANY topActivity=null launchCookie=null windowingMode=undefined},{atype=home independent=true modes=[CLOSE,TO_BACK] flags=NONE mustBeTask=false order=ANY topActivity=null launchCookie=null windowingMode=undefined}]} RemoteTransition { remoteTransition = android.window.IRemoteTransition$Stub$Proxy@e057247, appThread = android.app.IApplicationThread$Stub$Proxy@b0d7a74, debugName = LauncherToDream }}
02-26 16:50:32.510  1014  1116 V WindowManagerShell:  Checking filter Pair{{types=[] flags=0x0] notFlags=0x100 checks=[{atype=home independent=true modes=[OPEN,TO_FRONT] flags=NONE mustBeTask=false order=TOP topActivity=ComponentInfo{com.google.android.apps.nexuslauncher/com.google.android.apps.nexuslauncher.NexusLauncherActivity} launchCookie=null windowingMode=undefined},{atype=standard independent=true modes=[CLOSE,TO_BACK] flags=NONE mustBeTask=false order=ANY topActivity=null launchCookie=null windowingMode=undefined},{NOT atype=undefined independent=true modes=[] flags=NONE mustBeTask=true order=ANY topActivity=null launchCookie=null customAnim=true windowingMode=undefined}]} RemoteTransition { remoteTransition = android.window.IRemoteTransition$Stub$Proxy@9c4ab9d, appThread = android.app.IApplicationThread$Stub$Proxy@d751812, debugName = QuickstepLaunchHome }}
02-26 16:50:32.516  5722  5722 W e.proyectofinal: Unexpected CPU variant for x86: x86_64.
02-26 16:50:32.516  5722  5722 W e.proyectofinal: Known variants: atom, sandybridge, silvermont, goldmont, goldmont-plus, goldmont-without-sha-xsaves, tremont, kabylake, alderlake, default
02-26 16:50:32.528  1014  1116 V WindowManagerShell:  Delegate animation for (#48) to null
02-26 16:50:32.528  1014  1116 V WindowManagerShell: start default transition animation, info = {id=48 t=OPEN f=0x0 trk=0 r=[0@Point(0, 0)] c=[{m=OPEN f=NONE leash=Surface(name=Task=61)/@0x8cc1b1a sb=Rect(0, 0 - 1080, 2400) eb=Rect(0, 0 - 1080, 2400) epz=Point(1080, 2400) d=0 taskParent=-1},{m=TO_BACK f=SHOW_WALLPAPER leash=Surface(name=Task=1)/@0xf45a64b sb=Rect(0, 0 - 1080, 2400) eb=Rect(0, 0 - 1080, 2400) epz=Point(1080, 2400) d=0 taskParent=-1},{m=TO_BACK f=IS_WALLPAPER leash=Surface(name=WallpaperWindowToken{52330e7 showWhenLocked=false})/@0x254d828 sb=Rect(0, 0 - 1080, 2400) eb=Rect(0, 0 - 1080, 2400) epz=Point(1080, 2400) d=0}]}
02-26 16:50:32.533  1014  1116 V WindowManagerShell: loadAnimation: anim=android.view.animation.AnimationSet@6334ed4 animAttr=0x13 type=OPEN isEntrance=false
02-26 16:50:32.537  1014  1116 V WindowManagerShell: loadAnimation: anim=android.view.animation.AnimationSet@400d4be animAttr=0x12 type=OPEN isEntrance=true
02-26 16:50:32.548  1014  1116 V WindowManagerShell:  animated by com.android.wm.shell.transition.DefaultTransitionHandler@349a431
02-26 16:50:32.607   563   586 I adbd    : jdwp connection from 5722
02-26 16:50:32.744  5722  5722 D nativeloader: Load libframework-connectivity-tiramisu-jni.so using APEX ns com_android_tethering for caller /apex/com.android.tethering/javalib/framework-connectivity-t.jar: ok
02-26 16:50:32.803  1534  1541 W .apps.wellbeing: Suspending all threads took: 5.439ms
02-26 16:50:32.821  1534  1727 I .apps.wellbeing: AssetManager2(0x7c25d764ce58) locale list changing from [] to [en-US]
02-26 16:50:32.865  1014  1116 V WindowManagerShell: Transition animation finished (aborted=false), notifying core (#48) android.os.BinderProxy@8f7c79d@0
02-26 16:50:32.868  1534  1727 I .apps.wellbeing: AssetManager2(0x7c25d76654f8) locale list changing from [] to [en-US]
02-26 16:50:32.872   734   765 V WindowManager: Finish Transition (#48): created at 02-26 16:50:32.215 collect-started=0.032ms request-sent=6.078ms started=47.853ms ready=272.155ms sent=274.88ms commit=59.226ms finished=656.385ms
02-26 16:50:32.873  1160  1160 D VRI[NexusLauncherActivity]: visibilityChanged oldVisibility=true newVisibility=false
02-26 16:50:32.882  1160  1160 D NexusLauncherModelDelegate: notifySmartspaceEvent: SmartspaceTargetEvent{mSmartspaceTarget=null, mSmartspaceActionId='null', mEventType=7}
02-26 16:50:32.885  1014  1116 V WindowManagerShell: Track 0 became idle
02-26 16:50:32.885  1014  1116 V WindowManagerShell: All active transition animations finished
02-26 16:50:32.904  1534  1727 I .apps.wellbeing: AssetManager2(0x7c25d7642ef8) locale list changing from [] to [en-US]
02-26 16:50:32.906  1534  1727 I .apps.wellbeing: AssetManager2(0x7c25d7662f78) locale list changing from [] to [en-US]
02-26 16:50:32.913   734   965 D BackgroundInstallControlService: Package event received: 0
02-26 16:50:32.919  1534  1727 I .apps.wellbeing: AssetManager2(0x7c25d7661fd8) locale list changing from [] to [en-US]
02-26 16:50:32.927  1534  1727 I .apps.wellbeing: AssetManager2(0x7c25d765fd78) locale list changing from [] to [en-US]
02-26 16:50:33.276  1534  1727 I .apps.wellbeing: AssetManager2(0x7c25d76603b8) locale list changing from [] to [en-US]
02-26 16:50:33.287  1534  1727 I .apps.wellbeing: AssetManager2(0x7c25d76379b8) locale list changing from [] to [en-US]
02-26 16:50:33.294  1534  1727 I .apps.wellbeing: AssetManager2(0x7c25d7665818) locale list changing from [] to [en-US]
02-26 16:50:33.298  1534  1727 I .apps.wellbeing: AssetManager2(0x7c25d7648fd8) locale list changing from [] to [en-US]
02-26 16:50:33.316  1534  1727 I .apps.wellbeing: AssetManager2(0x7c25d76492f8) locale list changing from [] to [en-US]
02-26 16:50:33.319  1534  1727 I .apps.wellbeing: AssetManager2(0x7c25d763ce18) locale list changing from [] to [en-US]
02-26 16:50:33.337  1534  1727 I .apps.wellbeing: AssetManager2(0x7c25d76522b8) locale list changing from [] to [en-US]
02-26 16:50:33.345  1534  1727 I .apps.wellbeing: AssetManager2(0x7c25d764b238) locale list changing from [] to [en-US]
02-26 16:50:33.428  1534  1727 I .apps.wellbeing: AssetManager2(0x7c25d7634df8) locale list changing from [] to [en-US]
02-26 16:50:33.444  1534  1727 I .apps.wellbeing: AssetManager2(0x7c25d76441b8) locale list changing from [] to [en-US]
02-26 16:50:33.463  1534  1727 I .apps.wellbeing: AssetManager2(0x7c25d76476d8) locale list changing from [] to [en-US]
02-26 16:50:33.474  5722  5722 D nativeloader: Configuring clns-9 for other apk /data/app/~~-5RvhwOlxmeRSQVWEFf1Eg==/com.example.proyectofinal-UHgWf8jQbsq-GWoEiKq8fw==/base.apk. target_sdk_version=36, uses_libraries=, library_path=/data/app/~~-5RvhwOlxmeRSQVWEFf1Eg==/com.example.proyectofinal-UHgWf8jQbsq-GWoEiKq8fw==/lib/x86_64, permitted_path=/data:/mnt/expand:/data/user/0/com.example.proyectofinal
02-26 16:50:33.486  1534  1727 I .apps.wellbeing: AssetManager2(0x7c25d764b878) locale list changing from [] to [en-US]
02-26 16:50:33.492  5722  5722 I e.proyectofinal: AssetManager2(0x7c25d762f038) locale list changing from [] to [en-US]
02-26 16:50:33.515  5722  5722 V GraphicsEnvironment: Currently set values for:
02-26 16:50:33.515  5722  5722 V GraphicsEnvironment:   angle_gl_driver_selection_pkgs=[]
02-26 16:50:33.515  5722  5722 V GraphicsEnvironment:   angle_gl_driver_selection_values=[]
02-26 16:50:33.515  5722  5722 V GraphicsEnvironment: com.example.proyectofinal is not listed in per-application setting
02-26 16:50:33.517  5722  5722 V GraphicsEnvironment: ANGLE allowlist from config: com.dreamgames.royalmatch com.dts.freefiremax com.dxx.firenow com.gramgames.mergedragons com.ludo.king com.mojang.minecraftpe com.my.defense com.nintendo.zaka com.os.airforce com.playrix.fishdomdd.gplay io.teslatech.callbreak jp.konami.prospia net.peakgames.toonblast
02-26 16:50:33.518  5722  5722 V GraphicsEnvironment: com.example.proyectofinal is not listed in ANGLE allowlist or settings, returning default
02-26 16:50:33.518  5722  5722 V GraphicsEnvironment: Neither updatable production driver nor prerelease driver is supported.
02-26 16:50:33.526  1534  1727 I .apps.wellbeing: AssetManager2(0x7c25d764d498) locale list changing from [] to [en-US]
02-26 16:50:33.532  1534  1727 I .apps.wellbeing: AssetManager2(0x7c25d76415f8) locale list changing from [] to [en-US]
02-26 16:50:33.538  1534  1727 I .apps.wellbeing: AssetManager2(0x7c25d7641f58) locale list changing from [] to [en-US]
02-26 16:50:33.557   734  1733 W OptProp : Cannot read opt property android.window.PROPERTY_COMPAT_ENABLE_FAKE_FOCUS
02-26 16:50:33.559   734   965 D BackgroundInstallControlService: Package event received: 0
02-26 16:50:33.560   734   965 D BackgroundInstallControlService: Package event received: 0
02-26 16:50:33.563  1534  1727 I .apps.wellbeing: AssetManager2(0x7c25d7648678) locale list changing from [] to [en-US]
02-26 16:50:33.570  5722  5739 I DisplayManager: Choreographer implicitly registered for the refresh rate.
02-26 16:50:33.570  1534  1727 I .apps.wellbeing: AssetManager2(0x7c25d76444d8) locale list changing from [] to [en-US]
02-26 16:50:33.580  1534  1727 I .apps.wellbeing: AssetManager2(0x7c25d763f9d8) locale list changing from [] to [en-US]
02-26 16:50:33.580  5722  5722 I e.proyectofinal: AssetManager2(0x7c25d763aed8) locale list changing from [] to [en-US]
02-26 16:50:33.612  5722  5722 V Configuration: Updating configuration, locales updated from [en_US] to [en]
02-26 16:50:33.619  5722  5722 I e.proyectofinal: AssetManager2(0x7c25d763d458) locale list changing from [] to [en]
02-26 16:50:33.635  5722  5722 D AppCompatDelegate: Checking for metadata for AppLocalesMetadataHolderService : Service not found
02-26 16:50:33.635  5722  5722 I e.proyectofinal: AssetManager2(0x7c25d7634498) locale list changing from [] to [en-US]
02-26 16:50:33.636  5722  5722 V Configuration: Updating configuration, locales updated from [] to [en]
02-26 16:50:33.637  5722  5722 I e.proyectofinal: AssetManager2(0x7c25d7634df8) locale list changing from [] to [en]
02-26 16:50:33.651  5722  5722 E ashmem  : Pinning is deprecated since Android Q. Please use trim or other methods.
02-26 16:50:33.685  1534  1727 I .apps.wellbeing: AssetManager2(0x7c25d7637698) locale list changing from [] to [en-US]
02-26 16:50:33.685  5722  5739 I EGL_emulation: Opening libGLESv1_CM_emulation.so
02-26 16:50:33.686  5722  5739 I EGL_emulation: Opening libGLESv2_emulation.so
02-26 16:50:33.688  1534  1727 I .apps.wellbeing: AssetManager2(0x7c25d7646418) locale list changing from [] to [en-US]
02-26 16:50:33.690  1534  1727 I .apps.wellbeing: AssetManager2(0x7c25d7645dd8) locale list changing from [] to [en-US]
02-26 16:50:33.695  1534  1727 I .apps.wellbeing: AssetManager2(0x7c25d763d458) locale list changing from [] to [en-US]
02-26 16:50:33.698  5722  5739 W HWUI    : Failed to choose config with EGL_SWAP_BEHAVIOR_PRESERVED, retrying without...
02-26 16:50:33.698  5722  5739 W HWUI    : Failed to initialize 101010-2 format, error = EGL_SUCCESS
02-26 16:50:33.698  1534  1727 I .apps.wellbeing: AssetManager2(0x7c25d7632558) locale list changing from [] to [en-US]
02-26 16:50:33.701  1534  1727 I .apps.wellbeing: AssetManager2(0x7c25d76392b8) locale list changing from [] to [en-US]
02-26 16:50:33.703  1534  1727 I .apps.wellbeing: AssetManager2(0x7c25d7653bb8) locale list changing from [] to [en-US]
02-26 16:50:33.716  1534  1727 I .apps.wellbeing: AssetManager2(0x7c25d763e0d8) locale list changing from [] to [en-US]
02-26 16:50:33.727  1534  1727 I .apps.wellbeing: AssetManager2(0x7c25d7637058) locale list changing from [] to [en-US]
02-26 16:50:33.734  1534  1727 I .apps.wellbeing: AssetManager2(0x7c25d763a258) locale list changing from [] to [en-US]
02-26 16:50:33.741  5722  5722 D CompatChangeReporter: Compat change id reported: 377864165; UID 10218; state: ENABLED
02-26 16:50:33.745  5722  5722 D DesktopModeFlags: Toggle override initialized to: OVERRIDE_UNSET
02-26 16:50:33.747  1534  1727 I .apps.wellbeing: AssetManager2(0x7c25d7651318) locale list changing from [] to [en-US]
02-26 16:50:33.758  1534  1727 I .apps.wellbeing: AssetManager2(0x7c25d764e758) locale list changing from [] to [en-US]
02-26 16:50:33.769  5722  5722 I e.proyectofinal: hiddenapi: Accessing hidden method Landroid/view/ViewGroup;->makeOptionalFitsSystemWindows()V (runtime_flags=0, domain=platform, api=unsupported) from Landroidx/appcompat/widget/ViewUtils; (domain=app) using reflection: allowed
02-26 16:50:33.783  5722  5722 W HWUI    : Image decoding logging dropped!
02-26 16:50:33.789  1534  1727 I .apps.wellbeing: AssetManager2(0x7c25d7655af8) locale list changing from [] to [en-US]
02-26 16:50:33.792  1534  1727 I .apps.wellbeing: AssetManager2(0x7c25d7648038) locale list changing from [] to [en-US]
02-26 16:50:33.813  1534  1727 I .apps.wellbeing: AssetManager2(0x7c25d7654b58) locale list changing from [] to [en-US]
02-26 16:50:33.819  1534  1727 I .apps.wellbeing: AssetManager2(0x7c25d7651638) locale list changing from [] to [en-US]
02-26 16:50:33.876  5722  5722 W HWUI    : Image decoding logging dropped!
02-26 16:50:33.886  1534  1727 I .apps.wellbeing: AssetManager2(0x7c25d7654e78) locale list changing from [] to [en-US]
02-26 16:50:33.899  1534  1727 I .apps.wellbeing: AssetManager2(0x7c25d7653258) locale list changing from [] to [en-US]
02-26 16:50:33.909  1534  1727 I .apps.wellbeing: AssetManager2(0x7c25d7650cd8) locale list changing from [] to [en-US]
02-26 16:50:33.927  1534  1727 I .apps.wellbeing: AssetManager2(0x7c25d7652f38) locale list changing from [] to [en-US]
02-26 16:50:33.965  1534  1727 I .apps.wellbeing: AssetManager2(0x7c25d76525d8) locale list changing from [] to [en-US]
02-26 16:50:33.974  1534  1727 I .apps.wellbeing: AssetManager2(0x7c25d76541f8) locale list changing from [] to [en-US]
02-26 16:50:34.005  1534  1727 I .apps.wellbeing: AssetManager2(0x7c25d7651c78) locale list changing from [] to [en-US]
02-26 16:50:34.013  1534  1727 I .apps.wellbeing: AssetManager2(0x7c25d764fa18) locale list changing from [] to [en-US]
02-26 16:50:34.114  1534  1727 I .apps.wellbeing: AssetManager2(0x7c25d7653578) locale list changing from [] to [en-US]
02-26 16:50:34.125  1534  1727 I .apps.wellbeing: AssetManager2(0x7c25d764f0b8) locale list changing from [] to [en-US]
02-26 16:50:34.137  1534  1727 I .apps.wellbeing: AssetManager2(0x7c25d7652c18) locale list changing from [] to [en-US]
02-26 16:50:34.148  1534  1727 I .apps.wellbeing: AssetManager2(0x7c25d764ed98) locale list changing from [] to [en-US]
02-26 16:50:34.153  1534  1727 I .apps.wellbeing: AssetManager2(0x7c25d7655e18) locale list changing from [] to [en-US]
02-26 16:50:34.160  5722  5722 W HWUI    : Unknown dataspace 0
02-26 16:50:34.174  5722  5722 I Choreographer: Skipped 36 frames!  The application may be doing too much work on its main thread.
02-26 16:50:34.178   734  1737 D CoreBackPreview: Window{6fb9663 u0 com.example.proyectofinal/com.example.proyectofinal.LoginActivity}: Setting back callback OnBackInvokedCallbackInfo{mCallback=android.window.IOnBackInvokedCallback$Stub$Proxy@a2a5319, mPriority=-1, mIsAnimationCallback=false, mOverrideBehavior=0}
02-26 16:50:34.216  1534  1727 I .apps.wellbeing: AssetManager2(0x7c25d76509b8) locale list changing from [] to [en-US]
02-26 16:50:34.228  1534  1727 I .apps.wellbeing: AssetManager2(0x7c25d7651958) locale list changing from [] to [en-US]
02-26 16:50:34.233  1534  1727 I .apps.wellbeing: AssetManager2(0x7c25d7650698) locale list changing from [] to [en-US]
02-26 16:50:34.235  1534  1727 I .apps.wellbeing: AssetManager2(0x7c25d7653ed8) locale list changing from [] to [en-US]
02-26 16:50:34.250  1534  1727 I .apps.wellbeing: AssetManager2(0x7c25d7644e38) locale list changing from [] to [en-US]
02-26 16:50:34.265  1534  1727 I .apps.wellbeing: AssetManager2(0x7c25d7654518) locale list changing from [] to [en-US]
02-26 16:50:34.277  1534  1727 I .apps.wellbeing: AssetManager2(0x7c25d7640978) locale list changing from [] to [en-US]
02-26 16:50:34.292  1534  1727 I .apps.wellbeing: AssetManager2(0x7c25d7643b78) locale list changing from [] to [en-US]
02-26 16:50:34.364  1534  1727 I .apps.wellbeing: AssetManager2(0x7c25d7645ab8) locale list changing from [] to [en-US]
02-26 16:50:34.381  1534  1727 I .apps.wellbeing: AssetManager2(0x7c25d7642598) locale list changing from [] to [en-US]
02-26 16:50:34.401  1534  1727 I .apps.wellbeing: AssetManager2(0x7c25d7641c38) locale list changing from [] to [en-US]
02-26 16:50:34.471   734   765 I ActivityTaskManager: Displayed com.example.proyectofinal/.LoginActivity for user 0: +2s258ms
02-26 16:50:34.489  5722  5735 I HWUI    : Davey! duration=894ms; Flags=1, FrameTimelineVsyncId=73378, IntendedVsync=1167681726241, Vsync=1168281726217, InputEventId=0, HandleInputStart=1168292677675, AnimationStart=1168292682705, PerformTraversalsStart=1168292783947, DrawStart=1168397969471, FrameDeadline=1167698392907, FrameStartTime=1168292438382, FrameInterval=16666666, WorkloadTarget=16666666, SyncQueued=1168413814919, SyncStart=1168422779854, IssueDrawCommandsStart=1168424084713, SwapBuffers=1168563633739, FrameCompleted=1168585663350, DequeueBufferDuration=6023, QueueBufferDuration=268276, GpuCompleted=1168585663350, SwapBuffersCompleted=1168578380032, DisplayPresentTime=0, CommandSubmissionCompleted=1168563633739, 
02-26 16:50:34.553   734   870 I ImeTracker: com.example.proyectofinal:55414cf9: onRequestHide at ORIGIN_SERVER reason HIDE_UNSPECIFIED_WINDOW fromUser false
02-26 16:50:34.557  1534  1727 I .apps.wellbeing: AssetManager2(0x7c25d7640658) locale list changing from [] to [en-US]
02-26 16:50:34.562  1488  1488 I GoogleInputMethodService: GoogleInputMethodService.onFinishInput():2043 
02-26 16:50:34.568   734  1733 I ImeTracker: system_server:cdea96e0: onRequestHide at ORIGIN_SERVER reason IME_REQUESTED_CHANGED_LISTENER fromUser false
02-26 16:50:34.569   734   768 I ImeTracker: system_server:cdea96e0: onCancelled at PHASE_SERVER_SHOULD_HIDE
02-26 16:50:34.570  1488  1488 I Module  : DeviceLockedStatusModuleProvider$Module.updateDeviceLockedStatus():100 repeatCheckTimes = 0, locked = false
02-26 16:50:34.570  5722  5722 D InsetsController: hide(ime(), fromIme=false)
02-26 16:50:34.570  1488  1488 I GoogleInputMethodService: GoogleInputMethodService.onStartInput():1293 onStartInput(EditorInfo{EditorInfo{packageName=com.example.proyectofinal, inputType=0, inputTypeString=NULL, enableLearning=false, autoCorrection=false, autoComplete=false, imeOptions=0, privateImeOptions=null, actionName=UNSPECIFIED, actionLabel=null, initialSelStart=-1, initialSelEnd=-1, initialCapsMode=0, label=null, fieldId=0, fieldName=null, extras=null, hintText=null, hintLocales=[]}}, false)
02-26 16:50:34.570  5722  5722 I ImeTracker: com.example.proyectofinal:55414cf9: onCancelled at PHASE_CLIENT_ALREADY_HIDDEN
02-26 16:50:34.572  1488  1488 I Module  : DeviceLockedStatusModuleProvider$Module.updateDeviceLockedStatus():100 repeatCheckTimes = 1, locked = false
02-26 16:50:34.573   734  1733 W PackageConfigPersister: App-specific configuration not found for packageName: com.example.proyectofinal and userId: 0
02-26 16:50:34.593  1534  1727 I .apps.wellbeing: AssetManager2(0x7c25d763fcf8) locale list changing from [] to [en-US]
02-26 16:50:34.618  1160  1160 D BaseDepthController: setSurface:
02-26 16:50:34.618  1160  1160 D BaseDepthController: 	mWaitingOnSurfaceValidity: false
02-26 16:50:34.618  1160  1160 D BaseDepthController: 	mBaseSurface: null
02-26 16:50:34.618  1160  1160 D BaseDepthController: mSurface is null and mCurrentBlur is: 0
02-26 16:50:34.620  1160  1160 D StateManager: goToState - fromState: Normal, toState: Normal, partial trace:
02-26 16:50:34.620  1160  1160 D StateManager: 	at com.android.launcher3.statemanager.StateManager.moveToRestState(go/retraceme 72a59688580715d19f0e415c69e80376c2f062d1648c80db6730905005a27c20:4)
02-26 16:50:34.620  1160  1160 D StateManager: 	at com.android.launcher3.statemanager.StateManager.moveToRestState(go/retraceme 72a59688580715d19f0e415c69e80376c2f062d1648c80db6730905005a27c20:1)
02-26 16:50:34.620  1160  1160 D StateManager: 	at com.android.launcher3.statemanager.StatefulActivity.onStop(go/retraceme 72a59688580715d19f0e415c69e80376c2f062d1648c80db6730905005a27c20:34)
02-26 16:50:34.622  1160  1160 D StatsLog: LAUNCHER_ONSTOP
02-26 16:50:34.625  1160  1160 D StatsLog: LAUNCHER_GOOGLE_SEARCH_RESTORE_LIST_SIZE_AFTER_ACTIVITY_RESTART
02-26 16:50:34.633  1534  1727 I .apps.wellbeing: AssetManager2(0x7c25d76428b8) locale list changing from [] to [en-US]
02-26 16:50:34.636   734   965 D BackgroundInstallControlService: Package event received: 0
02-26 16:50:34.689  1534  1727 I .apps.wellbeing: AssetManager2(0x7c25d7643858) locale list changing from [] to [en-US]
02-26 16:50:34.704  1336  1751 I FontLog : (REDACTED) Received query %s, URI %s
02-26 16:50:34.704  1336  1751 I FontLog : (REDACTED) Query [%s] resolved to %s
02-26 16:50:34.721  1336  1751 I FontLog : (REDACTED) Fetch %s end status %s
02-26 16:50:34.734  1336  1751 I FontLog : (REDACTED) Pulling font file for id = %d, cache size = %d
02-26 16:50:34.767  1534  1727 I .apps.wellbeing: AssetManager2(0x7c25d763caf8) locale list changing from [] to [en-US]
02-26 16:50:34.791  1534  1727 I .apps.wellbeing: AssetManager2(0x7c25d7645478) locale list changing from [] to [en-US]
02-26 16:50:34.799  1534  1727 I .apps.wellbeing: AssetManager2(0x7c25d763c4b8) locale list changing from [] to [en-US]
02-26 16:50:34.802  1336  1751 I FontLog : (REDACTED) Pulling font file for id = %d, cache size = %d
02-26 16:50:34.816  1534  1727 I .apps.wellbeing: AssetManager2(0x7c25d763ed58) locale list changing from [] to [en-US]
02-26 16:50:34.833  1534  1727 I .apps.wellbeing: AssetManager2(0x7c25d7640fb8) locale list changing from [] to [en-US]
02-26 16:50:34.837  1534  1727 I .apps.wellbeing: AssetManager2(0x7c25d7640c98) locale list changing from [] to [en-US]
02-26 16:50:34.841  1534  1727 I .apps.wellbeing: AssetManager2(0x7c25d76412d8) locale list changing from [] to [en-US]
02-26 16:50:34.847  1534  1727 I .apps.wellbeing: AssetManager2(0x7c25d7640338) locale list changing from [] to [en-US]
02-26 16:50:34.887  1534  1727 I .apps.wellbeing: AssetManager2(0x7c25d7641918) locale list changing from [] to [en-US]
02-26 16:50:34.900  1534  1727 I .apps.wellbeing: AssetManager2(0x7c25d76479f8) locale list changing from [] to [en-US]
02-26 16:50:34.912  1534  1727 I .apps.wellbeing: AssetManager2(0x7c25d764a8d8) locale list changing from [] to [en-US]
02-26 16:50:34.923  1534  1727 I .apps.wellbeing: AssetManager2(0x7c25d7645798) locale list changing from [] to [en-US]
02-26 16:50:34.971  1534  1727 I .apps.wellbeing: AssetManager2(0x7c25d764b558) locale list changing from [] to [en-US]
02-26 16:50:34.980  1534  1727 I .apps.wellbeing: AssetManager2(0x7c25d76460f8) locale list changing from [] to [en-US]
02-26 16:50:34.999  1534  1727 I .apps.wellbeing: AssetManager2(0x7c25d7642278) locale list changing from [] to [en-US]
02-26 16:50:35.012  1534  1727 I .apps.wellbeing: AssetManager2(0x7c25d76473b8) locale list changing from [] to [en-US]
02-26 16:50:35.016  1534  1727 I .apps.wellbeing: AssetManager2(0x7c25d763f6b8) locale list changing from [] to [en-US]
02-26 16:50:35.044  1534  1727 I .apps.wellbeing: AssetManager2(0x7c25d7648cb8) locale list changing from [] to [en-US]
02-26 16:50:35.096  1534  1727 I .apps.wellbeing: AssetManager2(0x7c25d7647098) locale list changing from [] to [en-US]
02-26 16:50:35.108  1534  1727 I .apps.wellbeing: AssetManager2(0x7c25d764e118) locale list changing from [] to [en-US]
02-26 16:50:35.152  5722  5727 I e.proyectofinal: Compiler allocated 5042KB to compile void android.view.ViewRootImpl.performTraversals()
02-26 16:50:35.317  1534  1727 I .apps.wellbeing: AssetManager2(0x7c25d764ddf8) locale list changing from [] to [en-US]
02-26 16:50:35.322  1534  1727 I .apps.wellbeing: AssetManager2(0x7c25d7649c58) locale list changing from [] to [en-US]
02-26 16:50:35.334  1534  1727 I .apps.wellbeing: AssetManager2(0x7c25d7637378) locale list changing from [] to [en-US]
02-26 16:50:35.343  1534  1727 I .apps.wellbeing: AssetManager2(0x7c25d7637cd8) locale list changing from [] to [en-US]
02-26 16:50:35.371  1534  1727 I .apps.wellbeing: AssetManager2(0x7c25d764dad8) locale list changing from [] to [en-US]
02-26 16:50:35.384  1534  1727 I .apps.wellbeing: AssetManager2(0x7c25d7635a78) locale list changing from [] to [en-US]
02-26 16:50:35.387  1534  1727 I .apps.wellbeing: AssetManager2(0x7c25d763d138) locale list changing from [] to [en-US]
02-26 16:50:35.390  1534  1727 I .apps.wellbeing: AssetManager2(0x7c25d7644b18) locale list changing from [] to [en-US]
02-26 16:50:35.437  1534  1727 I .apps.wellbeing: AssetManager2(0x7c25d763ddb8) locale list changing from [] to [en-US]
02-26 16:50:35.446  1534  1727 I .apps.wellbeing: AssetManager2(0x7c25d7654838) locale list changing from [] to [en-US]
02-26 16:50:35.455  1534  1727 I .apps.wellbeing: AssetManager2(0x7c25d7657d58) locale list changing from [] to [en-US]
02-26 16:50:35.464  1534  1727 I .apps.wellbeing: AssetManager2(0x7c25d7657718) locale list changing from [] to [en-US]
02-26 16:50:35.491  1534  1727 I .apps.wellbeing: AssetManager2(0x7c25d7653898) locale list changing from [] to [en-US]
02-26 16:50:35.498  1534  1727 I .apps.wellbeing: AssetManager2(0x7c25d765b598) locale list changing from [] to [en-US]
02-26 16:50:35.516  1534  1727 I .apps.wellbeing: AssetManager2(0x7c25d765f0f8) locale list changing from [] to [en-US]
02-26 16:50:35.520  1534  1727 I .apps.wellbeing: AssetManager2(0x7c25d7656a98) locale list changing from [] to [en-US]
02-26 16:50:35.600  1534  1727 I .apps.wellbeing: AssetManager2(0x7c25d76586b8) locale list changing from [] to [en-US]
02-26 16:50:35.627  1534  1727 I .apps.wellbeing: AssetManager2(0x7c25d76573f8) locale list changing from [] to [en-US]
02-26 16:50:35.636  1534  1727 I .apps.wellbeing: AssetManager2(0x7c25d765db18) locale list changing from [] to [en-US]
02-26 16:50:35.647  1534  1727 I .apps.wellbeing: AssetManager2(0x7c25d765a918) locale list changing from [] to [en-US]
02-26 16:50:35.662  1534  1727 I .apps.wellbeing: AssetManager2(0x7c25d765c538) locale list changing from [] to [en-US]
02-26 16:50:35.674  1534  1727 I .apps.wellbeing: AssetManager2(0x7c25d765af58) locale list changing from [] to [en-US]
02-26 16:50:35.680  1534  1727 I .apps.wellbeing: AssetManager2(0x7c25d76609f8) locale list changing from [] to [en-US]
02-26 16:50:35.698  1534  1727 I .apps.wellbeing: AssetManager2(0x7c25d765bef8) locale list changing from [] to [en-US]
02-26 16:50:35.704  1534  1727 I .apps.wellbeing: AssetManager2(0x7c25d76635b8) locale list changing from [] to [en-US]
02-26 16:50:35.708  1534  1727 I .apps.wellbeing: AssetManager2(0x7c25d765d4d8) locale list changing from [] to [en-US]
02-26 16:50:35.712  1534  1727 I .apps.wellbeing: AssetManager2(0x7c25d7658cf8) locale list changing from [] to [en-US]
02-26 16:50:35.734   734  1678 E TaskPersister: File error accessing recents directory (directory doesn't exist?).
02-26 16:50:35.735  1534  1727 I .apps.wellbeing: AssetManager2(0x7c25d7659fb8) locale list changing from [] to [en-US]
02-26 16:50:35.739  1534  1727 I .apps.wellbeing: AssetManager2(0x7c25d765b8b8) locale list changing from [] to [en-US]
02-26 16:50:35.740  1534  1727 I .apps.wellbeing: AssetManager2(0x7c25d7662618) locale list changing from [] to [en-US]
02-26 16:50:35.758  1534  1727 I .apps.wellbeing: AssetManager2(0x7c25d7659978) locale list changing from [] to [en-US]
02-26 16:50:35.765  1534  1727 I .apps.wellbeing: AssetManager2(0x7c25d765d7f8) locale list changing from [] to [en-US]
02-26 16:50:35.767  1534  1727 I .apps.wellbeing: AssetManager2(0x7c25d7656138) locale list changing from [] to [en-US]
02-26 16:50:35.773  1534  1727 I .apps.wellbeing: AssetManager2(0x7c25d765c858) locale list changing from [] to [en-US]
02-26 16:50:35.782  1534  1727 I .apps.wellbeing: AssetManager2(0x7c25d7663f18) locale list changing from [] to [en-US]
02-26 16:50:35.788  1534  1727 I .apps.wellbeing: AssetManager2(0x7c25d765e478) locale list changing from [] to [en-US]
02-26 16:50:35.793  1534  1727 I .apps.wellbeing: AssetManager2(0x7c25d765d1b8) locale list changing from [] to [en-US]
02-26 16:50:35.797  1534  1727 I .apps.wellbeing: AssetManager2(0x7c25d7659018) locale list changing from [] to [en-US]
02-26 16:50:35.804  1534  1727 I .apps.wellbeing: AssetManager2(0x7c25d7659658) locale list changing from [] to [en-US]
02-26 16:50:35.814  1534  1727 I .apps.wellbeing: AssetManager2(0x7c25d765c218) locale list changing from [] to [en-US]
02-26 16:50:39.160   734  2318 W ActivityManager: stopServiceToken startId 14 is last, but have 1 remaining args
02-26 16:50:39.230  5722  5749 D ProfileInstaller: Installing profile for com.example.proyectofinal
02-26 16:50:39.522   734  2318 V AutofillSession: Primary service component name: ComponentInfo{com.google.android.gms/com.google.android.gms.autofill.service.AutofillService}, secondary service component name: ComponentInfo{com.android.credentialmanager/com.android.credentialmanager.autofill.CredentialAutofillService}
02-26 16:50:39.522   734  2318 V SecondaryProviderHandler: Creating a secondary provider handler with component name, ComponentInfo{com.android.credentialmanager/com.android.credentialmanager.autofill.CredentialAutofillService}
02-26 16:50:39.527   734  2318 D PresentationStatsEventLogger: Started new PresentationStatsEvent
02-26 16:50:39.529   734  2318 I AppsFilter: interaction: PackageSetting{6bdc9f6 com.example.proyectofinal/10218} -> PackageSetting{843ff05 com.google.android.inputmethod.latin/10160} BLOCKED
02-26 16:50:39.529   734  2318 W FillRequestEventLogger: Couldn't find packageName: com.google.android.inputmethod.latin
02-26 16:50:39.534  5722  5722 I AutofillManager: showAutofillDialog() return false due to improve fill dialog
02-26 16:50:39.535  5722  5722 I ImeTracker: com.example.proyectofinal:c96fc726: onRequestShow at ORIGIN_CLIENT reason SHOW_SOFT_INPUT fromUser true
02-26 16:50:39.536  1488  1488 I GoogleInputMethodService: GoogleInputMethodService.onFinishInput():2043 
02-26 16:50:39.537  1488  1488 I Module  : DeviceLockedStatusModuleProvider$Module.updateDeviceLockedStatus():100 repeatCheckTimes = 0, locked = false
02-26 16:50:39.538  1488  1488 I DeviceIntelligenceExtension: DeviceIntelligenceExtension.getInlineSuggestionsRequest():281 Inline suggestions disabled in stylus mode or vertical PK/Voice toolbar
02-26 16:50:39.538  5722  5722 D InsetsController: show(ime(), fromIme=false)
02-26 16:50:39.538  1488  1488 I GoogleInputMethodService: GoogleInputMethodService.onStartInput():1293 onStartInput(EditorInfo{EditorInfo{packageName=com.example.proyectofinal, inputType=21, inputTypeString=EmailAddress[], enableLearning=true, autoCorrection=false, autoComplete=true, imeOptions=8000005, privateImeOptions=null, actionName=NEXT, actionLabel=null, initialSelStart=0, initialSelEnd=0, initialCapsMode=0, label=null, fieldId=2131230928, fieldName=null, extras=Bundle[mParcelledData.dataSize=404], hintText=non-empty, hintLocales=[]}}, false)
02-26 16:50:39.539  5722  5722 D InsetsController: Setting requestedVisibleTypes to -1 (was -9)
02-26 16:50:39.540   734   965 D BackgroundInstallControlService: Package event received: 0
02-26 16:50:39.547  5722  5722 I AssistStructure: Flattened final assist data: 2184 bytes, containing 1 windows, 9 views
02-26 16:50:39.549   734  1733 D AutofillSession: createPendingIntent for request 180
02-26 16:50:39.550   734  1733 D ContentCapturePerUserService: Notified activity assist data for activity: Token{5fbaf1b ActivityRecord{249019925 u0 com.example.proyectofinal/.LoginActivity t61}} without a session Id
02-26 16:50:39.551   734   965 D BackgroundInstallControlService: Package event received: 0
02-26 16:50:39.552  1488  1488 I Module  : DeviceLockedStatusModuleProvider$Module.updateDeviceLockedStatus():100 repeatCheckTimes = 1, locked = false
02-26 16:50:39.553   734  1733 W PackageConfigPersister: App-specific configuration not found for packageName: com.example.proyectofinal and userId: 0
02-26 16:50:39.553  1488  1488 I StylusModule: StylusModule.onUpdateToolType():801 Update tool type = 2
02-26 16:50:39.555  1488  1488 I GoogleInputMethodService: GoogleInputMethodService.onStartInputView():1392 onStartInputView(EditorInfo{EditorInfo{packageName=com.example.proyectofinal, inputType=21, inputTypeString=EmailAddress[], enableLearning=true, autoCorrection=false, autoComplete=true, imeOptions=8000005, privateImeOptions=null, actionName=NEXT, actionLabel=null, initialSelStart=0, initialSelEnd=0, initialCapsMode=0, label=null, fieldId=2131230928, fieldName=null, extras=Bundle[{android.support.text.emoji.emojiCompat_metadataVersion=10, androidx.core.view.inputmethod.EditorInfoCompat.STYLUS_HANDWRITING_ENABLED=true, android.support.text.emoji.emojiCompat_replaceAll=false}], hintText=non-empty, hintLocales=[]}}, false)
02-26 16:50:39.557  1488  1488 I KeyboardHeightUtil: KeyboardHeightUtil.getOemKeyboardHeightRatio():161 systemKeyboardHeightRatio:1.000000.
02-26 16:50:39.559  1488  1488 I AndroidIME: InputBundleManager.loadActiveInputBundleId():483 loadActiveInputBundleId: en-US, ime_english_united_states
02-26 16:50:39.560  1488  1488 I AndroidIME: AbstractIme.onActivate():90 LatinIme.onActivate() : EditorInfo = EditorInfo{packageName=com.example.proyectofinal, inputType=21, inputTypeString=EmailAddress[], enableLearning=true, autoCorrection=false, autoComplete=true, imeOptions=8000005, privateImeOptions=null, actionName=NEXT, actionLabel=null, initialSelStart=0, initialSelEnd=0, initialCapsMode=0, label=null, fieldId=2131230928, fieldName=null, extras=Bundle[{android.support.text.emoji.emojiCompat_metadataVersion=10, androidx.core.view.inputmethod.EditorInfoCompat.STYLUS_HANDWRITING_ENABLED=true, android.support.text.emoji.emojiCompat_replaceAll=false}], hintText=non-empty, hintLocales=[]}, IncognitoMode = false, DeviceLocked = false
02-26 16:50:39.561  1488  1488 I InputBundle: InputBundle.consumeEvent():949 Skip consuming an event as keyboard status is 0
02-26 16:50:39.562  1488  1488 I Delight5Facilitator: Delight5Facilitator.initializeForIme():729 initializeForIme() : Locale = [en_US], layout = qwerty
02-26 16:50:39.562  1488  1488 I LatinIme: LatinIme.updateEnableInlineSuggestionsOnDecoderSideFlags():1256 inline flag updated to:false
02-26 16:50:39.564  1756  1756 D BoundBrokerSvc: onBind: Intent { act=com.google.android.mdd.service.START dat=chimera-action:/... xflg=0x4 cmp=com.google.android.gms/.chimera.GmsBoundBrokerService }
02-26 16:50:39.564  1488  1488 I LatinIme: LatinIme.updateEnableInlineSuggestionsOnDecoderSideFlags():1256 inline flag updated to:false
02-26 16:50:39.564  1756  1756 D BoundBrokerSvc: Loading bound service for intent: Intent { act=com.google.android.mdd.service.START dat=chimera-action:/... xflg=0x4 cmp=com.google.android.gms/.chimera.GmsBoundBrokerService }
02-26 16:50:39.576  1488  1488 I InputBundle: InputBundle.consumeEvent():949 Skip consuming an event as keyboard status is 0
02-26 16:50:39.576  1488  1488 I InputBundle: InputBundle.consumeEvent():949 Skip consuming an event as keyboard status is 0
