02-26 16:50:39.578  1488  1488 I KeyboardWrapper: KeyboardWrapper.activateKeyboard():562 activateKeyboard(): type=accessory, status=0, imeDef=kyj{stringId=ime_english_united_states, language=en-US, languageTag=en-US, processedConditions={enable_number_row=false, device=phone}, className=com.google.android.libraries.inputmethod.ime.experiment.ExperimentImeWrapper, label=0, keyEventInterpreter=null, inlineComposing=true, autoCapital=true, announceAutoSelectedCandidate=true, statusIcon=0, primeKeyboardType=SOFT, indicatorIcon=0, indicatorLabel=US, displayAppCompletions=true, extraValues=kyb{#0x7f0b021c=TypedValue{t=0x3/d=0x0 "writing_helper_enable_by_word_revert=false"}, #0x7f0b0222=TypedValue{t=0x3/d=0x0 "com.google.android.apps.inputmethod.libs.latin5.LatinIme"}, #0x7f0b0223=TypedValue{t=0x3/d=0x0 "com.google.android.apps.inputmethod.libs.edittracker.EditTrackingImeWrapper"}, #0x7f0b0224=TypedValue{t=0x3/d=0x0 "com.google.android.apps.inputmethod.libs.latin5.LatinIme"}}, processors=lac@69abe17, unacceptableMetaKeys=4098, languageSpecificSettings=0, asciiCapable=true, alwaysShowSuggestions=false, useAsciiPasswordKeyboard=false, secondaryIme=null, keyboardGroupDef=kzl@8f42a38, phenotypeFlagId=0, localizationLanguageTag=null, supportsInlineSuggestion=true}
02-26 16:50:39.578  1488  1488 I KeyboardManager: KeyboardManager.requestKeyboard():248 Creating keyboard accessory, imeId=ime_english_united_states, cacheKey=theme_!gsf_!pgsans_!pgsf_!use_system_font_BORDER=true_FLAVOR_DPI=XXHDPI_KEYBOARD_WIDTH_CATEGORY=NORMAL_LIGHT_THEME=true_PHYSICAL_DIAGONAL=6.1297245_SCREEN_SHORTEST_WIDTH=411_SCREEN_SHORTEST_WIDTH_NO_SCALE=411_bottom4dp_enable_google_fonts_icons=true_enable_popup_on_keypress=true_keyboard_redesign_google_sans=true_noshadow_overlay_builtin_dynamic_color_light_base.binarypb:gm3-light-fffaf8ff-ff495d92-82b625f90d810779661adb8ce93b5ac5_silkpopup_unify_function_key_color=true
02-26 16:50:39.579  1488  1488 I KeyboardWrapper: KeyboardWrapper.onKeyboardReady():212 onKeyboardReady(): type=accessory(accessory), kb=com.google.android.libraries.inputmethod.keyboard.impl.Keyboard@a3c37ed
02-26 16:50:39.579  1488  1488 I KeyboardWrapper: KeyboardWrapper.doActivateKeyboard():589 doActivateKeyboard(): accessory
02-26 16:50:39.579  1488  1488 W Keyboard: Keyboard.getKeyboardViewHelper():597 null helper is returned: keyboardDef=kze{processedConditions={}, globalConditions={}, className=com.google.android.libraries.inputmethod.keyboard.impl.Keyboard, resourceIds=[#0x7f170045], initialStates=0, keyboardViewDefs=[], persistentStates=0, persistentStatesPrefKey=null, popupBubbleLayoutId=0, recentKeyLayoutId=0, recentKeyPopupLayoutId=0, recentKeyType=null, rememberRecentKey=NONE, sessionStates=0}, type=HEADER, helpersCreated=[null, null, null, null], context.getResources().getConfiguration(): {1.0 310mcc260mnc [en_US] ldltr sw411dp w411dp h914dp 420dpi nrml long port finger qwerty/v/v dpad/v winConfig={ mBounds=Rect(0, 0 - 1080, 2400) mAppBounds=Rect(0, 0 - 1080, 2400) mMaxBounds=Rect(0, 0 - 1080, 2400) mDisplayRotation=ROTATION_0 mWindowingMode=fullscreen mActivityType=undefined mAlwaysOnTop=undefined mRotation=ROTATION_0} s.9 fontWeightAdjustment=0}
02-26 16:50:39.584  1488  1488 W Keyboard: Keyboard.getKeyboardViewHelper():597 null helper is returned: keyboardDef=kze{processedConditions={}, globalConditions={}, className=com.google.android.libraries.inputmethod.keyboard.impl.Keyboard, resourceIds=[#0x7f170045], initialStates=0, keyboardViewDefs=[], persistentStates=0, persistentStatesPrefKey=null, popupBubbleLayoutId=0, recentKeyLayoutId=0, recentKeyPopupLayoutId=0, recentKeyType=null, rememberRecentKey=NONE, sessionStates=0}, type=BODY, helpersCreated=[null, null, null, null], context.getResources().getConfiguration(): {1.0 310mcc260mnc [en_US] ldltr sw411dp w411dp h914dp 420dpi nrml long port finger qwerty/v/v dpad/v winConfig={ mBounds=Rect(0, 0 - 1080, 2400) mAppBounds=Rect(0, 0 - 1080, 2400) mMaxBounds=Rect(0, 0 - 1080, 2400) mDisplayRotation=ROTATION_0 mWindowingMode=fullscreen mActivityType=undefined mAlwaysOnTop=undefined mRotation=ROTATION_0} s.9 fontWeightAdjustment=0}
02-26 16:50:39.584  1488  1488 I GlobeKeyExtension: GlobeKeyExtension.getKeyboardInitialStates():131 
02-26 16:50:39.585  1488  1488 W Keyboard: Keyboard.getKeyboardViewHelper():597 null helper is returned: keyboardDef=kze{processedConditions={}, globalConditions={}, className=com.google.android.libraries.inputmethod.keyboard.impl.Keyboard, resourceIds=[#0x7f170045], initialStates=0, keyboardViewDefs=[], persistentStates=0, persistentStatesPrefKey=null, popupBubbleLayoutId=0, recentKeyLayoutId=0, recentKeyPopupLayoutId=0, recentKeyType=null, rememberRecentKey=NONE, sessionStates=0}, type=HEADER, helpersCreated=[null, null, null, null], context.getResources().getConfiguration(): {1.0 310mcc260mnc [en_US] ldltr sw411dp w411dp h914dp 420dpi nrml long port finger qwerty/v/v dpad/v winConfig={ mBounds=Rect(0, 0 - 1080, 2400) mAppBounds=Rect(0, 0 - 1080, 2400) mMaxBounds=Rect(0, 0 - 1080, 2400) mDisplayRotation=ROTATION_0 mWindowingMode=fullscreen mActivityType=undefined mAlwaysOnTop=undefined mRotation=ROTATION_0} s.9 fontWeightAdjustment=0}
02-26 16:50:39.585  1488  1488 W Keyboard: Keyboard.getKeyboardViewHelper():597 null helper is returned: keyboardDef=kze{processedConditions={}, globalConditions={}, className=com.google.android.libraries.inputmethod.keyboard.impl.Keyboard, resourceIds=[#0x7f170045], initialStates=0, keyboardViewDefs=[], persistentStates=0, persistentStatesPrefKey=null, popupBubbleLayoutId=0, recentKeyLayoutId=0, recentKeyPopupLayoutId=0, recentKeyType=null, rememberRecentKey=NONE, sessionStates=0}, type=BODY, helpersCreated=[null, null, null, null], context.getResources().getConfiguration(): {1.0 310mcc260mnc [en_US] ldltr sw411dp w411dp h914dp 420dpi nrml long port finger qwerty/v/v dpad/v winConfig={ mBounds=Rect(0, 0 - 1080, 2400) mAppBounds=Rect(0, 0 - 1080, 2400) mMaxBounds=Rect(0, 0 - 1080, 2400) mDisplayRotation=ROTATION_0 mWindowingMode=fullscreen mActivityType=undefined mAlwaysOnTop=undefined mRotation=ROTATION_0} s.9 fontWeightAdjustment=0}
02-26 16:50:39.586  1488  1488 W Keyboard: Keyboard.getKeyboardViewHelper():597 null helper is returned: keyboardDef=kze{processedConditions={}, globalConditions={}, className=com.google.android.libraries.inputmethod.keyboard.impl.Keyboard, resourceIds=[#0x7f170045], initialStates=0, keyboardViewDefs=[], persistentStates=0, persistentStatesPrefKey=null, popupBubbleLayoutId=0, recentKeyLayoutId=0, recentKeyPopupLayoutId=0, recentKeyType=null, rememberRecentKey=NONE, sessionStates=0}, type=FLOATING_CANDIDATES, helpersCreated=[null, null, null, null], context.getResources().getConfiguration(): {1.0 310mcc260mnc [en_US] ldltr sw411dp w411dp h914dp 420dpi nrml long port finger qwerty/v/v dpad/v winConfig={ mBounds=Rect(0, 0 - 1080, 2400) mAppBounds=Rect(0, 0 - 1080, 2400) mMaxBounds=Rect(0, 0 - 1080, 2400) mDisplayRotation=ROTATION_0 mWindowingMode=fullscreen mActivityType=undefined mAlwaysOnTop=undefined mRotation=ROTATION_0} s.9 fontWeightAdjustment=0}
02-26 16:50:39.586  1488  1488 W Keyboard: Keyboard.getKeyboardViewHelper():597 null helper is returned: keyboardDef=kze{processedConditions={}, globalConditions={}, className=com.google.android.libraries.inputmethod.keyboard.impl.Keyboard, resourceIds=[#0x7f170045], initialStates=0, keyboardViewDefs=[], persistentStates=0, persistentStatesPrefKey=null, popupBubbleLayoutId=0, recentKeyLayoutId=0, recentKeyPopupLayoutId=0, recentKeyType=null, rememberRecentKey=NONE, sessionStates=0}, type=WIDGET, helpersCreated=[null, null, null, null], context.getResources().getConfiguration(): {1.0 310mcc260mnc [en_US] ldltr sw411dp w411dp h914dp 420dpi nrml long port finger qwerty/v/v dpad/v winConfig={ mBounds=Rect(0, 0 - 1080, 2400) mAppBounds=Rect(0, 0 - 1080, 2400) mMaxBounds=Rect(0, 0 - 1080, 2400) mDisplayRotation=ROTATION_0 mWindowingMode=fullscreen mActivityType=undefined mAlwaysOnTop=undefined mRotation=ROTATION_0} s.9 fontWeightAdjustment=0}
02-26 16:50:39.586  1488  1488 I KeyboardManager: KeyboardManager.requestKeyboard():248 Creating keyboard accessory_candidates_consumer, imeId=ime_english_united_states, cacheKey=theme_!gsf_!pgsans_!pgsf_!use_system_font_BORDER=true_FLAVOR_DPI=XXHDPI_KEYBOARD_WIDTH_CATEGORY=NORMAL_LIGHT_THEME=true_PHYSICAL_DIAGONAL=6.1297245_SCREEN_SHORTEST_WIDTH=411_SCREEN_SHORTEST_WIDTH_NO_SCALE=411_bottom4dp_enable_google_fonts_icons=true_enable_popup_on_keypress=true_keyboard_redesign_google_sans=true_noshadow_overlay_builtin_dynamic_color_light_base.binarypb:gm3-light-fffaf8ff-ff495d92-82b625f90d810779661adb8ce93b5ac5_silkpopup_unify_function_key_color=true
02-26 16:50:39.586  1488  1488 I GlobeKeyExtension: GlobeKeyExtension.getKeyboardInitialStates():131 
02-26 16:50:39.586  1488  1488 W Keyboard: Keyboard.getKeyboardViewHelper():597 null helper is returned: keyboardDef=kze{processedConditions={}, globalConditions={global_theme_key=theme_!gsf_!pgsans_!pgsf_!use_system_font_BORDER=true_FLAVOR_DPI=XXHDPI_KEYBOARD_WIDTH_CATEGORY=NORMAL_LIGHT_THEME=true_PHYSICAL_DIAGONAL=6.1297245_SCREEN_SHORTEST_WIDTH=411_SCREEN_SHORTEST_WIDTH_NO_SCALE=411_bottom4dp_enable_google_fonts_icons=true_enable_popup_on_keypress=true_keyboard_redesign_google_sans=true_noshadow_overlay_builtin_dynamic_color_light_base.binarypb:gm3-light-fffaf8ff-ff495d92-82b625f90d810779661adb8ce93b5ac5_silkpopup_unify_function_key_color=true, global_locale=en_US, global_density_dpi=420, global_orientation=1}, className=.latin.keyboard.AccessoryKeyboard, resourceIds=[#0x7f170044], initialStates=0, keyboardViewDefs=[kzt{direction=null, id=#0x7f0b0166, isScalable=false, layoutId=#0x7f0e002d, type=FLOATING_CANDIDATES, touchable=true, defaultShow=false}], persistentStates=0, persistentStatesPrefKey=null, popupBubbleLayoutId=#0x7f0e05ce, recentKeyLayoutId=0, recentKeyPopupLayoutId=0, recentKeyType=null, rememberRecentKey=NONE, sessionStates=0}, type=HEADER, helpersCreated=[null, null, kkl@dda1ba8, null], context.getResources().getConfiguration(): {1.0 310mcc260mnc [en_US] ldltr sw411dp w411dp h914dp 420dpi nrml long port finger qwerty/v/v dpad/v winConfig={ mBounds=Rect(0, 0 - 1080, 2400) mAppBounds=Rect(0, 0 - 1080, 2400) mMaxBounds=Rect(0, 0 - 1080, 2400) mDisplayRotation=ROTATION_0 mWindowingMode=fullscreen mActivityType=undefined mAlwaysOnTop=undefined mRotation=ROTATION_0} s.9 fontWeightAdjustment=0}
02-26 16:50:39.587  1488  1488 W Keyboard: Keyboard.getKeyboardViewHelper():597 null helper is returned: keyboardDef=kze{processedConditions={}, globalConditions={global_theme_key=theme_!gsf_!pgsans_!pgsf_!use_system_font_BORDER=true_FLAVOR_DPI=XXHDPI_KEYBOARD_WIDTH_CATEGORY=NORMAL_LIGHT_THEME=true_PHYSICAL_DIAGONAL=6.1297245_SCREEN_SHORTEST_WIDTH=411_SCREEN_SHORTEST_WIDTH_NO_SCALE=411_bottom4dp_enable_google_fonts_icons=true_enable_popup_on_keypress=true_keyboard_redesign_google_sans=true_noshadow_overlay_builtin_dynamic_color_light_base.binarypb:gm3-light-fffaf8ff-ff495d92-82b625f90d810779661adb8ce93b5ac5_silkpopup_unify_function_key_color=true, global_locale=en_US, global_density_dpi=420, global_orientation=1}, className=.latin.keyboard.AccessoryKeyboard, resourceIds=[#0x7f170044], initialStates=0, keyboardViewDefs=[kzt{direction=null, id=#0x7f0b0166, isScalable=false, layoutId=#0x7f0e002d, type=FLOATING_CANDIDATES, touchable=true, defaultShow=false}], persistentStates=0, persistentStatesPrefKey=null, popupBubbleLayoutId=#0x7f0e05ce, recentKeyLayoutId=0, recentKeyPopupLayoutId=0, recentKeyType=null, rememberRecentKey=NONE, sessionStates=0}, type=BODY, helpersCreated=[null, null, kkl@dda1ba8, null], context.getResources().getConfiguration(): {1.0 310mcc260mnc [en_US] ldltr sw411dp w411dp h914dp 420dpi nrml long port finger qwerty/v/v dpad/v winConfig={ mBounds=Rect(0, 0 - 1080, 2400) mAppBounds=Rect(0, 0 - 1080, 2400) mMaxBounds=Rect(0, 0 - 1080, 2400) mDisplayRotation=ROTATION_0 mWindowingMode=fullscreen mActivityType=undefined mAlwaysOnTop=undefined mRotation=ROTATION_0} s.9 fontWeightAdjustment=0}
02-26 16:50:39.588  1488  2017 I Delight5Decoder: Delight5DecoderWrapper.setKeyboardLayout():521 setKeyboardLayout()
02-26 16:50:39.589  1488  1488 I AndroidIME: InputBundleManager.startInput():361 startInput() with kzp[keyboardType=accessory, payload=null]
02-26 16:50:39.589  1488  1488 I GlobeKeyExtension: GlobeKeyExtension.onActivate():70 
02-26 16:50:39.591  1488  1488 I CrowdsourceExtension: CrowdsourceExtension.checkIfDefaultBrowserIsAllowed():109 Failed to get default browser. The default browser may be deactivated.
02-26 16:50:39.592  1488  1488 I HardKeyTracker: HardKeyTracker.unregisterKeySequence():182 Unregister key sequence lsr{labelResId=2132020165, callback=cbb@e28eebc, lastModifier=2, keyCodes=[56], actions=[0]}
02-26 16:50:39.593  1488  1488 I HardKeyTracker: HardKeyTracker.unregisterKeySequence():182 Unregister key sequence lsr{labelResId=2132020165, callback=cbb@b1302cb, lastModifier=0, keyCodes=[317], actions=[0]}
02-26 16:50:39.593  1488  1488 I HardKeyTracker: HardKeyTracker.registerKeySequence():138 Register key sequence lsr{labelResId=2132020165, callback=cbb@1830c75, lastModifier=2, keyCodes=[56], actions=[0]}
02-26 16:50:39.593  1488  1488 I HardKeyTracker: HardKeyTracker.registerKeySequence():138 Register key sequence lsr{labelResId=2132020165, callback=cbb@af2e298, lastModifier=0, keyCodes=[317], actions=[0]}
02-26 16:50:39.594  1488  1488 I VoiceInputManagerWrapper: VoiceInputManagerWrapper.cancelShutdown():100 cancelShutdown()
02-26 16:50:39.594  1488  1488 I VoiceInputManagerWrapper: VoiceInputManagerWrapper.syncLanguagePacks():112 syncLanguagePacks()
02-26 16:50:39.605  1488  1488 I VoiceInputManager: VoiceInputManager.onKeyboardActivated():1023 onKeyboardActivated() [UD]
02-26 16:50:39.606  1488  4162 I SpeechFactory: SpeechRecognitionFactory.maybeScheduleAutoPackDownloadForFallback():161 maybeScheduleAutoPackDownloadForFallback()
02-26 16:50:39.606  1488  4162 I FallbackOnDeviceRecognitionProvider: FallbackOnDeviceRecognitionProvider.maybeScheduleAutoPackDownload():198 maybeScheduleAutoPackDownload() for language tag en-US
02-26 16:50:39.606  1488  1488 I AccessoryInputModeManager: AccessoryInputModeManager.onModeStarted():322 Accessory input mode started: STYLUS
02-26 16:50:39.607  1488  1488 W ExtensionWrapper: ExtensionWrapper.setAllowUpdateNavigationBarStyle():810 class iio is not activate
02-26 16:50:39.607  1488  1488 I WidgetViewShowingController: WidgetViewShowingController.showWidgetKeyboardInternal():524 Show companion widget
02-26 16:50:39.612  1488  1488 W ExtensionWrapper: ExtensionWrapper.setAllowUpdateNavigationBarStyle():810 class iio is not activate
02-26 16:50:39.613  1488  1488 I WidgetViewShowingPositionHandler: WidgetViewShowingPositionHandler.updateAvailableArea():194 update available area Rect(21, 84 - 1059, 2333)
02-26 16:50:39.620   734   734 W FillRequestEventLogger: Shouldn't be logging AutofillFillRequestReported again for same event
02-26 16:50:39.620   734   734 W FillResponseEventLogger: Shouldn't be logging AutofillFillRequestReported again for same event
02-26 16:50:39.620   734   734 W PresentationStatsEventLogger: Empty dataset. Autofill ignoring log
02-26 16:50:39.620   734   734 D AutofillSession: clearPendingIntentLocked
02-26 16:50:39.624  1488  1488 I HardKeyTracker: HardKeyTracker.unregisterKeySequence():182 Unregister key sequence lsr{labelResId=2132020170, callback=cbb@9f64fe4, lastModifier=2, keyCodes=[32], actions=[0]}
02-26 16:50:39.628  1175  1175 V InlineSuggestionRenderService: handleDestroySuggestionViews called for 0:1457719942
02-26 16:50:39.631  1336  1363 I IPCThreadState: oneway function results for code 1 on binder at 0x7c271766f1e0 will be dropped but finished with status UNKNOWN_TRANSACTION and reply parcel size 80
02-26 16:50:39.631  1488  1488 I ProactiveUndoTriggerExtension: ProactiveUndoTriggerExtension.eventConsumer$lambda$0():125 kyp{intention=null, keyCode=-10159, ACTIVATE_SUPPLEMENTARY_KEYBOARD, data=accessory_candidates_consumer}
02-26 16:50:39.631  1488  1488 W NotificationCenter: NotificationCenter$NotificationQueue.notifyPendingNotificationsOnExecutor():877 Heavy notify work detected on UI thread: [ikh->iik] takes 25ms
02-26 16:50:39.632  1488  1488 I KeyboardHeightUtil: KeyboardHeightUtil.calculateMaxKeyboardBodyHeight():46 leave 281 height for app when ime window height:2274, header height:116 and isFullscreenMode:false, so the max keyboard body height is:1877
02-26 16:50:39.632  1488  1488 I KeyboardHeightUtil: KeyboardHeightUtil.calculateMaxKeyboardBodyHeight():46 leave 281 height for app when ime window height:2274, header height:116 and isFullscreenMode:false, so the max keyboard body height is:1877
02-26 16:50:39.632  1488  1488 W ExtensionWrapper: ExtensionWrapper.setExtensionViewVisibility():801 interface koa is not activate
02-26 16:50:39.633   734   965 D BackgroundInstallControlService: Package event received: 0
02-26 16:50:39.634  1488  1488 I Module  : DeviceLockedStatusModuleProvider$Module.updateDeviceLockedStatus():100 repeatCheckTimes = 1, locked = false
02-26 16:50:39.634  1488  1488 I HardKeyTracker: HardKeyTracker.unregisterKeySequence():182 Unregister key sequence lsr{labelResId=2132020170, callback=cbb@f4cac9b, lastModifier=2, keyCodes=[32], actions=[0]}
02-26 16:50:39.635  1488  1488 I HardKeyTracker: HardKeyTracker.registerKeySequence():138 Register key sequence lsr{labelResId=2132020170, callback=cbb@3598c9c, lastModifier=2, keyCodes=[32], actions=[0]}
02-26 16:50:39.635  1488  1488 I CurrentMicStatusHolder: CurrentMicStatusHolder.onStartInputView():81 Current Mic status = {MicIconHidden-EmailInputType,}
02-26 16:50:39.635  1488  1488 I VoiceImeExtension: VoiceImeExtension.shouldStartVoiceInputAutomaticallyInCurrentInputBox():469 No private IME option set to start voice input.
02-26 16:50:39.637  1756  1756 D BoundBrokerSvc: onBind: Intent { act=com.google.firebase.dynamiclinks.service.START xflg=0x4 pkg=com.google.android.gms }
02-26 16:50:39.637  1756  1756 D BoundBrokerSvc: Loading bound service for intent: Intent { act=com.google.firebase.dynamiclinks.service.START xflg=0x4 pkg=com.google.android.gms }
02-26 16:50:39.641  1014  1116 D WindowManagerShell: onKeepClearAreasChanged: restricted={}, unrestricted={Rect(0, 2337 - 1080, 2400)}
02-26 16:50:39.641   734  1202 D CoreBackPreview: Window{6fb9663 u0 com.example.proyectofinal/com.example.proyectofinal.LoginActivity}: Setting back callback OnBackInvokedCallbackInfo{mCallback=android.window.IOnBackInvokedCallback$Stub$Proxy@ff6b52, mPriority=0, mIsAnimationCallback=true, mOverrideBehavior=0}
02-26 16:50:39.644  1488  1488 I WindowMetricsNotification: WindowMetricsNotification.notifyWithWindow():166 
02-26 16:50:39.646  1488  1488 I WindowMetricsNotification: WindowMetricsNotification.notify():159 mub[bounds=Rect(0, 63 - 1080, 2400), insets=Rect(0, 0 - 0, 63), densityDpi=420, smallestScreenWidthDp=411, displayWidth=1080, displayHeight=2400, xdpi=420.0, ydpi=420.0, isTrustable=true, displayId=0]; DisplayMetrics{density=2.625, width=1080, height=2400, scaledDensity=2.625, xdpi=420.0, ydpi=420.0}
02-26 16:50:39.648  1014  1116 D WindowManagerShell: onKeepClearAreasChanged: restricted={}, unrestricted={Rect(0, 2337 - 1080, 2400)}
02-26 16:50:39.679  1488  1488 I GoogleInputMethodService: GoogleInputMethodService$1.onKeyboardViewShown():312 onKeyboardViewShown: keyboardType=accessory, keyboardViewType=HEADER keyboardView=null
02-26 16:50:39.680  1488  1488 I ProactiveUndoTriggerExtension: ProactiveUndoTriggerExtension.eventConsumer$lambda$0():125 kyp{intention=null, keyCode=-10188, SET_KEYBOARD_LAYOUT, data=# qsn@e6cdb659}
02-26 16:50:39.680  1488  1488 I GoogleInputMethodService: GoogleInputMethodService$1.onKeyboardViewShown():312 onKeyboardViewShown: keyboardType=accessory, keyboardViewType=BODY keyboardView=null
02-26 16:50:39.709  5722  5756 W InteractionJankMonitor: Initializing without READ_DEVICE_CONFIG permission. enabled=false, interval=1, missedFrameThreshold=3, frameTimeThreshold=64, package=com.example.proyectofinal
02-26 16:50:39.778  1488  1488 W TooltipLifecycleManager: TooltipLifecycleManager.dismissTooltips():154 Tooltip with id spell_check_add_to_dictionary not found in tooltipManager.
02-26 16:50:39.918  5722  5722 I ImeTracker: com.example.proyectofinal:c96fc726: onShown
02-26 16:50:40.109  1488  1488 I AccessoryInputModeManager: AccessoryInputModeManager.onModeStarted():322 Accessory input mode started: PK
02-26 16:50:40.115  1488  1488 I WidgetViewShowingPositionHandler: WidgetViewShowingPositionHandler.updateAvailableArea():194 update available area Rect(21, 84 - 1059, 2333)
02-26 16:50:40.116  1488  1488 I HardKeyTracker: HardKeyTracker.registerKeySequence():138 Register key sequence lsr{labelResId=2132020170, callback=cbb@7a762ce, lastModifier=2, keyCodes=[32], actions=[0]}
02-26 16:50:40.116  1488  1488 I ProactiveUndoTriggerExtension: ProactiveUndoTriggerExtension.eventConsumer$lambda$0():125 kyp{intention=null, keyCode=-10159, ACTIVATE_SUPPLEMENTARY_KEYBOARD, data=accessory_candidates_consumer}
02-26 16:50:40.116  1488  1488 I ProactiveUndoTriggerExtension: ProactiveUndoTriggerExtension.eventConsumer$lambda$0():125 kyp{intention=DECODE, keyCode=35, G, data=g}
02-26 16:50:40.117  1488  1488 I Delight5Decoder: Delight5DecoderWrapper.setKeyboardLayout():521 setKeyboardLayout()
02-26 16:50:40.118  1488  1488 I ProactiveUndoTriggerExtension: ProactiveUndoTriggerExtension.eventConsumer$lambda$0():125 kyp{intention=null, keyCode=-10188, SET_KEYBOARD_LAYOUT, data=# qsn@d7525947}
02-26 16:50:40.147  1488  1488 I ProactiveUndoTriggerExtension: ProactiveUndoTriggerExtension.eventConsumer$lambda$0():125 kyp{intention=DECODE, keyCode=35, G, data=g}
02-26 16:50:40.188  1488  1488 I ProactiveUndoTriggerExtension: ProactiveUndoTriggerExtension.eventConsumer$lambda$0():125 kyp{intention=DECODE, keyCode=33, E, data=e}
02-26 16:50:40.190  1488  2017 I native  : I0000 00:00:1772124640.190782    2017 input-context-store.cc:268] Ignoring stale client request for FetchSuggestions
02-26 16:50:40.194  1488  1488 I ProactiveUndoTriggerExtension: ProactiveUndoTriggerExtension.eventConsumer$lambda$0():125 kyp{intention=DECODE, keyCode=33, E, data=e}
02-26 16:50:40.204  1488  1488 W InputContextProxy: InputContextProxy.applyClientDiffInternal():957 Ignore [FetchSuggestions] diff due to stale request: 421<423, inputStateId=319, lastInputStateId=319
02-26 16:50:40.264  1488  1488 I ProactiveUndoTriggerExtension: ProactiveUndoTriggerExtension.eventConsumer$lambda$0():125 kyp{intention=DECODE, keyCode=46, R, data=r}
02-26 16:50:40.269  1488  1488 I ProactiveUndoTriggerExtension: ProactiveUndoTriggerExtension.eventConsumer$lambda$0():125 kyp{intention=DECODE, keyCode=46, R, data=r}
02-26 16:50:40.354  1488  1488 I ProactiveUndoTriggerExtension: ProactiveUndoTriggerExtension.eventConsumer$lambda$0():125 kyp{intention=DECODE, keyCode=41, M, data=m}
02-26 16:50:40.359  1488  1488 I ProactiveUndoTriggerExtension: ProactiveUndoTriggerExtension.eventConsumer$lambda$0():125 kyp{intention=DECODE, keyCode=41, M, data=m}
02-26 16:50:40.462  1488  1488 I ProactiveUndoTriggerExtension: ProactiveUndoTriggerExtension.eventConsumer$lambda$0():125 kyp{intention=DECODE, keyCode=29, A, data=a}
02-26 16:50:40.464  1488  1488 I ProactiveUndoTriggerExtension: ProactiveUndoTriggerExtension.eventConsumer$lambda$0():125 kyp{intention=DECODE, keyCode=29, A, data=a}
02-26 16:50:40.548  1488  1488 I ProactiveUndoTriggerExtension: ProactiveUndoTriggerExtension.eventConsumer$lambda$0():125 kyp{intention=DECODE, keyCode=42, N, data=n}
02-26 16:50:40.553  1488  1488 I ProactiveUndoTriggerExtension: ProactiveUndoTriggerExtension.eventConsumer$lambda$0():125 kyp{intention=DECODE, keyCode=42, N, data=n}
02-26 16:50:40.662  1488  1488 I ProactiveUndoTriggerExtension: ProactiveUndoTriggerExtension.eventConsumer$lambda$0():125 kyp{intention=DECODE, keyCode=42, N, data=n}
02-26 16:50:40.665  1488  1488 I ProactiveUndoTriggerExtension: ProactiveUndoTriggerExtension.eventConsumer$lambda$0():125 kyp{intention=DECODE, keyCode=42, N, data=n}
02-26 16:50:40.668  1488  1488 I KeyboardViewController: KeyboardViewController.onKeyboardViewDetached():1392 the keyboard view accessory WIDGET com.google.android.libraries.inputmethod.companionwidget.widget.WidgetSoftKeyboardView{214491e G.E...C.. ......ID 0,0-148,553} is detaching is not the one saved com.google.android.libraries.inputmethod.companionwidget.widget.WidgetSoftKeyboardView{c1e75ff V.E...C.. ........ 0,0-148,146}
02-26 16:50:40.697  1488  1488 I ProactiveUndoTriggerExtension: ProactiveUndoTriggerExtension.eventConsumer$lambda$0():125 kyp{intention=DECODE, keyCode=29, A, data=a}
02-26 16:50:40.702  1488  1488 I ProactiveUndoTriggerExtension: ProactiveUndoTriggerExtension.eventConsumer$lambda$0():125 kyp{intention=DECODE, keyCode=29, A, data=a}
02-26 16:50:40.767  1488  1488 I ProactiveUndoTriggerExtension: ProactiveUndoTriggerExtension.eventConsumer$lambda$0():125 kyp{intention=DECODE, keyCode=46, R, data=r}
02-26 16:50:40.770  1488  1488 I ProactiveUndoTriggerExtension: ProactiveUndoTriggerExtension.eventConsumer$lambda$0():125 kyp{intention=DECODE, keyCode=46, R, data=r}
02-26 16:50:40.949  1488  1488 I ProactiveUndoTriggerExtension: ProactiveUndoTriggerExtension.eventConsumer$lambda$0():125 kyp{intention=DECODE, keyCode=31, C, data=c}
02-26 16:50:40.951  1488  1488 I ProactiveUndoTriggerExtension: ProactiveUndoTriggerExtension.eventConsumer$lambda$0():125 kyp{intention=DECODE, keyCode=31, C, data=c}
02-26 16:50:41.036  1488  1488 I ProactiveUndoTriggerExtension: ProactiveUndoTriggerExtension.eventConsumer$lambda$0():125 kyp{intention=DECODE, keyCode=37, I, data=i}
02-26 16:50:41.039  1488  1488 I ProactiveUndoTriggerExtension: ProactiveUndoTriggerExtension.eventConsumer$lambda$0():125 kyp{intention=DECODE, keyCode=37, I, data=i}
02-26 16:50:41.150  1154  1396 D SatelliteController: iisInCarrierRoamingNbIotNtn: satellite is disabled
02-26 16:50:41.154  1488  1488 I ProactiveUndoTriggerExtension: ProactiveUndoTriggerExtension.eventConsumer$lambda$0():125 kyp{intention=DECODE, keyCode=47, S, data=s}
02-26 16:50:41.158  1488  1488 I ProactiveUndoTriggerExtension: ProactiveUndoTriggerExtension.eventConsumer$lambda$0():125 kyp{intention=DECODE, keyCode=47, S, data=s}
02-26 16:50:41.240  1488  1488 I ProactiveUndoTriggerExtension: ProactiveUndoTriggerExtension.eventConsumer$lambda$0():125 kyp{intention=DECODE, keyCode=43, O, data=o}
02-26 16:50:41.243  1488  1488 I ProactiveUndoTriggerExtension: ProactiveUndoTriggerExtension.eventConsumer$lambda$0():125 kyp{intention=DECODE, keyCode=43, O, data=o}
02-26 16:50:41.353  1488  1488 I ProactiveUndoTriggerExtension: ProactiveUndoTriggerExtension.eventConsumer$lambda$0():125 kyp{intention=DECODE, keyCode=31, C, data=c}
02-26 16:50:41.355  1488  1488 I ProactiveUndoTriggerExtension: ProactiveUndoTriggerExtension.eventConsumer$lambda$0():125 kyp{intention=DECODE, keyCode=31, C, data=c}
02-26 16:50:41.483  1488  1488 I ProactiveUndoTriggerExtension: ProactiveUndoTriggerExtension.eventConsumer$lambda$0():125 kyp{intention=DECODE, keyCode=43, O, data=o}
02-26 16:50:41.486  1488  1488 I ProactiveUndoTriggerExtension: ProactiveUndoTriggerExtension.eventConsumer$lambda$0():125 kyp{intention=DECODE, keyCode=43, O, data=o}
02-26 16:50:41.544   734   851 D ActivityManager: freezing 2522 com.android.vending:background
02-26 16:50:41.545   734   851 D ActivityManager: freezing 2044 com.android.vending
02-26 16:50:41.578  1488  1488 I ProactiveUndoTriggerExtension: ProactiveUndoTriggerExtension.eventConsumer$lambda$0():125 kyp{intention=DECODE, keyCode=46, R, data=r}
02-26 16:50:41.580  1488  1488 I ProactiveUndoTriggerExtension: ProactiveUndoTriggerExtension.eventConsumer$lambda$0():125 kyp{intention=DECODE, keyCode=46, R, data=r}
02-26 16:50:41.604   734   909 D InetDiagMessage: Destroyed 0 sockets, proto=IPPROTO_TCP, family=AF_INET, states=14
02-26 16:50:41.606   734   909 D InetDiagMessage: Destroyed 2 sockets, proto=IPPROTO_TCP, family=AF_INET6, states=14
02-26 16:50:41.606   734   909 D InetDiagMessage: Destroyed live tcp sockets for uids={10145} in 5ms
02-26 16:50:41.710  1488  1488 I ProactiveUndoTriggerExtension: ProactiveUndoTriggerExtension.eventConsumer$lambda$0():125 kyp{intention=DECODE, keyCode=32, D, data=d}
02-26 16:50:41.712  1488  1488 I ProactiveUndoTriggerExtension: ProactiveUndoTriggerExtension.eventConsumer$lambda$0():125 kyp{intention=DECODE, keyCode=32, D, data=d}
02-26 16:50:41.795  1488  1488 I ProactiveUndoTriggerExtension: ProactiveUndoTriggerExtension.eventConsumer$lambda$0():125 kyp{intention=DECODE, keyCode=43, O, data=o}
02-26 16:50:41.797  1488  1488 I ProactiveUndoTriggerExtension: ProactiveUndoTriggerExtension.eventConsumer$lambda$0():125 kyp{intention=DECODE, keyCode=43, O, data=o}
02-26 16:50:41.883  1488  1488 I ProactiveUndoTriggerExtension: ProactiveUndoTriggerExtension.eventConsumer$lambda$0():125 kyp{intention=DECODE, keyCode=30, B, data=b}
02-26 16:50:41.884  1488  1488 I ProactiveUndoTriggerExtension: ProactiveUndoTriggerExtension.eventConsumer$lambda$0():125 kyp{intention=DECODE, keyCode=30, B, data=b}
02-26 16:50:41.906   734   851 D ActivityManager: freezing 4393 com.google.android.googlequicksearchbox:search
02-26 16:50:41.985  1488  1488 I ProactiveUndoTriggerExtension: ProactiveUndoTriggerExtension.eventConsumer$lambda$0():125 kyp{intention=DECODE, keyCode=29, A, data=a}
02-26 16:50:41.989  1488  1488 I ProactiveUndoTriggerExtension: ProactiveUndoTriggerExtension.eventConsumer$lambda$0():125 kyp{intention=DECODE, keyCode=29, A, data=a}
02-26 16:50:42.633  1488  1488 I ProactiveUndoTriggerExtension: ProactiveUndoTriggerExtension.eventConsumer$lambda$0():125 kyp{intention=null, keyCode=59, SHIFT_LEFT, data=null}
02-26 16:50:42.633  1488  1488 I StylusModule: StylusModule.onUpdateToolType():801 Update tool type = 0
02-26 16:50:42.641  1488  1488 I ProactiveUndoTriggerExtension: ProactiveUndoTriggerExtension.eventConsumer$lambda$0():125 kyp{intention=DECODE, keyCode=9, 2, data=@}
02-26 16:50:42.642  1488  1488 I ProactiveUndoTriggerExtension: ProactiveUndoTriggerExtension.eventConsumer$lambda$0():125 kyp{intention=null, keyCode=-10067, UPDATE_DYNAMIC_KEYS, data=[]}
02-26 16:50:42.644  1488  1488 I ProactiveUndoTriggerExtension: ProactiveUndoTriggerExtension.eventConsumer$lambda$0():125 kyp{intention=null, keyCode=59, SHIFT_LEFT, data=null}
02-26 16:50:42.645  1488  1488 I ProactiveUndoTriggerExtension: ProactiveUndoTriggerExtension.eventConsumer$lambda$0():125 kyp{intention=DECODE, keyCode=9, 2, data=2}
02-26 16:50:42.815  1488  1488 I ProactiveUndoTriggerExtension: ProactiveUndoTriggerExtension.eventConsumer$lambda$0():125 kyp{intention=DECODE, keyCode=35, G, data=g}
02-26 16:50:42.818  1488  1488 I ProactiveUndoTriggerExtension: ProactiveUndoTriggerExtension.eventConsumer$lambda$0():125 kyp{intention=DECODE, keyCode=35, G, data=g}
02-26 16:50:42.945  1488  1488 I ProactiveUndoTriggerExtension: ProactiveUndoTriggerExtension.eventConsumer$lambda$0():125 kyp{intention=DECODE, keyCode=41, M, data=m}
02-26 16:50:42.946  1488  1488 I ProactiveUndoTriggerExtension: ProactiveUndoTriggerExtension.eventConsumer$lambda$0():125 kyp{intention=DECODE, keyCode=41, M, data=m}
02-26 16:50:43.133  1488  1488 I ProactiveUndoTriggerExtension: ProactiveUndoTriggerExtension.eventConsumer$lambda$0():125 kyp{intention=DECODE, keyCode=29, A, data=a}
02-26 16:50:43.136  1488  1488 I ProactiveUndoTriggerExtension: ProactiveUndoTriggerExtension.eventConsumer$lambda$0():125 kyp{intention=DECODE, keyCode=29, A, data=a}
02-26 16:50:43.181  1488  1488 I ProactiveUndoTriggerExtension: ProactiveUndoTriggerExtension.eventConsumer$lambda$0():125 kyp{intention=DECODE, keyCode=37, I, data=i}
02-26 16:50:43.184  1488  1488 I ProactiveUndoTriggerExtension: ProactiveUndoTriggerExtension.eventConsumer$lambda$0():125 kyp{intention=DECODE, keyCode=37, I, data=i}
02-26 16:50:43.415  1488  1488 I ProactiveUndoTriggerExtension: ProactiveUndoTriggerExtension.eventConsumer$lambda$0():125 kyp{intention=DECODE, keyCode=40, L, data=l}
02-26 16:50:43.418  1488  1488 I ProactiveUndoTriggerExtension: ProactiveUndoTriggerExtension.eventConsumer$lambda$0():125 kyp{intention=DECODE, keyCode=40, L, data=l}
02-26 16:50:43.941  1488  1488 I ProactiveUndoTriggerExtension: ProactiveUndoTriggerExtension.eventConsumer$lambda$0():125 kyp{intention=DECODE, keyCode=56, PERIOD, data=.}
02-26 16:50:43.944  1488  1488 I ProactiveUndoTriggerExtension: ProactiveUndoTriggerExtension.eventConsumer$lambda$0():125 kyp{intention=DECODE, keyCode=56, PERIOD, data=.}
02-26 16:50:44.060  1488  1488 I ProactiveUndoTriggerExtension: ProactiveUndoTriggerExtension.eventConsumer$lambda$0():125 kyp{intention=DECODE, keyCode=31, C, data=c}
02-26 16:50:44.062  1488  1488 I ProactiveUndoTriggerExtension: ProactiveUndoTriggerExtension.eventConsumer$lambda$0():125 kyp{intention=DECODE, keyCode=31, C, data=c}
02-26 16:50:44.173  1488  1488 I ProactiveUndoTriggerExtension: ProactiveUndoTriggerExtension.eventConsumer$lambda$0():125 kyp{intention=DECODE, keyCode=43, O, data=o}
02-26 16:50:44.176  1488  1488 I ProactiveUndoTriggerExtension: ProactiveUndoTriggerExtension.eventConsumer$lambda$0():125 kyp{intention=DECODE, keyCode=43, O, data=o}
02-26 16:50:44.243  1488  1488 I ProactiveUndoTriggerExtension: ProactiveUndoTriggerExtension.eventConsumer$lambda$0():125 kyp{intention=DECODE, keyCode=41, M, data=m}
02-26 16:50:44.247  1488  1488 I ProactiveUndoTriggerExtension: ProactiveUndoTriggerExtension.eventConsumer$lambda$0():125 kyp{intention=DECODE, keyCode=41, M, data=m}
02-26 16:50:44.407  1488  1488 I ProactiveUndoTriggerExtension: ProactiveUndoTriggerExtension.eventConsumer$lambda$0():125 kyp{intention=DECODE, keyCode=61, TAB, data=	}
02-26 16:50:44.407  1488  1488 I StylusModule: StylusModule.onUpdateToolType():801 Update tool type = 0
02-26 16:50:44.411   734   870 I ImeTracker: com.example.proyectofinal:11afc559: onRequestShow at ORIGIN_SERVER reason ATTACH_NEW_INPUT fromUser false
02-26 16:50:44.411  1488  1488 I ProactiveUndoTriggerExtension: ProactiveUndoTriggerExtension.eventConsumer$lambda$0():125 kyp{intention=DECODE, keyCode=61, TAB, data=	}
02-26 16:50:44.412  1488  1488 I GoogleInputMethodService: GoogleInputMethodService.onFinishInputView():1524 
02-26 16:50:44.412  1488  1488 I GlobeKeyExtension: GlobeKeyExtension.onDeactivate():104 
02-26 16:50:44.412  1488  1488 I VoiceInputManagerWrapper: VoiceInputManagerWrapper.shutdown():122 shutdown()
02-26 16:50:44.413  1488  1488 W ExtensionWrapper: ExtensionWrapper.setAllowUpdateNavigationBarStyle():810 class iio is not activate
02-26 16:50:44.415  1488  1488 W ExtensionWrapper: ExtensionWrapper.setAllowUpdateNavigationBarStyle():810 class iio is not activate
02-26 16:50:44.415  1488  1488 W TooltipLifecycleManager: TooltipLifecycleManager.dismissTooltips():154 Tooltip with id spell_check_add_to_dictionary not found in tooltipManager.
02-26 16:50:44.415  1488  1488 I InputBundle: InputBundle.consumeEvent():949 Skip consuming an event as keyboard status is 0
02-26 16:50:44.416  1488  1488 I AndroidIME: AbstractIme.onDeactivate():203 LatinIme.onDeactivate()
02-26 16:50:44.417  1488  1488 I GoogleInputMethodService: GoogleInputMethodService.onFinishInput():2043 
02-26 16:50:44.417  5722  5722 W RemoteInputConnectionImpl: requestCursorUpdates on inactive InputConnection
02-26 16:50:44.419  1488  1488 I Module  : DeviceLockedStatusModuleProvider$Module.updateDeviceLockedStatus():100 repeatCheckTimes = 0, locked = false
02-26 16:50:44.421  1488  1488 I GoogleInputMethodService: GoogleInputMethodService.onStartInput():1293 onStartInput(EditorInfo{EditorInfo{packageName=com.example.proyectofinal, inputType=81, inputTypeString=Password[], enableLearning=false, autoCorrection=false, autoComplete=true, imeOptions=4000006, privateImeOptions=null, actionName=DONE, actionLabel=null, initialSelStart=0, initialSelEnd=0, initialCapsMode=0, label=null, fieldId=2131230930, fieldName=null, extras=Bundle[mParcelledData.dataSize=404], hintText=non-empty, hintLocales=[]}}, false)
02-26 16:50:44.421  5722  5722 W WindowOnBackDispatcher: sendCancelIfRunning: isInProgress=false callback=android.view.ImeBackAnimationController@91db4fb
02-26 16:50:44.421   734  1733 D CoreBackPreview: Window{6fb9663 u0 com.example.proyectofinal/com.example.proyectofinal.LoginActivity}: Setting back callback OnBackInvokedCallbackInfo{mCallback=android.window.IOnBackInvokedCallback$Stub$Proxy@deb0238, mPriority=-1, mIsAnimationCallback=false, mOverrideBehavior=0}
02-26 16:50:44.425  1488  1488 I Module  : DeviceLockedStatusModuleProvider$Module.updateDeviceLockedStatus():100 repeatCheckTimes = 1, locked = false
02-26 16:50:44.425  1488  1488 I HardKeyTracker: HardKeyTracker.unregisterKeySequence():182 Unregister key sequence lsr{labelResId=0, callback=fjq@d084ff0, lastModifier=0, keyCodes=[57, 57], actions=[1, 0]}
02-26 16:50:44.426  1488  1488 I HardKeyTracker: HardKeyTracker.unregisterKeySequence():182 Unregister key sequence lsr{labelResId=0, callback=fjq@c8ec8f, lastModifier=0, keyCodes=[58, 58], actions=[1, 0]}
02-26 16:50:44.428   734  1737 W PackageConfigPersister: App-specific configuration not found for packageName: com.example.proyectofinal and userId: 0
02-26 16:50:44.429  1488  1488 I GoogleInputMethodService: GoogleInputMethodService.onStartInputView():1392 onStartInputView(EditorInfo{EditorInfo{packageName=com.example.proyectofinal, inputType=81, inputTypeString=Password[], enableLearning=false, autoCorrection=false, autoComplete=true, imeOptions=4000006, privateImeOptions=null, actionName=DONE, actionLabel=null, initialSelStart=0, initialSelEnd=0, initialCapsMode=0, label=null, fieldId=2131230930, fieldName=null, extras=Bundle[{android.support.text.emoji.emojiCompat_metadataVersion=10, androidx.core.view.inputmethod.EditorInfoCompat.STYLUS_HANDWRITING_ENABLED=false, android.support.text.emoji.emojiCompat_replaceAll=false}], hintText=non-empty, hintLocales=[]}}, false)
02-26 16:50:44.430  1488  1488 I KeyboardHeightUtil: KeyboardHeightUtil.getOemKeyboardHeightRatio():161 systemKeyboardHeightRatio:1.000000.
02-26 16:50:44.435  1488  1488 I AndroidIME: InputBundleManager.loadActiveInputBundleId():483 loadActiveInputBundleId: und-Latn-x-password, password
02-26 16:50:44.435  1488  1488 I AndroidIME: AbstractIme.onActivate():90 PasswordIme.onActivate() : EditorInfo = EditorInfo{packageName=com.example.proyectofinal, inputType=81, inputTypeString=Password[], enableLearning=false, autoCorrection=false, autoComplete=true, imeOptions=4000006, privateImeOptions=null, actionName=DONE, actionLabel=null, initialSelStart=0, initialSelEnd=0, initialCapsMode=0, label=null, fieldId=2131230930, fieldName=null, extras=Bundle[{android.support.text.emoji.emojiCompat_metadataVersion=10, androidx.core.view.inputmethod.EditorInfoCompat.STYLUS_HANDWRITING_ENABLED=false, android.support.text.emoji.emojiCompat_replaceAll=false}], hintText=non-empty, hintLocales=[]}, IncognitoMode = false, DeviceLocked = false
02-26 16:50:44.436  1488  1488 I KeyboardWrapper: KeyboardWrapper.activateKeyboard():562 activateKeyboard(): type=accessory, status=0, imeDef=kyj{stringId=password, language=und-Latn-x-password, languageTag=und-Latn-x-password, processedConditions={variant=qwerty, enable_access_points_in_password_number=false, enable_number_row=false, device=phone}, className=com.google.android.libraries.inputmethod.ime.password.PasswordIme, label=2132019061, keyEventInterpreter=null, inlineComposing=true, autoCapital=true, announceAutoSelectedCandidate=true, statusIcon=0, primeKeyboardType=SOFT, indicatorIcon=0, indicatorLabel=null, displayAppCompletions=false, extraValues=kyb{}, processors=lac@69abe17, unacceptableMetaKeys=4098, languageSpecificSettings=0, asciiCapable=false, alwaysShowSuggestions=false, useAsciiPasswordKeyboard=false, secondaryIme=null, keyboardGroupDef=kzl@2982204, phenotypeFlagId=0, localizationLanguageTag=null, supportsInlineSuggestion=false}
02-26 16:50:44.436  1488  1488 I KeyboardManager: KeyboardManager.requestKeyboard():248 Creating keyboard accessory, imeId=password, cacheKey=theme_!gsf_!pgsans_!pgsf_!use_system_font_BORDER=true_FLAVOR_DPI=XXHDPI_KEYBOARD_WIDTH_CATEGORY=NORMAL_LIGHT_THEME=true_PHYSICAL_DIAGONAL=6.1297245_SCREEN_SHORTEST_WIDTH=411_SCREEN_SHORTEST_WIDTH_NO_SCALE=411_bottom4dp_enable_google_fonts_icons=true_enable_popup_on_keypress=true_keyboard_redesign_google_sans=true_noshadow_overlay_builtin_dynamic_color_light_base.binarypb:gm3-light-fffaf8ff-ff495d92-82b625f90d810779661adb8ce93b5ac5_silkpopup_unify_function_key_color=true
02-26 16:50:44.436  1488  1488 I KeyboardWrapper: KeyboardWrapper.onKeyboardReady():212 onKeyboardReady(): type=accessory(accessory), kb=com.google.android.libraries.inputmethod.keyboard.impl.Keyboard@2af382f
02-26 16:50:44.436  1488  1488 I KeyboardWrapper: KeyboardWrapper.doActivateKeyboard():589 doActivateKeyboard(): accessory
02-26 16:50:44.436  1488  1488 W Keyboard: Keyboard.getKeyboardViewHelper():597 null helper is returned: keyboardDef=kze{processedConditions={}, globalConditions={}, className=com.google.android.libraries.inputmethod.keyboard.impl.Keyboard, resourceIds=[#0x7f170045], initialStates=0, keyboardViewDefs=[], persistentStates=0, persistentStatesPrefKey=null, popupBubbleLayoutId=0, recentKeyLayoutId=0, recentKeyPopupLayoutId=0, recentKeyType=null, rememberRecentKey=NONE, sessionStates=0}, type=HEADER, helpersCreated=[null, null, null, null], context.getResources().getConfiguration(): {1.0 310mcc260mnc [en_US] ldltr sw411dp w411dp h914dp 420dpi nrml long port finger qwerty/v/v dpad/v winConfig={ mBounds=Rect(0, 0 - 1080, 2400) mAppBounds=Rect(0, 0 - 1080, 2400) mMaxBounds=Rect(0, 0 - 1080, 2400) mDisplayRotation=ROTATION_0 mWindowingMode=fullscreen mActivityType=undefined mAlwaysOnTop=undefined mRotation=ROTATION_0} s.9 fontWeightAdjustment=0}
02-26 16:50:44.436  1488  1488 W Keyboard: Keyboard.getKeyboardViewHelper():597 null helper is returned: keyboardDef=kze{processedConditions={}, globalConditions={}, className=com.google.android.libraries.inputmethod.keyboard.impl.Keyboard, resourceIds=[#0x7f170045], initialStates=0, keyboardViewDefs=[], persistentStates=0, persistentStatesPrefKey=null, popupBubbleLayoutId=0, recentKeyLayoutId=0, recentKeyPopupLayoutId=0, recentKeyType=null, rememberRecentKey=NONE, sessionStates=0}, type=BODY, helpersCreated=[null, null, null, null], context.getResources().getConfiguration(): {1.0 310mcc260mnc [en_US] ldltr sw411dp w411dp h914dp 420dpi nrml long port finger qwerty/v/v dpad/v winConfig={ mBounds=Rect(0, 0 - 1080, 2400) mAppBounds=Rect(0, 0 - 1080, 2400) mMaxBounds=Rect(0, 0 - 1080, 2400) mDisplayRotation=ROTATION_0 mWindowingMode=fullscreen mActivityType=undefined mAlwaysOnTop=undefined mRotation=ROTATION_0} s.9 fontWeightAdjustment=0}
02-26 16:50:44.437  1488  1488 I GlobeKeyExtension: GlobeKeyExtension.getKeyboardInitialStates():131 
02-26 16:50:44.438  1488  1488 W Keyboard: Keyboard.getKeyboardViewHelper():597 null helper is returned: keyboardDef=kze{processedConditions={}, globalConditions={}, className=com.google.android.libraries.inputmethod.keyboard.impl.Keyboard, resourceIds=[#0x7f170045], initialStates=0, keyboardViewDefs=[], persistentStates=0, persistentStatesPrefKey=null, popupBubbleLayoutId=0, recentKeyLayoutId=0, recentKeyPopupLayoutId=0, recentKeyType=null, rememberRecentKey=NONE, sessionStates=0}, type=HEADER, helpersCreated=[null, null, null, null], context.getResources().getConfiguration(): {1.0 310mcc260mnc [en_US] ldltr sw411dp w411dp h914dp 420dpi nrml long port finger qwerty/v/v dpad/v winConfig={ mBounds=Rect(0, 0 - 1080, 2400) mAppBounds=Rect(0, 0 - 1080, 2400) mMaxBounds=Rect(0, 0 - 1080, 2400) mDisplayRotation=ROTATION_0 mWindowingMode=fullscreen mActivityType=undefined mAlwaysOnTop=undefined mRotation=ROTATION_0} s.9 fontWeightAdjustment=0}
02-26 16:50:44.438  1488  1488 W Keyboard: Keyboard.getKeyboardViewHelper():597 null helper is returned: keyboardDef=kze{processedConditions={}, globalConditions={}, className=com.google.android.libraries.inputmethod.keyboard.impl.Keyboard, resourceIds=[#0x7f170045], initialStates=0, keyboardViewDefs=[], persistentStates=0, persistentStatesPrefKey=null, popupBubbleLayoutId=0, recentKeyLayoutId=0, recentKeyPopupLayoutId=0, recentKeyType=null, rememberRecentKey=NONE, sessionStates=0}, type=BODY, helpersCreated=[null, null, null, null], context.getResources().getConfiguration(): {1.0 310mcc260mnc [en_US] ldltr sw411dp w411dp h914dp 420dpi nrml long port finger qwerty/v/v dpad/v winConfig={ mBounds=Rect(0, 0 - 1080, 2400) mAppBounds=Rect(0, 0 - 1080, 2400) mMaxBounds=Rect(0, 0 - 1080, 2400) mDisplayRotation=ROTATION_0 mWindowingMode=fullscreen mActivityType=undefined mAlwaysOnTop=undefined mRotation=ROTATION_0} s.9 fontWeightAdjustment=0}
02-26 16:50:44.438  1488  1488 W Keyboard: Keyboard.getKeyboardViewHelper():597 null helper is returned: keyboardDef=kze{processedConditions={}, globalConditions={}, className=com.google.android.libraries.inputmethod.keyboard.impl.Keyboard, resourceIds=[#0x7f170045], initialStates=0, keyboardViewDefs=[], persistentStates=0, persistentStatesPrefKey=null, popupBubbleLayoutId=0, recentKeyLayoutId=0, recentKeyPopupLayoutId=0, recentKeyType=null, rememberRecentKey=NONE, sessionStates=0}, type=FLOATING_CANDIDATES, helpersCreated=[null, null, null, null], context.getResources().getConfiguration(): {1.0 310mcc260mnc [en_US] ldltr sw411dp w411dp h914dp 420dpi nrml long port finger qwerty/v/v dpad/v winConfig={ mBounds=Rect(0, 0 - 1080, 2400) mAppBounds=Rect(0, 0 - 1080, 2400) mMaxBounds=Rect(0, 0 - 1080, 2400) mDisplayRotation=ROTATION_0 mWindowingMode=fullscreen mActivityType=undefined mAlwaysOnTop=undefined mRotation=ROTATION_0} s.9 fontWeightAdjustment=0}
02-26 16:50:44.438  1488  1488 W Keyboard: Keyboard.getKeyboardViewHelper():597 null helper is returned: keyboardDef=kze{processedConditions={}, globalConditions={}, className=com.google.android.libraries.inputmethod.keyboard.impl.Keyboard, resourceIds=[#0x7f170045], initialStates=0, keyboardViewDefs=[], persistentStates=0, persistentStatesPrefKey=null, popupBubbleLayoutId=0, recentKeyLayoutId=0, recentKeyPopupLayoutId=0, recentKeyType=null, rememberRecentKey=NONE, sessionStates=0}, type=WIDGET, helpersCreated=[null, null, null, null], context.getResources().getConfiguration(): {1.0 310mcc260mnc [en_US] ldltr sw411dp w411dp h914dp 420dpi nrml long port finger qwerty/v/v dpad/v winConfig={ mBounds=Rect(0, 0 - 1080, 2400) mAppBounds=Rect(0, 0 - 1080, 2400) mMaxBounds=Rect(0, 0 - 1080, 2400) mDisplayRotation=ROTATION_0 mWindowingMode=fullscreen mActivityType=undefined mAlwaysOnTop=undefined mRotation=ROTATION_0} s.9 fontWeightAdjustment=0}
02-26 16:50:44.438  1488  1488 I KeyboardManager: KeyboardManager.requestKeyboard():248 Creating keyboard accessory_candidates_consumer, imeId=password, cacheKey=theme_!gsf_!pgsans_!pgsf_!use_system_font_BORDER=true_FLAVOR_DPI=XXHDPI_KEYBOARD_WIDTH_CATEGORY=NORMAL_LIGHT_THEME=true_PHYSICAL_DIAGONAL=6.1297245_SCREEN_SHORTEST_WIDTH=411_SCREEN_SHORTEST_WIDTH_NO_SCALE=411_bottom4dp_enable_google_fonts_icons=true_enable_popup_on_keypress=true_keyboard_redesign_google_sans=true_noshadow_overlay_builtin_dynamic_color_light_base.binarypb:gm3-light-fffaf8ff-ff495d92-82b625f90d810779661adb8ce93b5ac5_silkpopup_unify_function_key_color=true
02-26 16:50:44.441  1488  1488 I GlobeKeyExtension: GlobeKeyExtension.getKeyboardInitialStates():131 
02-26 16:50:44.443  1488  1488 W Keyboard: Keyboard.getKeyboardViewHelper():597 null helper is returned: keyboardDef=kze{processedConditions={}, globalConditions={global_theme_key=theme_!gsf_!pgsans_!pgsf_!use_system_font_BORDER=true_FLAVOR_DPI=XXHDPI_KEYBOARD_WIDTH_CATEGORY=NORMAL_LIGHT_THEME=true_PHYSICAL_DIAGONAL=6.1297245_SCREEN_SHORTEST_WIDTH=411_SCREEN_SHORTEST_WIDTH_NO_SCALE=411_bottom4dp_enable_google_fonts_icons=true_enable_popup_on_keypress=true_keyboard_redesign_google_sans=true_noshadow_overlay_builtin_dynamic_color_light_base.binarypb:gm3-light-fffaf8ff-ff495d92-82b625f90d810779661adb8ce93b5ac5_silkpopup_unify_function_key_color=true, global_locale=en_US, global_density_dpi=420, global_orientation=1}, className=.latin.keyboard.AccessoryKeyboard, resourceIds=[#0x7f170044], initialStates=0, keyboardViewDefs=[kzt{direction=null, id=#0x7f0b0166, isScalable=false, layoutId=#0x7f0e002d, type=FLOATING_CANDIDATES, touchable=true, defaultShow=false}], persistentStates=0, persistentStatesPrefKey=null, popupBubbleLayoutId=#0x7f0e05ce, recentKeyLayoutId=0, recentKeyPopupLayoutId=0, recentKeyType=null, rememberRecentKey=NONE, sessionStates=0}, type=HEADER, helpersCreated=[null, null, kkl@c252ca5, null], context.getResources().getConfiguration(): {1.0 310mcc260mnc [en_US] ldltr sw411dp w411dp h914dp 420dpi nrml long port finger qwerty/v/v dpad/v winConfig={ mBounds=Rect(0, 0 - 1080, 2400) mAppBounds=Rect(0, 0 - 1080, 2400) mMaxBounds=Rect(0, 0 - 1080, 2400) mDisplayRotation=ROTATION_0 mWindowingMode=fullscreen mActivityType=undefined mAlwaysOnTop=undefined mRotation=ROTATION_0} s.9 fontWeightAdjustment=0}
