02-26 16:50:53.717   734   909 D ConnectivityService: [100 WIFI] validation passed
02-26 16:50:54.103   489  4343 D android.hardware.audio@7.1-impl.ranchu: threadLoop: entering standby, frames: 4962368
02-26 16:50:54.103   489  4343 D android.hardware.audio@7.1-impl.ranchu: ~TinyalsaSink: joining consumeThread
02-26 16:50:54.106   489  5762 D android.hardware.audio@7.1-impl.ranchu: consumeThread: exiting
02-26 16:50:54.106   489  4343 D android.hardware.audio@7.1-impl.ranchu: ~TinyalsaSink: stopping PCM stream
02-26 16:50:54.522   734  1678 E TaskPersister: File error accessing recents directory (directory doesn't exist?).
02-26 16:50:54.648  1756  1756 D BoundBrokerSvc: onUnbind: Intent { act=com.google.android.mdd.service.START dat=chimera-action:/... xflg=0x4 cmp=com.google.android.gms/.chimera.GmsBoundBrokerService }
02-26 16:50:55.429  4393  5780 W abht    : (REDACTED) [%s] response code: %d
02-26 16:50:56.744  1626  1804 I bbax    : (REDACTED) getHotwordActive::active query: %s, watch: %s, devices connected: %s
02-26 16:50:57.691  1488  2022 I ProtoXDBBufferWrapper: ProtoXDBBufferWrapper.flushToStorage():158 Flushed 8 data item(s) to storage.
02-26 16:51:00.235   734   909 W IPCThreadState: Sending oneway calls to frozen process.
02-26 16:51:00.258  2044  2044 I Finsky  : [2] Memory trim requested to level 40
02-26 16:51:00.259  2044  2044 I Finsky  : [2] Flushing in-memory image cache
02-26 16:51:00.260   734   840 D ActivityManager: sync unfroze 2044 com.android.vending for 6
02-26 16:51:00.263   734   840 D ActivityManager: sync unfroze 2522 com.android.vending:background for 6
02-26 16:51:00.264  2522  2522 I Finsky:background: [2] Memory trim requested to level 40
02-26 16:51:00.285  2044  2044 I Finsky  : [2] SCH: job service start with id 9493.
02-26 16:51:00.315  1336  5785 I NetworkScheduler.Stats: (REDACTED) Task %s/%s started execution. cause:%s exec_start_elapsed_seconds: %s
02-26 16:51:00.317  2044  5663 I Finsky  : [233] SCH: Satisfied jobs for 9493 are: 12-1
02-26 16:51:00.328  2044  5805 I Finsky  : [242] SCH: Job 12-1 starting
02-26 16:51:00.330  2044  2044 I Finsky  : [2] WM::SCH: Logging work start for 12-1
02-26 16:51:00.332  2044  2044 I Finsky  : [2] [ContentSync] job started
02-26 16:51:00.333  1336  5785 I TapAndPay: deviceSupportsHce has detected emulator [CONTEXT service_id=79 ]
02-26 16:51:00.336  1336  5785 I .gms.persistent: AssetManager2(0x7c25d7640c98) locale list changing from [] to [en-US]
02-26 16:51:00.340  1336  5785 I TapAndPay: NfcAdapter is null while obtaining CardEmulation instance. [CONTEXT service_id=79 ]
02-26 16:51:00.356  1336  5785 I NetworkScheduler.Stats: (REDACTED) Task %s/%s finished executing. cause:%s result: %s elapsed_millis: %s uptime_millis: %s exec_start_elapsed_seconds: %s
02-26 16:51:00.400  2044  5806 I Finsky  : [243] App states replicator found 7 unowned apps
02-26 16:51:00.404  2044  2230 I Finsky  : [55] Completed 0 account content syncs with 0 successful.
02-26 16:51:00.406  2044  2044 I Finsky  : [2] [ContentSync] Installation state replication succeeded.
02-26 16:51:00.406  2044  2044 I Finsky  : [2] SCH: jobFinished: 12-1. TimeElapsed: 76ms.
02-26 16:51:00.407  2044  2044 I Finsky  : [2] WM::SCH: Logging work end for 12-1
02-26 16:51:00.419  2044  2222 I Finsky  : [52] SCH: Scheduling phonesky job Id: 1-1337, CT: 1772123554694, Constraints: [{ L: 35049440, D: 78249440, C: CHARGING_NONE, I: IDLE_NONE, N: NET_ANY, B: BATTERY_ANY }]
02-26 16:51:00.422  2044  2226 I Finsky  : [53] SCH: Scheduling 1 system job(s)
02-26 16:51:00.423  2044  2226 I Finsky  : [53] SCH: Scheduling system job Id: 9496, L: 33943712, D: 77143712, C: false, I: false, N: 1
02-26 16:51:00.426  2044  5805 I Finsky  : [242] SCH: job service finished with id 9493.
02-26 16:51:00.428  2044  2044 I Finsky  : [2] Memory trim requested to level 40
02-26 16:51:00.428  2044  2044 I Finsky  : [2] Flushing in-memory image cache
02-26 16:51:00.428  2522  2522 I Finsky:background: [2] Memory trim requested to level 40
02-26 16:51:01.157  1154  1396 D SatelliteController: iisInCarrierRoamingNbIotNtn: satellite is disabled
02-26 16:51:01.607   734   851 D ActivityManager: freezing 4393 com.google.android.googlequicksearchbox:search
02-26 16:51:02.709  1756  1756 D BoundBrokerSvc: onUnbind: Intent { act=com.google.firebase.dynamiclinks.service.START xflg=0x4 pkg=com.google.android.gms }
02-26 16:51:03.694   734   980 D TelephonyManager: requestModemActivityInfo: Sending result to app: ModemActivityInfo{ mTimestamp=1197807 mSleepTimeMs=126 mIdleTimeMs=42 mActivityStatsTechSpecificInfo=[{mRat=UNKNOWN,mFrequencyRange=UNKNOWN,mTxTimeMs[]=[3, 9, 18, 24, 27],mRxTimeMs=27}]}
02-26 16:51:07.675  1488  1488 I VoiceInputManagerWrapper: VoiceInputManagerWrapper.shutdownVoiceInternal():139 shutdownVoiceInternal()
02-26 16:51:07.675  1488  1488 W NotificationCenter: NotificationCenter.unregisterListener():480 Listener guw@ea9fc7c was not registered for notification class luj
02-26 16:51:07.715   734   909 D InetDiagMessage: Destroyed 0 sockets, proto=IPPROTO_TCP, family=AF_INET, states=14
02-26 16:51:07.715   734   909 D InetDiagMessage: Destroyed 0 sockets, proto=IPPROTO_TCP, family=AF_INET6, states=14
02-26 16:51:07.715   734   909 D InetDiagMessage: Destroyed live tcp sockets for uids={10206} in 1ms
02-26 16:51:07.715   734   909 D InetDiagMessage: Destroyed 0 sockets, proto=IPPROTO_TCP, family=AF_INET, states=14
02-26 16:51:07.716   734   909 D InetDiagMessage: Destroyed 0 sockets, proto=IPPROTO_TCP, family=AF_INET6, states=14
02-26 16:51:07.716   734   909 D InetDiagMessage: Destroyed live tcp sockets for uids={20206} in 0ms
02-26 16:51:10.468   734   851 D ActivityManager: freezing 2044 com.android.vending
02-26 16:51:10.471   734   851 D ActivityManager: freezing 2522 com.android.vending:background
02-26 16:51:10.577   734   909 D InetDiagMessage: Destroyed 0 sockets, proto=IPPROTO_TCP, family=AF_INET, states=14
02-26 16:51:10.577   734   909 D InetDiagMessage: Destroyed 0 sockets, proto=IPPROTO_TCP, family=AF_INET6, states=14
02-26 16:51:10.577   734   909 D InetDiagMessage: Destroyed live tcp sockets for uids={10145} in 1ms
02-26 16:51:10.803   734   851 D ActivityManager: freezing 4496 com.android.keychain
02-26 16:51:11.155  1154  1396 D SatelliteController: iisInCarrierRoamingNbIotNtn: satellite is disabled
02-26 16:51:11.856  1336  5785 I AlarmManager: setExactAndAllowWhileIdle [name: GCM_HB_ALARM type: 2 triggerAtMillis: 1265974]
02-26 16:51:11.869  1336  5785 W WakeLock: GCM_HB_ALARM release without a matched acquire! [CONTEXT service_id=259 ]
02-26 16:51:11.897  1336  5117 V NativeCrypto: Read error: ssl=0x7c2647633818: I/O error during system call, Connection reset by peer
02-26 16:51:11.903  1336  5811 V NativeCrypto: SSL shutdown failed: ssl=0x7c2647633818: I/O error during system call, Broken pipe
02-26 16:51:11.904  1336  5811 W WakeLock: GCM_HB_ALARM release without a matched acquire! [CONTEXT service_id=259 ]
02-26 16:51:11.904  1336  5811 W WakeLock: GCM_HB_ALARM counter does not exist
02-26 16:51:11.930  1336  1462 I TrafficStats: tagSocketFd(-1, 1031, -1) failed with errno-9
02-26 16:51:12.028  1336  5811 I AlarmManager: setExactAndAllowWhileIdle [name: GCM_HB_ALARM type: 2 triggerAtMillis: 1626145]
02-26 16:51:12.068  1336  5811 I AlarmManager: setExactAndAllowWhileIdle [name: GCM_HB_ALARM type: 2 triggerAtMillis: 1626186]
02-26 16:51:12.071  1336  5811 I AlarmManager: setExactAndAllowWhileIdle [name: GCM_HB_ALARM type: 2 triggerAtMillis: 1626189]
02-26 16:51:12.714   734   851 D ActivityManager: freezing 1756 com.google.android.gms
02-26 16:51:12.714   734   851 D ActivityManager: freezing 4270 com.google.android.adservices.api
02-26 16:51:12.810   734   909 D InetDiagMessage: Destroyed 0 sockets, proto=IPPROTO_TCP, family=AF_INET, states=14
02-26 16:51:12.810   734   909 D InetDiagMessage: Destroyed 0 sockets, proto=IPPROTO_TCP, family=AF_INET6, states=14
02-26 16:51:12.810   734   909 D InetDiagMessage: Destroyed live tcp sockets for uids={10206} in 1ms
02-26 16:51:12.854  1336  1336 D BoundBrokerSvc: onRebind: Intent { act=com.google.android.gms.libs.gmscorelogger.service.START dat=chimera-action:/... xflg=0x4 cmp=com.google.android.gms/.chimera.PersistentDirectBootAwareApiService }
02-26 16:51:21.152  1154  1396 D SatelliteController: iisInCarrierRoamingNbIotNtn: satellite is disabled
02-26 16:51:27.867  1336  1336 D BoundBrokerSvc: onUnbind: Intent { act=com.google.android.gms.libs.gmscorelogger.service.START dat=chimera-action:/... xflg=0x4 cmp=com.google.android.gms/.chimera.PersistentDirectBootAwareApiService }
02-26 16:51:29.964   734   839 I UsageStatsService: User[0] Flushing usage stats to disk
02-26 16:51:30.009   734   965 D BackgroundInstallControlService: Package event received: 0
02-26 16:51:31.153  1154  1396 D SatelliteController: iisInCarrierRoamingNbIotNtn: satellite is disabled
02-26 16:51:41.152  1154  1396 D SatelliteController: iisInCarrierRoamingNbIotNtn: satellite is disabled
02-26 16:51:51.152  1154  1396 D SatelliteController: iisInCarrierRoamingNbIotNtn: satellite is disabled
02-26 16:51:56.744  1626  1808 I bbax    : (REDACTED) getHotwordActive::active query: %s, watch: %s, devices connected: %s
02-26 16:52:01.152  1154  1396 D SatelliteController: iisInCarrierRoamingNbIotNtn: satellite is disabled
02-26 16:52:11.152  1154  1396 D SatelliteController: iisInCarrierRoamingNbIotNtn: satellite is disabled
02-26 16:52:21.065  1014  1257 D ControlsListingControllerImpl: Subscribing callback, service count: 0
02-26 16:52:21.068  1014  1257 D ControlsListingControllerImpl: Unsubscribing callback
02-26 16:52:21.152  1154  1396 D SatelliteController: iisInCarrierRoamingNbIotNtn: satellite is disabled
02-26 16:52:21.282  1014  1257 I QuickAccessWalletTile: QAW service is unavailable, recreating the wallet client.
02-26 16:52:26.982   734   965 D BackgroundInstallControlService: Package event received: 0
02-26 16:52:31.152  1154  1396 D SatelliteController: iisInCarrierRoamingNbIotNtn: satellite is disabled
02-26 16:52:41.152  1154  1396 D SatelliteController: iisInCarrierRoamingNbIotNtn: satellite is disabled
02-26 16:52:51.152  1154  1396 D SatelliteController: iisInCarrierRoamingNbIotNtn: satellite is disabled
02-26 16:52:54.686   734   840 D ActivityManager: sync unfroze 2044 com.android.vending for 6
02-26 16:52:54.691  2044  2352 I PlayCommon: [64] Preparing logs for uploading
02-26 16:52:54.693  2044  2352 W PlayCommon: [64] No account for auth token provided
02-26 16:52:54.694  2044  2352 I PlayCommon: [64] Connecting to server: https://play.googleapis.com/play/log?format=raw&proto_v2=true
02-26 16:52:54.708   734   840 D ActivityManager: sync unfroze 2522 com.android.vending:background for 6
02-26 16:52:54.729   734  2302 W ProcessStats: Tracking association SourceState{8886666 com.android.vending:background/10145 ImpBg #3972} whose proc state 6 is better than process ProcessState{e449dd5 com.android.vending/10145 pkg=com.android.vending} proc state 14 (4 skipped)
02-26 16:52:54.730  2044  2044 I Finsky  : [2] SCH: job service start with id 9489.
02-26 16:52:54.739  2044  5828 I Finsky  : [248] SCH: Satisfied jobs for 9489 are: 10-4
02-26 16:52:54.749  2044  5827 I Finsky  : [247] SCH: Job 10-4 starting
02-26 16:52:54.750  2044  2044 I Finsky  : [2] WM::SCH: Logging work start for 10-4
02-26 16:52:54.797  2044  5833 I Finsky  : [251] AF: Checkbox is disabled because isCheckboxEnabled() returned false, or was cancelled, or failed.
02-26 16:52:54.797  2044  5833 I Finsky  : [251] AF: appUsageCollection is disabled because isAppUsageCollectionEnabled() returned false, or was cancelled, or failed.
02-26 16:52:54.828  2044  2352 I PlayCommon: [64] Successfully uploaded logs.
02-26 16:52:54.838  2044  2352 E PlayCommon: [64] Error reading the content of the response body: java.io.EOFException
02-26 16:52:54.859  2044  5833 I Finsky  : [251] AU2: current managed auto update config: AUTO_UPDATE_POLICY_UNSPECIFIED
02-26 16:52:54.860  2044  5833 I Finsky  : [251] AU2: current managed auto update config: AUTO_UPDATE_POLICY_UNSPECIFIED
02-26 16:52:54.898  2044  5833 I Finsky  : [251] SCH: jobFinished: 10-4. TimeElapsed: 149ms.
02-26 16:52:54.901  2044  5833 I Finsky  : [251] WM::SCH: Logging work end for 10-4
02-26 16:52:54.924  2044  2222 I Finsky  : [52] SCH: Scheduling phonesky job Id: 26-1414141414, CT: 1772123523085, Constraints: [{ L: 43199999, D: 44099999, C: CHARGING_NONE, I: IDLE_NONE, N: NET_NONE, B: BATTERY_ANY }]
02-26 16:52:54.928  2044  2238 I Finsky  : [56] SCH: Scheduling 1 system job(s)
02-26 16:52:54.928  2044  2238 W JobInfo : Job 'com.android.vending/com.google.android.finsky.scheduler.process.mainimpl.PhoneskyJobServiceMain#9497' has a deadline with no functional constraints. The deadline won't improve job execution latency. Consider removing the deadline.
02-26 16:52:54.928  2044  2238 I Finsky  : [56] SCH: Scheduling system job Id: 9497, L: 41948156, D: 42848156, C: false, I: false, N: 0
02-26 16:52:54.929   734  1737 W JobInfo : Job 'com.android.vending/com.google.android.finsky.scheduler.process.mainimpl.PhoneskyJobServiceMain#9497' has a deadline with no functional constraints. The deadline won't improve job execution latency. Consider removing the deadline.
02-26 16:52:54.936  2044  5827 I Finsky  : [247] SCH: job service finished with id 9489.
02-26 16:52:54.946  2044  2044 I Finsky  : [2] Memory trim requested to level 40
02-26 16:52:54.946  2044  2044 I Finsky  : [2] Flushing in-memory image cache
02-26 16:52:54.946  2522  2522 I Finsky:background: [2] Memory trim requested to level 40
02-26 16:52:56.747  1626  1808 I bbax    : (REDACTED) getHotwordActive::active query: %s, watch: %s, devices connected: %s
02-26 16:53:01.153  1154  1396 D SatelliteController: iisInCarrierRoamingNbIotNtn: satellite is disabled
02-26 16:53:03.843   734  1737 D WifiNl80211Manager: Scan result ready event
02-26 16:53:03.843   734  1737 D WifiNative: Scan result ready event
02-26 16:53:03.844  1336  1751 I WifiScanner: onFullResults
02-26 16:53:03.844  1336  1363 I WifiScanner: onFullResults
02-26 16:53:03.846   734   901 I HalDevMgr: bestIfaceCreationProposal is null, requestIface=STA, existingIface=[name=wlan0 type=STA]
02-26 16:53:04.948   734   851 D ActivityManager: freezing 2044 com.android.vending
02-26 16:53:04.948   734   851 D ActivityManager: freezing 2522 com.android.vending:background
02-26 16:53:05.020   734   909 D InetDiagMessage: Destroyed 0 sockets, proto=IPPROTO_TCP, family=AF_INET, states=14
02-26 16:53:05.020   734   909 D InetDiagMessage: Destroyed 0 sockets, proto=IPPROTO_TCP, family=AF_INET6, states=14
02-26 16:53:05.020   734   909 D InetDiagMessage: Destroyed live tcp sockets for uids={10145} in 1ms
02-26 16:53:11.154  1154  1396 D SatelliteController: iisInCarrierRoamingNbIotNtn: satellite is disabled
02-26 16:53:21.154  1154  1396 D SatelliteController: iisInCarrierRoamingNbIotNtn: satellite is disabled
02-26 16:53:31.154  1154  1396 D SatelliteController: iisInCarrierRoamingNbIotNtn: satellite is disabled
02-26 16:53:33.439  1101  1305 I bluetooth: system/gd/hci/le_address_manager.cc:576 GetNextPrivateAddressIntervalRange: client=LeAddressManager, nonwake=7m0s, wake=14m50s
02-26 16:53:33.445  1101  1305 I bluetooth: system/gd/hci/le_address_manager.cc:777 OnCommandComplete: Received command complete with op_code LE_SET_RANDOM_ADDRESS(0x2005)
02-26 16:53:33.445  1101  1305 I bluetooth: system/gd/hci/le_address_manager.cc:797 OnCommandComplete: update random address : xx:xx:xx:xx:68:5b
02-26 16:53:33.445  1101  1305 I bluetooth: system/gd/hci/le_address_manager.cc:392 resume_registered_clients: Resuming registered clients
02-26 16:53:33.445  1101  1305 I bluetooth: system/gd/hci/le_scanning_manager.cc:601 stop_scan: Scanning already stopped, return!
02-26 16:53:41.155  1154  1396 D SatelliteController: iisInCarrierRoamingNbIotNtn: satellite is disabled
02-26 16:53:43.209  1097  1247 D ApfFilter: (wlan0): Ignoring RA RA fe80::2 -> ff02::1 1800s fec0::/64 86400s/14400s  which matches RA fe80::2 -> ff02::1 1800s fec0::/64 86400s/14400s 
02-26 16:53:47.207   734   840 D ActivityManager: sync unfroze 3884 com.android.vending:instant_app_installer for 6
02-26 16:53:47.223  3884  3884 D ActivityThread: Package [com.example.proyectofinal] reported as REPLACED, but missing application info. Assuming REMOVED.
02-26 16:53:47.225  3884  3884 D ActivityThread: Package [com.example.proyectofinal] reported as REPLACED, but missing application info. Assuming REMOVED.
02-26 16:53:47.225  3884  3884 D ActivityThread: Package [com.example.proyectofinal] reported as REPLACED, but missing application info. Assuming REMOVED.
02-26 16:53:47.226  3884  3884 D ActivityThread: Package [com.example.proyectofinal] reported as REPLACED, but missing application info. Assuming REMOVED.
02-26 16:53:47.226  3884  3884 D ActivityThread: Package [com.example.proyectofinal] reported as REPLACED, but missing application info. Assuming REMOVED.
02-26 16:53:47.226  3884  3884 D ActivityThread: Package [com.example.proyectofinal] reported as REPLACED, but missing application info. Assuming REMOVED.
02-26 16:53:47.226  3884  3884 D ActivityThread: Package [com.example.proyectofinal] reported as REPLACED, but missing application info. Assuming REMOVED.
02-26 16:53:47.226  3884  3884 D ActivityThread: Package [com.example.proyectofinal] reported as REPLACED, but missing application info. Assuming REMOVED.
02-26 16:53:47.273   734   980 W ProcessStats: Tracking association SourceState{7a547c1 system/1000 ImpBg #3977} whose proc state 6 is better than process ProcessState{e97101d com.android.vending:instant_app_installer/10145 pkg=com.android.vending} proc state 15 (2 skipped)
02-26 16:53:47.291  3884  4020 I PlayCommon: [53] Preparing logs for uploading
02-26 16:53:47.294   734   980 W JobScheduler: Job didn't exist in JobStore: f37aa7c #u0a145/165064389 com.android.vending/com.google.android.finsky.instantapps.metrics.LogFlushJob
02-26 16:53:47.297  3884  4020 W PlayCommon: [53] No account for auth token provided
02-26 16:53:47.302  3884  4020 I PlayCommon: [53] Connecting to server: https://play.googleapis.com/play/log?format=raw&proto_v2=true
02-26 16:53:47.398  3884  4020 I PlayCommon: [53] Successfully uploaded logs.
02-26 16:53:47.646  3884  3895 W t_app_installer: Reducing the number of considered missed Gc histogram windows from 120 to 100
02-26 16:53:51.159  1154  1396 D SatelliteController: iisInCarrierRoamingNbIotNtn: satellite is disabled
02-26 16:53:54.720   734   784 E BluetoothPowerStatsCollector: Cannot acquire BluetoothActivityEnergyInfo
02-26 16:53:54.720   734   784 E BluetoothPowerStatsCollector: java.util.concurrent.ExecutionException: java.lang.RuntimeException: error: 11
02-26 16:53:54.720   734   784 E BluetoothPowerStatsCollector: 	at java.util.concurrent.CompletableFuture.reportGet(CompletableFuture.java:372)
02-26 16:53:54.720   734   784 E BluetoothPowerStatsCollector: 	at java.util.concurrent.CompletableFuture.get(CompletableFuture.java:2072)
02-26 16:53:54.720   734   784 E BluetoothPowerStatsCollector: 	at com.android.server.power.stats.BluetoothPowerStatsCollector.collectBluetoothActivityInfo(BluetoothPowerStatsCollector.java:192)
02-26 16:53:54.720   734   784 E BluetoothPowerStatsCollector: 	at com.android.server.power.stats.BluetoothPowerStatsCollector.collectStats(BluetoothPowerStatsCollector.java:155)
02-26 16:53:54.720   734   784 E BluetoothPowerStatsCollector: 	at com.android.server.power.stats.PowerStatsCollector.collectAndDeliverStats(PowerStatsCollector.java:176)
02-26 16:53:54.720   734   784 E BluetoothPowerStatsCollector: 	at com.android.server.power.stats.PowerStatsCollector$$ExternalSyntheticLambda0.run(R8$$SyntheticClass:0)
02-26 16:53:54.720   734   784 E BluetoothPowerStatsCollector: 	at android.os.Handler.handleCallback(Handler.java:995)
02-26 16:53:54.720   734   784 E BluetoothPowerStatsCollector: 	at android.os.Handler.dispatchMessage(Handler.java:103)
02-26 16:53:54.720   734   784 E BluetoothPowerStatsCollector: 	at android.os.Looper.loopOnce(Looper.java:248)
02-26 16:53:54.720   734   784 E BluetoothPowerStatsCollector: 	at android.os.Looper.loop(Looper.java:338)
02-26 16:53:54.720   734   784 E BluetoothPowerStatsCollector: 	at android.os.HandlerThread.run(HandlerThread.java:85)
02-26 16:53:54.720   734   784 E BluetoothPowerStatsCollector: Caused by: java.lang.RuntimeException: error: 11
02-26 16:53:54.720   734   784 E BluetoothPowerStatsCollector: 	at com.android.server.power.stats.BluetoothPowerStatsCollector$1.onBluetoothActivityEnergyInfoError(BluetoothPowerStatsCollector.java:181)
02-26 16:53:54.720   734   784 E BluetoothPowerStatsCollector: 	at android.bluetooth.BluetoothAdapter$OnBluetoothActivityEnergyInfoProxy.lambda$onBluetoothActivityEnergyInfoAvailable$0(BluetoothAdapter.java:1037)
02-26 16:53:54.720   734   784 E BluetoothPowerStatsCollector: 	at android.bluetooth.BluetoothAdapter$OnBluetoothActivityEnergyInfoProxy$$ExternalSyntheticLambda1.run(D8$$SyntheticClass:0)
02-26 16:53:54.720   734   784 E BluetoothPowerStatsCollector: 	at android.bluetooth.BluetoothUtils.lambda$executeFromBinder$0(BluetoothUtils.java:343)
02-26 16:53:54.720   734   784 E BluetoothPowerStatsCollector: 	at android.bluetooth.BluetoothUtils$$ExternalSyntheticLambda1.run(D8$$SyntheticClass:0)
02-26 16:53:54.720   734   784 E BluetoothPowerStatsCollector: 	at com.android.server.SystemServerInitThreadPool$$ExternalSyntheticLambda0.execute(R8$$SyntheticClass:0)
02-26 16:53:54.720   734   784 E BluetoothPowerStatsCollector: 	at android.bluetooth.BluetoothUtils.executeFromBinder(BluetoothUtils.java:343)
02-26 16:53:54.720   734   784 E BluetoothPowerStatsCollector: 	at android.bluetooth.BluetoothAdapter$OnBluetoothActivityEnergyInfoProxy.onBluetoothActivityEnergyInfoAvailable(BluetoothAdapter.java:1035)
02-26 16:53:54.720   734   784 E BluetoothPowerStatsCollector: 	at android.bluetooth.IBluetoothActivityEnergyInfoListener$Stub.onTransact(IBluetoothActivityEnergyInfoListener.java:98)
02-26 16:53:54.720   734   784 E BluetoothPowerStatsCollector: 	at android.os.Binder.execTransactInternal(Binder.java:1426)
02-26 16:53:54.720   734   784 E BluetoothPowerStatsCollector: 	at android.os.Binder.execTransact(Binder.java:1365)
02-26 16:53:56.139   734  2302 W AppOps  : Noting op not finished: uid 10147 pkg com.google.android.gms code 113 startTime of in progress event=1772123520048
02-26 16:53:56.143   734   980 W AppOps  : Noting op not finished: uid 10147 pkg com.google.android.gms code 79 startTime of in progress event=1772123561296
02-26 16:53:56.145  1336  1997 I ActivityScheduler: nextTriggerTime: 1608363, in 238100ms, detectorType: 39, FULL_TYPE alarmWindowMillis: 80000
02-26 16:53:56.745  1626  1808 I bbax    : (REDACTED) getHotwordActive::active query: %s, watch: %s, devices connected: %s
02-26 16:53:57.142   734   826 W AppOps  : Noting op not finished: uid 10147 pkg com.google.android.gms code 113 startTime of in progress event=1772123520048
02-26 16:53:57.315   734   851 D ActivityManager: freezing 3884 com.android.vending:instant_app_installer
02-26 16:53:57.317   734   909 D InetDiagMessage: Destroyed 0 sockets, proto=IPPROTO_TCP, family=AF_INET, states=14
02-26 16:53:57.318   734   909 D InetDiagMessage: Destroyed 1 sockets, proto=IPPROTO_TCP, family=AF_INET6, states=14
02-26 16:53:57.318   734   909 D InetDiagMessage: Destroyed live tcp sockets for uids={10145} in 3ms
